[35m[1mConsolidate compiler generated dependencies of target radar_map_builder[0m
[100%] Built target radar_map_builder
-- Install configuration: ""
-- Up-to-date: /home/wei/fire_scout_ws/install/fire_scout_mapping/lib/fire_scout_mapping/radar_map_builder
-- Up-to-date: /home/wei/fire_scout_ws/install/fire_scout_mapping/share/fire_scout_mapping/launch
-- Up-to-date: /home/wei/fire_scout_ws/install/fire_scout_mapping/share/fire_scout_mapping/launch/planning_map.launch.py
-- Up-to-date: /home/wei/fire_scout_ws/install/fire_scout_mapping/share/fire_scout_mapping/launch/radar_mapping.launch.py
-- Up-to-date: /home/wei/fire_scout_ws/install/fire_scout_mapping/share/ament_index/resource_index/package_run_dependencies/fire_scout_mapping
-- Up-to-date: /home/wei/fire_scout_ws/install/fire_scout_mapping/share/ament_index/resource_index/parent_prefix_path/fire_scout_mapping
-- Up-to-date: /home/wei/fire_scout_ws/install/fire_scout_mapping/share/fire_scout_mapping/environment/ament_prefix_path.sh
-- Up-to-date: /home/wei/fire_scout_ws/install/fire_scout_mapping/share/fire_scout_mapping/environment/ament_prefix_path.dsv
-- Up-to-date: /home/wei/fire_scout_ws/install/fire_scout_mapping/share/fire_scout_mapping/environment/path.sh
-- Up-to-date: /home/wei/fire_scout_ws/install/fire_scout_mapping/share/fire_scout_mapping/environment/path.dsv
-- Up-to-date: /home/wei/fire_scout_ws/install/fire_scout_mapping/share/fire_scout_mapping/local_setup.bash
-- Up-to-date: /home/wei/fire_scout_ws/install/fire_scout_mapping/share/fire_scout_mapping/local_setup.sh
-- Up-to-date: /home/wei/fire_scout_ws/install/fire_scout_mapping/share/fire_scout_mapping/local_setup.zsh
-- Up-to-date: /home/wei/fire_scout_ws/install/fire_scout_mapping/share/fire_scout_mapping/local_setup.dsv
-- Installing: /home/wei/fire_scout_ws/install/fire_scout_mapping/share/fire_scout_mapping/package.dsv
-- Up-to-date: /home/wei/fire_scout_ws/install/fire_scout_mapping/share/ament_index/resource_index/packages/fire_scout_mapping
-- Up-to-date: /home/wei/fire_scout_ws/install/fire_scout_mapping/share/fire_scout_mapping/cmake/fire_scout_mappingConfig.cmake
-- Up-to-date: /home/wei/fire_scout_ws/install/fire_scout_mapping/share/fire_scout_mapping/cmake/fire_scout_mappingConfig-version.cmake
-- Up-to-date: /home/wei/fire_scout_ws/install/fire_scout_mapping/share/fire_scout_mapping/package.xml
