[0.012s] Invoking command in '/home/wei/fire_scout_ws/build/fire_scout_mapping': AMENT_PREFIX_PATH=/home/wei/fire_scout_ws/install/fire_scout_planning_safe:/home/wei/fire_scout_ws/install/px4_msgs:${AMENT_PREFIX_PATH} CMAKE_PREFIX_PATH=/home/wei/fire_scout_ws/install/fire_scout_planning_safe:/home/wei/fire_scout_ws/install/px4_msgs:/opt/ros/humble LD_LIBRARY_PATH=/home/wei/fire_scout_ws/install/px4_msgs/lib:${LD_LIBRARY_PATH} PYTHONPATH=/home/wei/fire_scout_ws/install/px4_msgs/local/lib/python3.10/dist-packages:${PYTHONPATH} /usr/bin/cmake --build /home/wei/fire_scout_ws/build/fire_scout_mapping -- -j32 -l32
[0.056s] [35m[1mConsolidate compiler generated dependencies of target radar_map_builder[0m
[0.073s] [100%] Built target radar_map_builder
[0.082s] Invoked command in '/home/wei/fire_scout_ws/build/fire_scout_mapping' returned '0': AMENT_PREFIX_PATH=/home/wei/fire_scout_ws/install/fire_scout_planning_safe:/home/wei/fire_scout_ws/install/px4_msgs:${AMENT_PREFIX_PATH} CMAKE_PREFIX_PATH=/home/wei/fire_scout_ws/install/fire_scout_planning_safe:/home/wei/fire_scout_ws/install/px4_msgs:/opt/ros/humble LD_LIBRARY_PATH=/home/wei/fire_scout_ws/install/px4_msgs/lib:${LD_LIBRARY_PATH} PYTHONPATH=/home/wei/fire_scout_ws/install/px4_msgs/local/lib/python3.10/dist-packages:${PYTHONPATH} /usr/bin/cmake --build /home/wei/fire_scout_ws/build/fire_scout_mapping -- -j32 -l32
[0.084s] Invoking command in '/home/wei/fire_scout_ws/build/fire_scout_mapping': AMENT_PREFIX_PATH=/home/wei/fire_scout_ws/install/fire_scout_planning_safe:/home/wei/fire_scout_ws/install/px4_msgs:${AMENT_PREFIX_PATH} CMAKE_PREFIX_PATH=/home/wei/fire_scout_ws/install/fire_scout_planning_safe:/home/wei/fire_scout_ws/install/px4_msgs:/opt/ros/humble LD_LIBRARY_PATH=/home/wei/fire_scout_ws/install/px4_msgs/lib:${LD_LIBRARY_PATH} PYTHONPATH=/home/wei/fire_scout_ws/install/px4_msgs/local/lib/python3.10/dist-packages:${PYTHONPATH} /usr/bin/cmake --install /home/wei/fire_scout_ws/build/fire_scout_mapping
[0.090s] -- Install configuration: ""
[0.091s] -- Up-to-date: /home/wei/fire_scout_ws/install/fire_scout_mapping/lib/fire_scout_mapping/radar_map_builder
[0.091s] -- Up-to-date: /home/wei/fire_scout_ws/install/fire_scout_mapping/share/fire_scout_mapping/launch
[0.091s] -- Up-to-date: /home/wei/fire_scout_ws/install/fire_scout_mapping/share/fire_scout_mapping/launch/planning_map.launch.py
[0.091s] -- Up-to-date: /home/wei/fire_scout_ws/install/fire_scout_mapping/share/fire_scout_mapping/launch/radar_mapping.launch.py
[0.091s] -- Up-to-date: /home/wei/fire_scout_ws/install/fire_scout_mapping/share/ament_index/resource_index/package_run_dependencies/fire_scout_mapping
[0.091s] -- Up-to-date: /home/wei/fire_scout_ws/install/fire_scout_mapping/share/ament_index/resource_index/parent_prefix_path/fire_scout_mapping
[0.091s] -- Up-to-date: /home/wei/fire_scout_ws/install/fire_scout_mapping/share/fire_scout_mapping/environment/ament_prefix_path.sh
[0.091s] -- Up-to-date: /home/wei/fire_scout_ws/install/fire_scout_mapping/share/fire_scout_mapping/environment/ament_prefix_path.dsv
[0.091s] -- Up-to-date: /home/wei/fire_scout_ws/install/fire_scout_mapping/share/fire_scout_mapping/environment/path.sh
[0.091s] -- Up-to-date: /home/wei/fire_scout_ws/install/fire_scout_mapping/share/fire_scout_mapping/environment/path.dsv
[0.091s] -- Up-to-date: /home/wei/fire_scout_ws/install/fire_scout_mapping/share/fire_scout_mapping/local_setup.bash
[0.092s] -- Up-to-date: /home/wei/fire_scout_ws/install/fire_scout_mapping/share/fire_scout_mapping/local_setup.sh
[0.092s] -- Up-to-date: /home/wei/fire_scout_ws/install/fire_scout_mapping/share/fire_scout_mapping/local_setup.zsh
[0.092s] -- Up-to-date: /home/wei/fire_scout_ws/install/fire_scout_mapping/share/fire_scout_mapping/local_setup.dsv
[0.092s] -- Installing: /home/wei/fire_scout_ws/install/fire_scout_mapping/share/fire_scout_mapping/package.dsv
[0.092s] -- Up-to-date: /home/wei/fire_scout_ws/install/fire_scout_mapping/share/ament_index/resource_index/packages/fire_scout_mapping
[0.092s] -- Up-to-date: /home/wei/fire_scout_ws/install/fire_scout_mapping/share/fire_scout_mapping/cmake/fire_scout_mappingConfig.cmake
[0.092s] -- Up-to-date: /home/wei/fire_scout_ws/install/fire_scout_mapping/share/fire_scout_mapping/cmake/fire_scout_mappingConfig-version.cmake
[0.092s] -- Up-to-date: /home/wei/fire_scout_ws/install/fire_scout_mapping/share/fire_scout_mapping/package.xml
[0.093s] Invoked command in '/home/wei/fire_scout_ws/build/fire_scout_mapping' returned '0': AMENT_PREFIX_PATH=/home/wei/fire_scout_ws/install/fire_scout_planning_safe:/home/wei/fire_scout_ws/install/px4_msgs:${AMENT_PREFIX_PATH} CMAKE_PREFIX_PATH=/home/wei/fire_scout_ws/install/fire_scout_planning_safe:/home/wei/fire_scout_ws/install/px4_msgs:/opt/ros/humble LD_LIBRARY_PATH=/home/wei/fire_scout_ws/install/px4_msgs/lib:${LD_LIBRARY_PATH} PYTHONPATH=/home/wei/fire_scout_ws/install/px4_msgs/local/lib/python3.10/dist-packages:${PYTHONPATH} /usr/bin/cmake --install /home/wei/fire_scout_ws/build/fire_scout_mapping
