-- Install configuration: ""
-- Up-to-date: /home/wei/fire_scout_ws/install/fire_scout_bringup/share/fire_scout_bringup/launch
-- Up-to-date: /home/wei/fire_scout_ws/install/fire_scout_bringup/share/fire_scout_bringup/launch/single_scout.launch.py
-- Up-to-date: /home/wei/fire_scout_ws/install/fire_scout_bringup/share/fire_scout_bringup/launch/multi_scout.launch.py
-- Up-to-date: /home/wei/fire_scout_ws/install/fire_scout_bringup/share/fire_scout_bringup/docs
-- Up-to-date: /home/wei/fire_scout_ws/install/fire_scout_bringup/share/fire_scout_bringup/docs/TF_STARTUP_TROUBLESHOOTING_ZH.md
-- Up-to-date: /home/wei/fire_scout_ws/install/fire_scout_bringup/lib/fire_scout_bringup/start_radar_bridge.sh
-- Up-to-date: /home/wei/fire_scout_ws/install/fire_scout_bringup/lib/fire_scout_bringup/diagnose_multi_tf.sh
-- Up-to-date: /home/wei/fire_scout_ws/install/fire_scout_bringup/share/ament_index/resource_index/package_run_dependencies/fire_scout_bringup
-- Up-to-date: /home/wei/fire_scout_ws/install/fire_scout_bringup/share/ament_index/resource_index/parent_prefix_path/fire_scout_bringup
-- Up-to-date: /home/wei/fire_scout_ws/install/fire_scout_bringup/share/fire_scout_bringup/environment/ament_prefix_path.sh
-- Up-to-date: /home/wei/fire_scout_ws/install/fire_scout_bringup/share/fire_scout_bringup/environment/ament_prefix_path.dsv
-- Up-to-date: /home/wei/fire_scout_ws/install/fire_scout_bringup/share/fire_scout_bringup/environment/path.sh
-- Up-to-date: /home/wei/fire_scout_ws/install/fire_scout_bringup/share/fire_scout_bringup/environment/path.dsv
-- Up-to-date: /home/wei/fire_scout_ws/install/fire_scout_bringup/share/fire_scout_bringup/local_setup.bash
-- Up-to-date: /home/wei/fire_scout_ws/install/fire_scout_bringup/share/fire_scout_bringup/local_setup.sh
-- Up-to-date: /home/wei/fire_scout_ws/install/fire_scout_bringup/share/fire_scout_bringup/local_setup.zsh
-- Up-to-date: /home/wei/fire_scout_ws/install/fire_scout_bringup/share/fire_scout_bringup/local_setup.dsv
-- Up-to-date: /home/wei/fire_scout_ws/install/fire_scout_bringup/share/fire_scout_bringup/package.dsv
-- Up-to-date: /home/wei/fire_scout_ws/install/fire_scout_bringup/share/ament_index/resource_index/packages/fire_scout_bringup
-- Up-to-date: /home/wei/fire_scout_ws/install/fire_scout_bringup/share/fire_scout_bringup/cmake/fire_scout_bringupConfig.cmake
-- Up-to-date: /home/wei/fire_scout_ws/install/fire_scout_bringup/share/fire_scout_bringup/cmake/fire_scout_bringupConfig-version.cmake
-- Up-to-date: /home/wei/fire_scout_ws/install/fire_scout_bringup/share/fire_scout_bringup/package.xml
