[0.009s] Invoking command in '/home/wei/fire_scout_ws/build/fire_scout_bringup': AMENT_PREFIX_PATH=/home/wei/fire_scout_ws/install/fire_scout_sensors:/home/wei/fire_scout_ws/install/fire_scout_localization:/home/wei/fire_scout_ws/install/px4_msgs:${AMENT_PREFIX_PATH} CMAKE_PREFIX_PATH=/home/wei/fire_scout_ws/install/fire_scout_sensors:/home/wei/fire_scout_ws/install/fire_scout_localization:/home/wei/fire_scout_ws/install/px4_msgs:/opt/ros/humble LD_LIBRARY_PATH=/home/wei/fire_scout_ws/install/px4_msgs/lib:${LD_LIBRARY_PATH} PYTHONPATH=/home/wei/fire_scout_ws/install/px4_msgs/local/lib/python3.10/dist-packages:${PYTHONPATH} /usr/bin/cmake --build /home/wei/fire_scout_ws/build/fire_scout_bringup -- -j32 -l32
[0.038s] Invoked command in '/home/wei/fire_scout_ws/build/fire_scout_bringup' returned '0': AMENT_PREFIX_PATH=/home/wei/fire_scout_ws/install/fire_scout_sensors:/home/wei/fire_scout_ws/install/fire_scout_localization:/home/wei/fire_scout_ws/install/px4_msgs:${AMENT_PREFIX_PATH} CMAKE_PREFIX_PATH=/home/wei/fire_scout_ws/install/fire_scout_sensors:/home/wei/fire_scout_ws/install/fire_scout_localization:/home/wei/fire_scout_ws/install/px4_msgs:/opt/ros/humble LD_LIBRARY_PATH=/home/wei/fire_scout_ws/install/px4_msgs/lib:${LD_LIBRARY_PATH} PYTHONPATH=/home/wei/fire_scout_ws/install/px4_msgs/local/lib/python3.10/dist-packages:${PYTHONPATH} /usr/bin/cmake --build /home/wei/fire_scout_ws/build/fire_scout_bringup -- -j32 -l32
[0.039s] Invoking command in '/home/wei/fire_scout_ws/build/fire_scout_bringup': AMENT_PREFIX_PATH=/home/wei/fire_scout_ws/install/fire_scout_sensors:/home/wei/fire_scout_ws/install/fire_scout_localization:/home/wei/fire_scout_ws/install/px4_msgs:${AMENT_PREFIX_PATH} CMAKE_PREFIX_PATH=/home/wei/fire_scout_ws/install/fire_scout_sensors:/home/wei/fire_scout_ws/install/fire_scout_localization:/home/wei/fire_scout_ws/install/px4_msgs:/opt/ros/humble LD_LIBRARY_PATH=/home/wei/fire_scout_ws/install/px4_msgs/lib:${LD_LIBRARY_PATH} PYTHONPATH=/home/wei/fire_scout_ws/install/px4_msgs/local/lib/python3.10/dist-packages:${PYTHONPATH} /usr/bin/cmake --install /home/wei/fire_scout_ws/build/fire_scout_bringup
[0.046s] -- Install configuration: ""
[0.046s] -- Up-to-date: /home/wei/fire_scout_ws/install/fire_scout_bringup/share/fire_scout_bringup/launch
[0.046s] -- Up-to-date: /home/wei/fire_scout_ws/install/fire_scout_bringup/share/fire_scout_bringup/launch/single_scout.launch.py
[0.046s] -- Up-to-date: /home/wei/fire_scout_ws/install/fire_scout_bringup/share/fire_scout_bringup/launch/multi_scout.launch.py
[0.046s] -- Up-to-date: /home/wei/fire_scout_ws/install/fire_scout_bringup/share/fire_scout_bringup/docs
[0.046s] -- Up-to-date: /home/wei/fire_scout_ws/install/fire_scout_bringup/share/fire_scout_bringup/docs/TF_STARTUP_TROUBLESHOOTING_ZH.md
[0.046s] -- Up-to-date: /home/wei/fire_scout_ws/install/fire_scout_bringup/lib/fire_scout_bringup/start_radar_bridge.sh
[0.046s] -- Up-to-date: /home/wei/fire_scout_ws/install/fire_scout_bringup/lib/fire_scout_bringup/diagnose_multi_tf.sh
[0.046s] -- Up-to-date: /home/wei/fire_scout_ws/install/fire_scout_bringup/share/ament_index/resource_index/package_run_dependencies/fire_scout_bringup
[0.046s] -- Up-to-date: /home/wei/fire_scout_ws/install/fire_scout_bringup/share/ament_index/resource_index/parent_prefix_path/fire_scout_bringup
[0.046s] -- Up-to-date: /home/wei/fire_scout_ws/install/fire_scout_bringup/share/fire_scout_bringup/environment/ament_prefix_path.sh
[0.046s] -- Up-to-date: /home/wei/fire_scout_ws/install/fire_scout_bringup/share/fire_scout_bringup/environment/ament_prefix_path.dsv
[0.046s] -- Up-to-date: /home/wei/fire_scout_ws/install/fire_scout_bringup/share/fire_scout_bringup/environment/path.sh
[0.046s] -- Up-to-date: /home/wei/fire_scout_ws/install/fire_scout_bringup/share/fire_scout_bringup/environment/path.dsv
[0.046s] -- Up-to-date: /home/wei/fire_scout_ws/install/fire_scout_bringup/share/fire_scout_bringup/local_setup.bash
[0.046s] -- Up-to-date: /home/wei/fire_scout_ws/install/fire_scout_bringup/share/fire_scout_bringup/local_setup.sh
[0.046s] -- Up-to-date: /home/wei/fire_scout_ws/install/fire_scout_bringup/share/fire_scout_bringup/local_setup.zsh
[0.046s] -- Up-to-date: /home/wei/fire_scout_ws/install/fire_scout_bringup/share/fire_scout_bringup/local_setup.dsv
[0.046s] -- Up-to-date: /home/wei/fire_scout_ws/install/fire_scout_bringup/share/fire_scout_bringup/package.dsv
[0.046s] -- Up-to-date: /home/wei/fire_scout_ws/install/fire_scout_bringup/share/ament_index/resource_index/packages/fire_scout_bringup
[0.046s] -- Up-to-date: /home/wei/fire_scout_ws/install/fire_scout_bringup/share/fire_scout_bringup/cmake/fire_scout_bringupConfig.cmake
[0.047s] -- Up-to-date: /home/wei/fire_scout_ws/install/fire_scout_bringup/share/fire_scout_bringup/cmake/fire_scout_bringupConfig-version.cmake
[0.047s] -- Up-to-date: /home/wei/fire_scout_ws/install/fire_scout_bringup/share/fire_scout_bringup/package.xml
[0.048s] Invoked command in '/home/wei/fire_scout_ws/build/fire_scout_bringup' returned '0': AMENT_PREFIX_PATH=/home/wei/fire_scout_ws/install/fire_scout_sensors:/home/wei/fire_scout_ws/install/fire_scout_localization:/home/wei/fire_scout_ws/install/px4_msgs:${AMENT_PREFIX_PATH} CMAKE_PREFIX_PATH=/home/wei/fire_scout_ws/install/fire_scout_sensors:/home/wei/fire_scout_ws/install/fire_scout_localization:/home/wei/fire_scout_ws/install/px4_msgs:/opt/ros/humble LD_LIBRARY_PATH=/home/wei/fire_scout_ws/install/px4_msgs/lib:${LD_LIBRARY_PATH} PYTHONPATH=/home/wei/fire_scout_ws/install/px4_msgs/local/lib/python3.10/dist-packages:${PYTHONPATH} /usr/bin/cmake --install /home/wei/fire_scout_ws/build/fire_scout_bringup
