-- The C compiler identification is GNU 11.4.0
-- The CXX compiler identification is GNU 11.4.0
-- Detecting C compiler ABI info
-- Detecting C compiler ABI info - done
-- Check for working C compiler: /usr/bin/cc - skipped
-- Detecting C compile features
-- Detecting C compile features - done
-- Detecting CXX compiler ABI info
-- Detecting CXX compiler ABI info - done
-- Check for working CXX compiler: /usr/bin/c++ - skipped
-- Detecting CXX compile features
-- Detecting CXX compile features - done
-- Fire Scout 2.0.3: building mapping, fusion, planning and follower ROS nodes
-- Looking for pthread.h
-- Looking for pthread.h - found
-- Performing Test CMAKE_HAVE_LIBC_PTHREAD
-- Performing Test CMAKE_HAVE_LIBC_PTHREAD - Success
-- Found Threads: TRUE  
-- Found ament_cmake: 1.3.14 (/opt/ros/humble/share/ament_cmake/cmake)
-- Found Python3: /usr/bin/python3 (found version "3.10.12") found components: Interpreter 
-- Override CMake install command with custom implementation using symlinks instead of copying resources
-- Found rclcpp: 16.0.19 (/opt/ros/humble/share/rclcpp/cmake)
-- Found rosidl_generator_c: 3.1.8 (/opt/ros/humble/share/rosidl_generator_c/cmake)
-- Found rosidl_adapter: 3.1.8 (/opt/ros/humble/share/rosidl_adapter/cmake)
-- Found rosidl_generator_cpp: 3.1.8 (/opt/ros/humble/share/rosidl_generator_cpp/cmake)
-- Using all available rosidl_typesupport_c: rosidl_typesupport_fastrtps_c;rosidl_typesupport_introspection_c
-- Using all available rosidl_typesupport_cpp: rosidl_typesupport_fastrtps_cpp;rosidl_typesupport_introspection_cpp
-- Found rmw_implementation_cmake: 6.1.2 (/opt/ros/humble/share/rmw_implementation_cmake/cmake)
-- Found rmw_cyclonedds_cpp: 1.3.4 (/opt/ros/humble/share/rmw_cyclonedds_cpp/cmake)
-- Using RMW implementation 'rmw_cyclonedds_cpp' as default
-- Found sensor_msgs: 4.9.1 (/opt/ros/humble/share/sensor_msgs/cmake)
-- Found nav_msgs: 4.9.1 (/opt/ros/humble/share/nav_msgs/cmake)
-- Found std_srvs: 4.9.1 (/opt/ros/humble/share/std_srvs/cmake)
-- Found tf2: 0.25.22 (/opt/ros/humble/share/tf2/cmake)
-- Found tf2_ros: 0.25.22 (/opt/ros/humble/share/tf2_ros/cmake)
-- Found px4_msgs: 2.0.1 (/home/wei/fire_scout_ws/install/px4_msgs/share/px4_msgs/cmake)
-- Configuring done
-- Generating done
-- Build files have been written to: /home/wei/fire_scout_ws/build/fire_scout_planning_safe
[  2%] [32mBuilding CXX object CMakeFiles/multi_uav_map_fusion.dir/src/multi_uav_map_fusion.cpp.o[0m
[  5%] [32mBuilding CXX object CMakeFiles/route_switch_test.dir/tests/route_switch_test.cpp.o[0m
[  8%] [32mBuilding CXX object CMakeFiles/v2_coordination_test.dir/tests/v2_coordination_test.cpp.o[0m
[ 11%] [32mBuilding CXX object CMakeFiles/v2_local_retime_test.dir/tests/v2_local_retime_test.cpp.o[0m
[ 13%] [32mBuilding CXX object CMakeFiles/racer_task_allocator.dir/src/racer_task_allocator.cpp.o[0m
[ 16%] [32mBuilding CXX object CMakeFiles/incremental_repair_v19_test.dir/tests/incremental_repair_v19_test.cpp.o[0m
[ 19%] [32mBuilding CXX object CMakeFiles/ultrasonic_memory_test.dir/tests/ultrasonic_memory_test.cpp.o[0m
[ 25%] [32mBuilding CXX object CMakeFiles/v2_topology_routes_test.dir/tests/v2_topology_routes_test.cpp.o[0m
[ 25%] [32mBuilding CXX object CMakeFiles/radar_free_space_mapper.dir/src/radar_free_space_mapper.cpp.o[0m
[ 27%] [32mBuilding CXX object CMakeFiles/coordination_components_test.dir/tests/coordination_components_test.cpp.o[0m
[ 33%] [32mBuilding CXX object CMakeFiles/v2_horizon_topology_test.dir/tests/v2_horizon_topology_test.cpp.o[0m
[ 33%] [32mBuilding CXX object CMakeFiles/safe_airfar_like_planner.dir/src/safe_airfar_like_planner.cpp.o[0m
[ 36%] [32mBuilding CXX object CMakeFiles/passage_coordinator.dir/src/passage_coordinator.cpp.o[0m
[ 38%] [32mBuilding CXX object CMakeFiles/follower_alignment_test.dir/tests/follower_alignment_test.cpp.o[0m
[ 41%] [32mBuilding CXX object CMakeFiles/safe_airfar_path_follower.dir/src/safe_airfar_path_follower.cpp.o[0m
[ 44%] [32mBuilding CXX object CMakeFiles/v2_trajectory_test.dir/tests/v2_trajectory_test.cpp.o[0m
[ 47%] [32mBuilding CXX object CMakeFiles/v2_tracking_guard_test.dir/tests/v2_tracking_guard_test.cpp.o[0m
[ 50%] [32mBuilding CXX object CMakeFiles/v2_execution_transition_test.dir/tests/v2_execution_transition_test.cpp.o[0m
[ 52%] [32m[1mLinking CXX executable route_switch_test[0m
[ 52%] Built target route_switch_test
[ 55%] [32m[1mLinking CXX executable ultrasonic_memory_test[0m
[ 55%] Built target ultrasonic_memory_test
[ 58%] [32m[1mLinking CXX executable v2_local_retime_test[0m
[ 61%] [32m[1mLinking CXX executable follower_alignment_test[0m
[ 61%] Built target v2_local_retime_test
[ 61%] Built target follower_alignment_test
[ 63%] [32m[1mLinking CXX executable coordination_components_test[0m
[ 63%] Built target coordination_components_test
[ 66%] [32m[1mLinking CXX executable v2_tracking_guard_test[0m
[ 69%] [32m[1mLinking CXX executable incremental_repair_v19_test[0m
[ 69%] Built target v2_tracking_guard_test
[ 69%] Built target incremental_repair_v19_test
[ 72%] [32m[1mLinking CXX executable v2_trajectory_test[0m
[ 72%] Built target v2_trajectory_test
[ 75%] [32m[1mLinking CXX executable v2_execution_transition_test[0m
[ 75%] Built target v2_execution_transition_test
[ 77%] [32m[1mLinking CXX executable v2_topology_routes_test[0m
[ 80%] [32m[1mLinking CXX executable v2_horizon_topology_test[0m
[ 80%] Built target v2_topology_routes_test
[ 80%] Built target v2_horizon_topology_test
[ 83%] [32m[1mLinking CXX executable v2_coordination_test[0m
[ 83%] Built target v2_coordination_test
[ 86%] [32m[1mLinking CXX executable passage_coordinator[0m
[ 86%] Built target passage_coordinator
[ 88%] [32m[1mLinking CXX executable multi_uav_map_fusion[0m
[ 91%] [32m[1mLinking CXX executable radar_free_space_mapper[0m
[ 91%] Built target multi_uav_map_fusion
[ 91%] Built target radar_free_space_mapper
[ 94%] [32m[1mLinking CXX executable racer_task_allocator[0m
[ 94%] Built target racer_task_allocator
[ 97%] [32m[1mLinking CXX executable safe_airfar_path_follower[0m
[ 97%] Built target safe_airfar_path_follower
