-- The C compiler identification is GNU 11.4.0
-- The CXX compiler identification is GNU 11.4.0
-- Detecting C compiler ABI info
-- Detecting C compiler ABI info - done
-- Check for working C compiler: /usr/bin/cc - skipped
-- Detecting C compile features
-- Detecting C compile features - done
-- Detecting CXX compiler ABI info
-- Detecting CXX compiler ABI info - done
-- Check for working CXX compiler: /usr/bin/c++ - skipped
-- Detecting CXX compile features
-- Detecting CXX compile features - done
-- Found ament_cmake: 1.3.14 (/opt/ros/humble/share/ament_cmake/cmake)
-- Found Python3: /usr/bin/python3 (found version "3.10.12") found components: Interpreter 
-- Configuring done
-- Generating done
-- Build files have been written to: /home/wei/fire_scout_ws/build/fire_scout_gazebo
-- Install configuration: ""
-- Installing: /home/wei/fire_scout_ws/install/fire_scout_gazebo/share/fire_scout_gazebo/worlds
-- Installing: /home/wei/fire_scout_ws/install/fire_scout_gazebo/share/fire_scout_gazebo/worlds/fire_scout_floor（复件）.sdf
-- Installing: /home/wei/fire_scout_ws/install/fire_scout_gazebo/share/fire_scout_gazebo/worlds/fire_scout_floor.sdf
-- Installing: /home/wei/fire_scout_ws/install/fire_scout_gazebo/share/ament_index/resource_index/package_run_dependencies/fire_scout_gazebo
-- Installing: /home/wei/fire_scout_ws/install/fire_scout_gazebo/share/ament_index/resource_index/parent_prefix_path/fire_scout_gazebo
-- Installing: /home/wei/fire_scout_ws/install/fire_scout_gazebo/share/fire_scout_gazebo/environment/ament_prefix_path.sh
-- Installing: /home/wei/fire_scout_ws/install/fire_scout_gazebo/share/fire_scout_gazebo/environment/ament_prefix_path.dsv
-- Installing: /home/wei/fire_scout_ws/install/fire_scout_gazebo/share/fire_scout_gazebo/environment/path.sh
-- Installing: /home/wei/fire_scout_ws/install/fire_scout_gazebo/share/fire_scout_gazebo/environment/path.dsv
-- Installing: /home/wei/fire_scout_ws/install/fire_scout_gazebo/share/fire_scout_gazebo/local_setup.bash
-- Installing: /home/wei/fire_scout_ws/install/fire_scout_gazebo/share/fire_scout_gazebo/local_setup.sh
-- Installing: /home/wei/fire_scout_ws/install/fire_scout_gazebo/share/fire_scout_gazebo/local_setup.zsh
-- Installing: /home/wei/fire_scout_ws/install/fire_scout_gazebo/share/fire_scout_gazebo/local_setup.dsv
-- Installing: /home/wei/fire_scout_ws/install/fire_scout_gazebo/share/fire_scout_gazebo/package.dsv
-- Installing: /home/wei/fire_scout_ws/install/fire_scout_gazebo/share/ament_index/resource_index/packages/fire_scout_gazebo
-- Installing: /home/wei/fire_scout_ws/install/fire_scout_gazebo/share/fire_scout_gazebo/cmake/fire_scout_gazeboConfig.cmake
-- Installing: /home/wei/fire_scout_ws/install/fire_scout_gazebo/share/fire_scout_gazebo/cmake/fire_scout_gazeboConfig-version.cmake
-- Installing: /home/wei/fire_scout_ws/install/fire_scout_gazebo/share/fire_scout_gazebo/package.xml
