[0.006s] Invoking command in '/home/wei/fire_scout_ws/build/fire_scout_gazebo': CMAKE_PREFIX_PATH=/opt/ros/humble /usr/bin/cmake /home/wei/fire_scout_ws/src/fire_scout_gazebo -DCMAKE_INSTALL_PREFIX=/home/wei/fire_scout_ws/install/fire_scout_gazebo
[0.054s] -- The C compiler identification is GNU 11.4.0
[0.097s] -- The CXX compiler identification is GNU 11.4.0
[0.102s] -- Detecting C compiler ABI info
[0.157s] -- Detecting C compiler ABI info - done
[0.162s] -- Check for working C compiler: /usr/bin/cc - skipped
[0.162s] -- Detecting C compile features
[0.163s] -- Detecting C compile features - done
[0.165s] -- Detecting CXX compiler ABI info
[0.229s] -- Detecting CXX compiler ABI info - done
[0.237s] -- Check for working CXX compiler: /usr/bin/c++ - skipped
[0.237s] -- Detecting CXX compile features
[0.238s] -- Detecting CXX compile features - done
[0.240s] -- Found ament_cmake: 1.3.14 (/opt/ros/humble/share/ament_cmake/cmake)
[0.351s] -- Found Python3: /usr/bin/python3 (found version "3.10.12") found components: Interpreter 
[0.459s] -- Configuring done
[0.460s] -- Generating done
[0.461s] -- Build files have been written to: /home/wei/fire_scout_ws/build/fire_scout_gazebo
[0.465s] Invoked command in '/home/wei/fire_scout_ws/build/fire_scout_gazebo' returned '0': CMAKE_PREFIX_PATH=/opt/ros/humble /usr/bin/cmake /home/wei/fire_scout_ws/src/fire_scout_gazebo -DCMAKE_INSTALL_PREFIX=/home/wei/fire_scout_ws/install/fire_scout_gazebo
[0.466s] Invoking command in '/home/wei/fire_scout_ws/build/fire_scout_gazebo': CMAKE_PREFIX_PATH=/opt/ros/humble /usr/bin/cmake --build /home/wei/fire_scout_ws/build/fire_scout_gazebo -- -j32 -l32
[0.497s] Invoked command in '/home/wei/fire_scout_ws/build/fire_scout_gazebo' returned '0': CMAKE_PREFIX_PATH=/opt/ros/humble /usr/bin/cmake --build /home/wei/fire_scout_ws/build/fire_scout_gazebo -- -j32 -l32
[0.505s] Invoking command in '/home/wei/fire_scout_ws/build/fire_scout_gazebo': CMAKE_PREFIX_PATH=/opt/ros/humble /usr/bin/cmake --install /home/wei/fire_scout_ws/build/fire_scout_gazebo
[0.509s] -- Install configuration: ""
[0.509s] -- Installing: /home/wei/fire_scout_ws/install/fire_scout_gazebo/share/fire_scout_gazebo/worlds
[0.510s] -- Installing: /home/wei/fire_scout_ws/install/fire_scout_gazebo/share/fire_scout_gazebo/worlds/fire_scout_floor（复件）.sdf
[0.510s] -- Installing: /home/wei/fire_scout_ws/install/fire_scout_gazebo/share/fire_scout_gazebo/worlds/fire_scout_floor.sdf
[0.510s] -- Installing: /home/wei/fire_scout_ws/install/fire_scout_gazebo/share/ament_index/resource_index/package_run_dependencies/fire_scout_gazebo
[0.510s] -- Installing: /home/wei/fire_scout_ws/install/fire_scout_gazebo/share/ament_index/resource_index/parent_prefix_path/fire_scout_gazebo
[0.510s] -- Installing: /home/wei/fire_scout_ws/install/fire_scout_gazebo/share/fire_scout_gazebo/environment/ament_prefix_path.sh
[0.510s] -- Installing: /home/wei/fire_scout_ws/install/fire_scout_gazebo/share/fire_scout_gazebo/environment/ament_prefix_path.dsv
[0.510s] -- Installing: /home/wei/fire_scout_ws/install/fire_scout_gazebo/share/fire_scout_gazebo/environment/path.sh
[0.510s] -- Installing: /home/wei/fire_scout_ws/install/fire_scout_gazebo/share/fire_scout_gazebo/environment/path.dsv
[0.510s] -- Installing: /home/wei/fire_scout_ws/install/fire_scout_gazebo/share/fire_scout_gazebo/local_setup.bash
[0.511s] -- Installing: /home/wei/fire_scout_ws/install/fire_scout_gazebo/share/fire_scout_gazebo/local_setup.sh
[0.511s] -- Installing: /home/wei/fire_scout_ws/install/fire_scout_gazebo/share/fire_scout_gazebo/local_setup.zsh
[0.511s] -- Installing: /home/wei/fire_scout_ws/install/fire_scout_gazebo/share/fire_scout_gazebo/local_setup.dsv
[0.511s] -- Installing: /home/wei/fire_scout_ws/install/fire_scout_gazebo/share/fire_scout_gazebo/package.dsv
[0.511s] -- Installing: /home/wei/fire_scout_ws/install/fire_scout_gazebo/share/ament_index/resource_index/packages/fire_scout_gazebo
[0.511s] -- Installing: /home/wei/fire_scout_ws/install/fire_scout_gazebo/share/fire_scout_gazebo/cmake/fire_scout_gazeboConfig.cmake
[0.511s] -- Installing: /home/wei/fire_scout_ws/install/fire_scout_gazebo/share/fire_scout_gazebo/cmake/fire_scout_gazeboConfig-version.cmake
[0.511s] -- Installing: /home/wei/fire_scout_ws/install/fire_scout_gazebo/share/fire_scout_gazebo/package.xml
[0.512s] Invoked command in '/home/wei/fire_scout_ws/build/fire_scout_gazebo' returned '0': CMAKE_PREFIX_PATH=/opt/ros/humble /usr/bin/cmake --install /home/wei/fire_scout_ws/build/fire_scout_gazebo
