-- The C compiler identification is GNU 11.4.0
-- The CXX compiler identification is GNU 11.4.0
-- Detecting C compiler ABI info
-- Detecting C compiler ABI info - done
-- Check for working C compiler: /usr/bin/cc - skipped
-- Detecting C compile features
-- Detecting C compile features - done
-- Detecting CXX compiler ABI info
-- Detecting CXX compiler ABI info - done
-- Check for working CXX compiler: /usr/bin/c++ - skipped
-- Detecting CXX compile features
-- Detecting CXX compile features - done
-- Found ament_cmake: 1.3.14 (/opt/ros/humble/share/ament_cmake/cmake)
-- Found Python3: /usr/bin/python3 (found version "3.10.12") found components: Interpreter 
-- Found rclcpp: 16.0.19 (/opt/ros/humble/share/rclcpp/cmake)
-- Found rosidl_generator_c: 3.1.8 (/opt/ros/humble/share/rosidl_generator_c/cmake)
-- Found rosidl_adapter: 3.1.8 (/opt/ros/humble/share/rosidl_adapter/cmake)
-- Found rosidl_generator_cpp: 3.1.8 (/opt/ros/humble/share/rosidl_generator_cpp/cmake)
-- Using all available rosidl_typesupport_c: rosidl_typesupport_fastrtps_c;rosidl_typesupport_introspection_c
-- Using all available rosidl_typesupport_cpp: rosidl_typesupport_fastrtps_cpp;rosidl_typesupport_introspection_cpp
-- Found rmw_implementation_cmake: 6.1.2 (/opt/ros/humble/share/rmw_implementation_cmake/cmake)
-- Found rmw_cyclonedds_cpp: 1.3.4 (/opt/ros/humble/share/rmw_cyclonedds_cpp/cmake)
-- Using RMW implementation 'rmw_cyclonedds_cpp' as default
-- Looking for pthread.h
-- Looking for pthread.h - found
-- Performing Test CMAKE_HAVE_LIBC_PTHREAD
-- Performing Test CMAKE_HAVE_LIBC_PTHREAD - Success
-- Found Threads: TRUE  
-- Found px4_msgs: 2.0.1 (/home/wei/fire_scout_ws/install/px4_msgs/share/px4_msgs/cmake)
-- Found nav_msgs: 4.9.1 (/opt/ros/humble/share/nav_msgs/cmake)
-- Found tf2: 0.25.22 (/opt/ros/humble/share/tf2/cmake)
-- Found tf2_ros: 0.25.22 (/opt/ros/humble/share/tf2_ros/cmake)
-- Configuring done
-- Generating done
-- Build files have been written to: /home/wei/fire_scout_ws/build/fire_scout_localization
[ 50%] [32mBuilding CXX object CMakeFiles/px4_odom_adapter.dir/src/px4_odom_adapter.cpp.o[0m
[100%] [32m[1mLinking CXX executable px4_odom_adapter[0m
[100%] Built target px4_odom_adapter
-- Install configuration: ""
-- Installing: /home/wei/fire_scout_ws/install/fire_scout_localization/lib/fire_scout_localization/px4_odom_adapter
-- Set runtime path of "/home/wei/fire_scout_ws/install/fire_scout_localization/lib/fire_scout_localization/px4_odom_adapter" to ""
-- Installing: /home/wei/fire_scout_ws/install/fire_scout_localization/share/ament_index/resource_index/package_run_dependencies/fire_scout_localization
-- Installing: /home/wei/fire_scout_ws/install/fire_scout_localization/share/ament_index/resource_index/parent_prefix_path/fire_scout_localization
-- Installing: /home/wei/fire_scout_ws/install/fire_scout_localization/share/fire_scout_localization/environment/ament_prefix_path.sh
-- Installing: /home/wei/fire_scout_ws/install/fire_scout_localization/share/fire_scout_localization/environment/ament_prefix_path.dsv
-- Installing: /home/wei/fire_scout_ws/install/fire_scout_localization/share/fire_scout_localization/environment/path.sh
-- Installing: /home/wei/fire_scout_ws/install/fire_scout_localization/share/fire_scout_localization/environment/path.dsv
-- Installing: /home/wei/fire_scout_ws/install/fire_scout_localization/share/fire_scout_localization/local_setup.bash
-- Installing: /home/wei/fire_scout_ws/install/fire_scout_localization/share/fire_scout_localization/local_setup.sh
-- Installing: /home/wei/fire_scout_ws/install/fire_scout_localization/share/fire_scout_localization/local_setup.zsh
-- Installing: /home/wei/fire_scout_ws/install/fire_scout_localization/share/fire_scout_localization/local_setup.dsv
-- Installing: /home/wei/fire_scout_ws/install/fire_scout_localization/share/fire_scout_localization/package.dsv
-- Installing: /home/wei/fire_scout_ws/install/fire_scout_localization/share/ament_index/resource_index/packages/fire_scout_localization
-- Installing: /home/wei/fire_scout_ws/install/fire_scout_localization/share/fire_scout_localization/cmake/fire_scout_localizationConfig.cmake
-- Installing: /home/wei/fire_scout_ws/install/fire_scout_localization/share/fire_scout_localization/cmake/fire_scout_localizationConfig-version.cmake
-- Installing: /home/wei/fire_scout_ws/install/fire_scout_localization/share/fire_scout_localization/package.xml
