[0.014s] Invoking command in '/home/wei/fire_scout_ws/build/fire_scout_localization': AMENT_PREFIX_PATH=/home/wei/fire_scout_ws/install/px4_msgs:${AMENT_PREFIX_PATH} CMAKE_PREFIX_PATH=/home/wei/fire_scout_ws/install/px4_msgs:/opt/ros/humble LD_LIBRARY_PATH=/home/wei/fire_scout_ws/install/px4_msgs/lib:${LD_LIBRARY_PATH} PYTHONPATH=/home/wei/fire_scout_ws/install/px4_msgs/local/lib/python3.10/dist-packages:${PYTHONPATH} /usr/bin/cmake /home/wei/fire_scout_ws/src/fire_scout_localization -DCMAKE_INSTALL_PREFIX=/home/wei/fire_scout_ws/install/fire_scout_localization
[0.060s] -- The C compiler identification is GNU 11.4.0
[0.109s] -- The CXX compiler identification is GNU 11.4.0
[0.114s] -- Detecting C compiler ABI info
[0.175s] -- Detecting C compiler ABI info - done
[0.180s] -- Check for working C compiler: /usr/bin/cc - skipped
[0.180s] -- Detecting C compile features
[0.180s] -- Detecting C compile features - done
[0.183s] -- Detecting CXX compiler ABI info
[0.253s] -- Detecting CXX compiler ABI info - done
[0.259s] -- Check for working CXX compiler: /usr/bin/c++ - skipped
[0.259s] -- Detecting CXX compile features
[0.259s] -- Detecting CXX compile features - done
[0.261s] -- Found ament_cmake: 1.3.14 (/opt/ros/humble/share/ament_cmake/cmake)
[0.385s] -- Found Python3: /usr/bin/python3 (found version "3.10.12") found components: Interpreter 
[0.445s] -- Found rclcpp: 16.0.19 (/opt/ros/humble/share/rclcpp/cmake)
[0.473s] -- Found rosidl_generator_c: 3.1.8 (/opt/ros/humble/share/rosidl_generator_c/cmake)
[0.477s] -- Found rosidl_adapter: 3.1.8 (/opt/ros/humble/share/rosidl_adapter/cmake)
[0.483s] -- Found rosidl_generator_cpp: 3.1.8 (/opt/ros/humble/share/rosidl_generator_cpp/cmake)
[0.492s] -- Using all available rosidl_typesupport_c: rosidl_typesupport_fastrtps_c;rosidl_typesupport_introspection_c
[0.505s] -- Using all available rosidl_typesupport_cpp: rosidl_typesupport_fastrtps_cpp;rosidl_typesupport_introspection_cpp
[0.535s] -- Found rmw_implementation_cmake: 6.1.2 (/opt/ros/humble/share/rmw_implementation_cmake/cmake)
[0.536s] -- Found rmw_cyclonedds_cpp: 1.3.4 (/opt/ros/humble/share/rmw_cyclonedds_cpp/cmake)
[0.553s] -- Using RMW implementation 'rmw_cyclonedds_cpp' as default
[0.561s] -- Looking for pthread.h
[0.621s] -- Looking for pthread.h - found
[0.622s] -- Performing Test CMAKE_HAVE_LIBC_PTHREAD
[0.684s] -- Performing Test CMAKE_HAVE_LIBC_PTHREAD - Success
[0.685s] -- Found Threads: TRUE  
[0.720s] -- Found px4_msgs: 2.0.1 (/home/wei/fire_scout_ws/install/px4_msgs/share/px4_msgs/cmake)
[0.729s] -- Found nav_msgs: 4.9.1 (/opt/ros/humble/share/nav_msgs/cmake)
[0.751s] -- Found tf2: 0.25.22 (/opt/ros/humble/share/tf2/cmake)
[0.758s] -- Found tf2_ros: 0.25.22 (/opt/ros/humble/share/tf2_ros/cmake)
[0.865s] -- Configuring done
[0.874s] -- Generating done
[0.879s] -- Build files have been written to: /home/wei/fire_scout_ws/build/fire_scout_localization
[0.886s] Invoked command in '/home/wei/fire_scout_ws/build/fire_scout_localization' returned '0': AMENT_PREFIX_PATH=/home/wei/fire_scout_ws/install/px4_msgs:${AMENT_PREFIX_PATH} CMAKE_PREFIX_PATH=/home/wei/fire_scout_ws/install/px4_msgs:/opt/ros/humble LD_LIBRARY_PATH=/home/wei/fire_scout_ws/install/px4_msgs/lib:${LD_LIBRARY_PATH} PYTHONPATH=/home/wei/fire_scout_ws/install/px4_msgs/local/lib/python3.10/dist-packages:${PYTHONPATH} /usr/bin/cmake /home/wei/fire_scout_ws/src/fire_scout_localization -DCMAKE_INSTALL_PREFIX=/home/wei/fire_scout_ws/install/fire_scout_localization
[0.889s] Invoking command in '/home/wei/fire_scout_ws/build/fire_scout_localization': AMENT_PREFIX_PATH=/home/wei/fire_scout_ws/install/px4_msgs:${AMENT_PREFIX_PATH} CMAKE_PREFIX_PATH=/home/wei/fire_scout_ws/install/px4_msgs:/opt/ros/humble LD_LIBRARY_PATH=/home/wei/fire_scout_ws/install/px4_msgs/lib:${LD_LIBRARY_PATH} PYTHONPATH=/home/wei/fire_scout_ws/install/px4_msgs/local/lib/python3.10/dist-packages:${PYTHONPATH} /usr/bin/cmake --build /home/wei/fire_scout_ws/build/fire_scout_localization -- -j32 -l32
[0.938s] [ 50%] [32mBuilding CXX object CMakeFiles/px4_odom_adapter.dir/src/px4_odom_adapter.cpp.o[0m
[9.072s] [100%] [32m[1mLinking CXX executable px4_odom_adapter[0m
[9.493s] [100%] Built target px4_odom_adapter
[9.507s] Invoked command in '/home/wei/fire_scout_ws/build/fire_scout_localization' returned '0': AMENT_PREFIX_PATH=/home/wei/fire_scout_ws/install/px4_msgs:${AMENT_PREFIX_PATH} CMAKE_PREFIX_PATH=/home/wei/fire_scout_ws/install/px4_msgs:/opt/ros/humble LD_LIBRARY_PATH=/home/wei/fire_scout_ws/install/px4_msgs/lib:${LD_LIBRARY_PATH} PYTHONPATH=/home/wei/fire_scout_ws/install/px4_msgs/local/lib/python3.10/dist-packages:${PYTHONPATH} /usr/bin/cmake --build /home/wei/fire_scout_ws/build/fire_scout_localization -- -j32 -l32
[9.510s] Invoking command in '/home/wei/fire_scout_ws/build/fire_scout_localization': AMENT_PREFIX_PATH=/home/wei/fire_scout_ws/install/px4_msgs:${AMENT_PREFIX_PATH} CMAKE_PREFIX_PATH=/home/wei/fire_scout_ws/install/px4_msgs:/opt/ros/humble LD_LIBRARY_PATH=/home/wei/fire_scout_ws/install/px4_msgs/lib:${LD_LIBRARY_PATH} PYTHONPATH=/home/wei/fire_scout_ws/install/px4_msgs/local/lib/python3.10/dist-packages:${PYTHONPATH} /usr/bin/cmake --install /home/wei/fire_scout_ws/build/fire_scout_localization
[9.518s] -- Install configuration: ""
[9.518s] -- Installing: /home/wei/fire_scout_ws/install/fire_scout_localization/lib/fire_scout_localization/px4_odom_adapter
[9.521s] -- Set runtime path of "/home/wei/fire_scout_ws/install/fire_scout_localization/lib/fire_scout_localization/px4_odom_adapter" to ""
[9.521s] -- Installing: /home/wei/fire_scout_ws/install/fire_scout_localization/share/ament_index/resource_index/package_run_dependencies/fire_scout_localization
[9.521s] -- Installing: /home/wei/fire_scout_ws/install/fire_scout_localization/share/ament_index/resource_index/parent_prefix_path/fire_scout_localization
[9.521s] -- Installing: /home/wei/fire_scout_ws/install/fire_scout_localization/share/fire_scout_localization/environment/ament_prefix_path.sh
[9.521s] -- Installing: /home/wei/fire_scout_ws/install/fire_scout_localization/share/fire_scout_localization/environment/ament_prefix_path.dsv
[9.522s] -- Installing: /home/wei/fire_scout_ws/install/fire_scout_localization/share/fire_scout_localization/environment/path.sh
[9.522s] -- Installing: /home/wei/fire_scout_ws/install/fire_scout_localization/share/fire_scout_localization/environment/path.dsv
[9.522s] -- Installing: /home/wei/fire_scout_ws/install/fire_scout_localization/share/fire_scout_localization/local_setup.bash
[9.522s] -- Installing: /home/wei/fire_scout_ws/install/fire_scout_localization/share/fire_scout_localization/local_setup.sh
[9.522s] -- Installing: /home/wei/fire_scout_ws/install/fire_scout_localization/share/fire_scout_localization/local_setup.zsh
[9.522s] -- Installing: /home/wei/fire_scout_ws/install/fire_scout_localization/share/fire_scout_localization/local_setup.dsv
[9.522s] -- Installing: /home/wei/fire_scout_ws/install/fire_scout_localization/share/fire_scout_localization/package.dsv
[9.522s] -- Installing: /home/wei/fire_scout_ws/install/fire_scout_localization/share/ament_index/resource_index/packages/fire_scout_localization
[9.522s] -- Installing: /home/wei/fire_scout_ws/install/fire_scout_localization/share/fire_scout_localization/cmake/fire_scout_localizationConfig.cmake
[9.522s] -- Installing: /home/wei/fire_scout_ws/install/fire_scout_localization/share/fire_scout_localization/cmake/fire_scout_localizationConfig-version.cmake
[9.522s] -- Installing: /home/wei/fire_scout_ws/install/fire_scout_localization/share/fire_scout_localization/package.xml
[9.524s] Invoked command in '/home/wei/fire_scout_ws/build/fire_scout_localization' returned '0': AMENT_PREFIX_PATH=/home/wei/fire_scout_ws/install/px4_msgs:${AMENT_PREFIX_PATH} CMAKE_PREFIX_PATH=/home/wei/fire_scout_ws/install/px4_msgs:/opt/ros/humble LD_LIBRARY_PATH=/home/wei/fire_scout_ws/install/px4_msgs/lib:${LD_LIBRARY_PATH} PYTHONPATH=/home/wei/fire_scout_ws/install/px4_msgs/local/lib/python3.10/dist-packages:${PYTHONPATH} /usr/bin/cmake --install /home/wei/fire_scout_ws/build/fire_scout_localization
