[100%] Built target ultrasonic_to_px4
[100%] Built target mmwave_enricher
-- Install configuration: ""
-- Up-to-date: /home/wei/fire_scout_ws/install/fire_scout_sensors/lib/fire_scout_sensors/mmwave_enricher
-- Up-to-date: /home/wei/fire_scout_ws/install/fire_scout_sensors/lib/fire_scout_sensors/ultrasonic_to_px4
-- Up-to-date: /home/wei/fire_scout_ws/install/fire_scout_sensors/share/ament_index/resource_index/package_run_dependencies/fire_scout_sensors
-- Up-to-date: /home/wei/fire_scout_ws/install/fire_scout_sensors/share/ament_index/resource_index/parent_prefix_path/fire_scout_sensors
-- Up-to-date: /home/wei/fire_scout_ws/install/fire_scout_sensors/share/fire_scout_sensors/environment/ament_prefix_path.sh
-- Up-to-date: /home/wei/fire_scout_ws/install/fire_scout_sensors/share/fire_scout_sensors/environment/ament_prefix_path.dsv
-- Up-to-date: /home/wei/fire_scout_ws/install/fire_scout_sensors/share/fire_scout_sensors/environment/path.sh
-- Up-to-date: /home/wei/fire_scout_ws/install/fire_scout_sensors/share/fire_scout_sensors/environment/path.dsv
-- Up-to-date: /home/wei/fire_scout_ws/install/fire_scout_sensors/share/fire_scout_sensors/local_setup.bash
-- Up-to-date: /home/wei/fire_scout_ws/install/fire_scout_sensors/share/fire_scout_sensors/local_setup.sh
-- Up-to-date: /home/wei/fire_scout_ws/install/fire_scout_sensors/share/fire_scout_sensors/local_setup.zsh
-- Up-to-date: /home/wei/fire_scout_ws/install/fire_scout_sensors/share/fire_scout_sensors/local_setup.dsv
-- Installing: /home/wei/fire_scout_ws/install/fire_scout_sensors/share/fire_scout_sensors/package.dsv
-- Up-to-date: /home/wei/fire_scout_ws/install/fire_scout_sensors/share/ament_index/resource_index/packages/fire_scout_sensors
-- Up-to-date: /home/wei/fire_scout_ws/install/fire_scout_sensors/share/fire_scout_sensors/cmake/fire_scout_sensorsConfig.cmake
-- Up-to-date: /home/wei/fire_scout_ws/install/fire_scout_sensors/share/fire_scout_sensors/cmake/fire_scout_sensorsConfig-version.cmake
-- Up-to-date: /home/wei/fire_scout_ws/install/fire_scout_sensors/share/fire_scout_sensors/package.xml
