[0.014s] Invoking command in '/home/wei/fire_scout_ws/build/fire_scout_sensors': CMAKE_PREFIX_PATH=/home/wei/fire_scout_ws/install/px4_msgs:/home/wei/fire_scout_ws/install/fire_scout_bringup:/home/wei/fire_scout_ws/install/fire_scout_sensors:/home/wei/fire_scout_ws/install/fire_scout_mapping:/home/wei/fire_scout_ws/install/fire_scout_planning_safe:/home/wei/fire_scout_ws/install/fire_scout_localization:/home/wei/fire_scout_ws/install/fire_scout_control:/home/wei/fire_scout_ws/install/fire_scout_gazebo:/opt/ros/humble /usr/bin/cmake --build /home/wei/fire_scout_ws/build/fire_scout_sensors -- -j32 -l32
[0.065s] [100%] Built target ultrasonic_to_px4
[0.065s] [100%] Built target mmwave_enricher
[0.075s] Invoked command in '/home/wei/fire_scout_ws/build/fire_scout_sensors' returned '0': CMAKE_PREFIX_PATH=/home/wei/fire_scout_ws/install/px4_msgs:/home/wei/fire_scout_ws/install/fire_scout_bringup:/home/wei/fire_scout_ws/install/fire_scout_sensors:/home/wei/fire_scout_ws/install/fire_scout_mapping:/home/wei/fire_scout_ws/install/fire_scout_planning_safe:/home/wei/fire_scout_ws/install/fire_scout_localization:/home/wei/fire_scout_ws/install/fire_scout_control:/home/wei/fire_scout_ws/install/fire_scout_gazebo:/opt/ros/humble /usr/bin/cmake --build /home/wei/fire_scout_ws/build/fire_scout_sensors -- -j32 -l32
[0.078s] Invoking command in '/home/wei/fire_scout_ws/build/fire_scout_sensors': CMAKE_PREFIX_PATH=/home/wei/fire_scout_ws/install/px4_msgs:/home/wei/fire_scout_ws/install/fire_scout_bringup:/home/wei/fire_scout_ws/install/fire_scout_sensors:/home/wei/fire_scout_ws/install/fire_scout_mapping:/home/wei/fire_scout_ws/install/fire_scout_planning_safe:/home/wei/fire_scout_ws/install/fire_scout_localization:/home/wei/fire_scout_ws/install/fire_scout_control:/home/wei/fire_scout_ws/install/fire_scout_gazebo:/opt/ros/humble /usr/bin/cmake --install /home/wei/fire_scout_ws/build/fire_scout_sensors
[0.084s] -- Install configuration: ""
[0.084s] -- Up-to-date: /home/wei/fire_scout_ws/install/fire_scout_sensors/lib/fire_scout_sensors/mmwave_enricher
[0.084s] -- Up-to-date: /home/wei/fire_scout_ws/install/fire_scout_sensors/lib/fire_scout_sensors/ultrasonic_to_px4
[0.085s] -- Up-to-date: /home/wei/fire_scout_ws/install/fire_scout_sensors/share/ament_index/resource_index/package_run_dependencies/fire_scout_sensors
[0.085s] -- Up-to-date: /home/wei/fire_scout_ws/install/fire_scout_sensors/share/ament_index/resource_index/parent_prefix_path/fire_scout_sensors
[0.085s] -- Up-to-date: /home/wei/fire_scout_ws/install/fire_scout_sensors/share/fire_scout_sensors/environment/ament_prefix_path.sh
[0.085s] -- Up-to-date: /home/wei/fire_scout_ws/install/fire_scout_sensors/share/fire_scout_sensors/environment/ament_prefix_path.dsv
[0.085s] -- Up-to-date: /home/wei/fire_scout_ws/install/fire_scout_sensors/share/fire_scout_sensors/environment/path.sh
[0.085s] -- Up-to-date: /home/wei/fire_scout_ws/install/fire_scout_sensors/share/fire_scout_sensors/environment/path.dsv
[0.085s] -- Up-to-date: /home/wei/fire_scout_ws/install/fire_scout_sensors/share/fire_scout_sensors/local_setup.bash
[0.085s] -- Up-to-date: /home/wei/fire_scout_ws/install/fire_scout_sensors/share/fire_scout_sensors/local_setup.sh
[0.085s] -- Up-to-date: /home/wei/fire_scout_ws/install/fire_scout_sensors/share/fire_scout_sensors/local_setup.zsh
[0.085s] -- Up-to-date: /home/wei/fire_scout_ws/install/fire_scout_sensors/share/fire_scout_sensors/local_setup.dsv
[0.086s] -- Installing: /home/wei/fire_scout_ws/install/fire_scout_sensors/share/fire_scout_sensors/package.dsv
[0.086s] -- Up-to-date: /home/wei/fire_scout_ws/install/fire_scout_sensors/share/ament_index/resource_index/packages/fire_scout_sensors
[0.086s] -- Up-to-date: /home/wei/fire_scout_ws/install/fire_scout_sensors/share/fire_scout_sensors/cmake/fire_scout_sensorsConfig.cmake
[0.086s] -- Up-to-date: /home/wei/fire_scout_ws/install/fire_scout_sensors/share/fire_scout_sensors/cmake/fire_scout_sensorsConfig-version.cmake
[0.086s] -- Up-to-date: /home/wei/fire_scout_ws/install/fire_scout_sensors/share/fire_scout_sensors/package.xml
[0.087s] Invoked command in '/home/wei/fire_scout_ws/build/fire_scout_sensors' returned '0': CMAKE_PREFIX_PATH=/home/wei/fire_scout_ws/install/px4_msgs:/home/wei/fire_scout_ws/install/fire_scout_bringup:/home/wei/fire_scout_ws/install/fire_scout_sensors:/home/wei/fire_scout_ws/install/fire_scout_mapping:/home/wei/fire_scout_ws/install/fire_scout_planning_safe:/home/wei/fire_scout_ws/install/fire_scout_localization:/home/wei/fire_scout_ws/install/fire_scout_control:/home/wei/fire_scout_ws/install/fire_scout_gazebo:/opt/ros/humble /usr/bin/cmake --install /home/wei/fire_scout_ws/build/fire_scout_sensors
