[0.007s] Invoking command in '/home/wei/fire_scout_ws/build/fire_scout_gazebo': CMAKE_PREFIX_PATH=/opt/ros/humble /usr/bin/cmake --build /home/wei/fire_scout_ws/build/fire_scout_gazebo -- -j32 -l32
[0.037s] Invoked command in '/home/wei/fire_scout_ws/build/fire_scout_gazebo' returned '0': CMAKE_PREFIX_PATH=/opt/ros/humble /usr/bin/cmake --build /home/wei/fire_scout_ws/build/fire_scout_gazebo -- -j32 -l32
[0.046s] Invoking command in '/home/wei/fire_scout_ws/build/fire_scout_gazebo': CMAKE_PREFIX_PATH=/opt/ros/humble /usr/bin/cmake --install /home/wei/fire_scout_ws/build/fire_scout_gazebo
[0.051s] -- Install configuration: ""
[0.051s] -- Up-to-date: /home/wei/fire_scout_ws/install/fire_scout_gazebo/share/fire_scout_gazebo/worlds
[0.051s] -- Up-to-date: /home/wei/fire_scout_ws/install/fire_scout_gazebo/share/fire_scout_gazebo/worlds/fire_scout_floor（复件）.sdf
[0.051s] -- Up-to-date: /home/wei/fire_scout_ws/install/fire_scout_gazebo/share/fire_scout_gazebo/worlds/fire_scout_floor.sdf
[0.051s] -- Up-to-date: /home/wei/fire_scout_ws/install/fire_scout_gazebo/share/ament_index/resource_index/package_run_dependencies/fire_scout_gazebo
[0.051s] -- Up-to-date: /home/wei/fire_scout_ws/install/fire_scout_gazebo/share/ament_index/resource_index/parent_prefix_path/fire_scout_gazebo
[0.052s] -- Up-to-date: /home/wei/fire_scout_ws/install/fire_scout_gazebo/share/fire_scout_gazebo/environment/ament_prefix_path.sh
[0.052s] -- Up-to-date: /home/wei/fire_scout_ws/install/fire_scout_gazebo/share/fire_scout_gazebo/environment/ament_prefix_path.dsv
[0.052s] -- Up-to-date: /home/wei/fire_scout_ws/install/fire_scout_gazebo/share/fire_scout_gazebo/environment/path.sh
[0.052s] -- Up-to-date: /home/wei/fire_scout_ws/install/fire_scout_gazebo/share/fire_scout_gazebo/environment/path.dsv
[0.053s] -- Up-to-date: /home/wei/fire_scout_ws/install/fire_scout_gazebo/share/fire_scout_gazebo/local_setup.bash
[0.053s] -- Up-to-date: /home/wei/fire_scout_ws/install/fire_scout_gazebo/share/fire_scout_gazebo/local_setup.sh
[0.053s] -- Up-to-date: /home/wei/fire_scout_ws/install/fire_scout_gazebo/share/fire_scout_gazebo/local_setup.zsh
[0.054s] -- Up-to-date: /home/wei/fire_scout_ws/install/fire_scout_gazebo/share/fire_scout_gazebo/local_setup.dsv
[0.054s] -- Up-to-date: /home/wei/fire_scout_ws/install/fire_scout_gazebo/share/fire_scout_gazebo/package.dsv
[0.054s] -- Up-to-date: /home/wei/fire_scout_ws/install/fire_scout_gazebo/share/ament_index/resource_index/packages/fire_scout_gazebo
[0.054s] -- Up-to-date: /home/wei/fire_scout_ws/install/fire_scout_gazebo/share/fire_scout_gazebo/cmake/fire_scout_gazeboConfig.cmake
[0.054s] -- Up-to-date: /home/wei/fire_scout_ws/install/fire_scout_gazebo/share/fire_scout_gazebo/cmake/fire_scout_gazeboConfig-version.cmake
[0.054s] -- Up-to-date: /home/wei/fire_scout_ws/install/fire_scout_gazebo/share/fire_scout_gazebo/package.xml
[0.054s] Invoked command in '/home/wei/fire_scout_ws/build/fire_scout_gazebo' returned '0': CMAKE_PREFIX_PATH=/opt/ros/humble /usr/bin/cmake --install /home/wei/fire_scout_ws/build/fire_scout_gazebo
