[0.015s] Invoking command in '/home/wei/fire_scout_ws/build/fire_scout_sensors': AMENT_PREFIX_PATH=/home/wei/fire_scout_ws/install/px4_msgs:${AMENT_PREFIX_PATH} CMAKE_PREFIX_PATH=/home/wei/fire_scout_ws/install/px4_msgs:/opt/ros/humble LD_LIBRARY_PATH=/home/wei/fire_scout_ws/install/px4_msgs/lib:${LD_LIBRARY_PATH} PYTHONPATH=/home/wei/fire_scout_ws/install/px4_msgs/local/lib/python3.10/dist-packages:${PYTHONPATH} /usr/bin/cmake --build /home/wei/fire_scout_ws/build/fire_scout_sensors -- -j32 -l32
[0.051s] [35m[1mConsolidate compiler generated dependencies of target ultrasonic_to_px4[0m
[0.051s] [35m[1mConsolidate compiler generated dependencies of target mmwave_enricher[0m
[0.071s] [ 50%] Built target mmwave_enricher
[0.072s] [100%] Built target ultrasonic_to_px4
[0.085s] Invoked command in '/home/wei/fire_scout_ws/build/fire_scout_sensors' returned '0': AMENT_PREFIX_PATH=/home/wei/fire_scout_ws/install/px4_msgs:${AMENT_PREFIX_PATH} CMAKE_PREFIX_PATH=/home/wei/fire_scout_ws/install/px4_msgs:/opt/ros/humble LD_LIBRARY_PATH=/home/wei/fire_scout_ws/install/px4_msgs/lib:${LD_LIBRARY_PATH} PYTHONPATH=/home/wei/fire_scout_ws/install/px4_msgs/local/lib/python3.10/dist-packages:${PYTHONPATH} /usr/bin/cmake --build /home/wei/fire_scout_ws/build/fire_scout_sensors -- -j32 -l32
[0.086s] Invoking command in '/home/wei/fire_scout_ws/build/fire_scout_sensors': AMENT_PREFIX_PATH=/home/wei/fire_scout_ws/install/px4_msgs:${AMENT_PREFIX_PATH} CMAKE_PREFIX_PATH=/home/wei/fire_scout_ws/install/px4_msgs:/opt/ros/humble LD_LIBRARY_PATH=/home/wei/fire_scout_ws/install/px4_msgs/lib:${LD_LIBRARY_PATH} PYTHONPATH=/home/wei/fire_scout_ws/install/px4_msgs/local/lib/python3.10/dist-packages:${PYTHONPATH} /usr/bin/cmake --install /home/wei/fire_scout_ws/build/fire_scout_sensors
[0.094s] -- Install configuration: ""
[0.094s] -- Up-to-date: /home/wei/fire_scout_ws/install/fire_scout_sensors/lib/fire_scout_sensors/mmwave_enricher
[0.094s] -- Up-to-date: /home/wei/fire_scout_ws/install/fire_scout_sensors/lib/fire_scout_sensors/ultrasonic_to_px4
[0.095s] -- Up-to-date: /home/wei/fire_scout_ws/install/fire_scout_sensors/share/ament_index/resource_index/package_run_dependencies/fire_scout_sensors
[0.095s] -- Up-to-date: /home/wei/fire_scout_ws/install/fire_scout_sensors/share/ament_index/resource_index/parent_prefix_path/fire_scout_sensors
[0.095s] -- Up-to-date: /home/wei/fire_scout_ws/install/fire_scout_sensors/share/fire_scout_sensors/environment/ament_prefix_path.sh
[0.095s] -- Up-to-date: /home/wei/fire_scout_ws/install/fire_scout_sensors/share/fire_scout_sensors/environment/ament_prefix_path.dsv
[0.096s] -- Up-to-date: /home/wei/fire_scout_ws/install/fire_scout_sensors/share/fire_scout_sensors/environment/path.sh
[0.096s] -- Up-to-date: /home/wei/fire_scout_ws/install/fire_scout_sensors/share/fire_scout_sensors/environment/path.dsv
[0.096s] -- Up-to-date: /home/wei/fire_scout_ws/install/fire_scout_sensors/share/fire_scout_sensors/local_setup.bash
[0.096s] -- Up-to-date: /home/wei/fire_scout_ws/install/fire_scout_sensors/share/fire_scout_sensors/local_setup.sh
[0.097s] -- Up-to-date: /home/wei/fire_scout_ws/install/fire_scout_sensors/share/fire_scout_sensors/local_setup.zsh
[0.097s] -- Up-to-date: /home/wei/fire_scout_ws/install/fire_scout_sensors/share/fire_scout_sensors/local_setup.dsv
[0.097s] -- Installing: /home/wei/fire_scout_ws/install/fire_scout_sensors/share/fire_scout_sensors/package.dsv
[0.097s] -- Up-to-date: /home/wei/fire_scout_ws/install/fire_scout_sensors/share/ament_index/resource_index/packages/fire_scout_sensors
[0.098s] -- Up-to-date: /home/wei/fire_scout_ws/install/fire_scout_sensors/share/fire_scout_sensors/cmake/fire_scout_sensorsConfig.cmake
[0.098s] -- Up-to-date: /home/wei/fire_scout_ws/install/fire_scout_sensors/share/fire_scout_sensors/cmake/fire_scout_sensorsConfig-version.cmake
[0.099s] -- Up-to-date: /home/wei/fire_scout_ws/install/fire_scout_sensors/share/fire_scout_sensors/package.xml
[0.109s] Invoked command in '/home/wei/fire_scout_ws/build/fire_scout_sensors' returned '0': AMENT_PREFIX_PATH=/home/wei/fire_scout_ws/install/px4_msgs:${AMENT_PREFIX_PATH} CMAKE_PREFIX_PATH=/home/wei/fire_scout_ws/install/px4_msgs:/opt/ros/humble LD_LIBRARY_PATH=/home/wei/fire_scout_ws/install/px4_msgs/lib:${LD_LIBRARY_PATH} PYTHONPATH=/home/wei/fire_scout_ws/install/px4_msgs/local/lib/python3.10/dist-packages:${PYTHONPATH} /usr/bin/cmake --install /home/wei/fire_scout_ws/build/fire_scout_sensors
