[0.014s] Invoking command in '/home/wei/fire_scout_ws/build/fire_scout_control': AMENT_PREFIX_PATH=/home/wei/fire_scout_ws/install/px4_msgs:${AMENT_PREFIX_PATH} CMAKE_PREFIX_PATH=/home/wei/fire_scout_ws/install/px4_msgs:/opt/ros/humble LD_LIBRARY_PATH=/home/wei/fire_scout_ws/install/px4_msgs/lib:${LD_LIBRARY_PATH} PYTHONPATH=/home/wei/fire_scout_ws/install/px4_msgs/local/lib/python3.10/dist-packages:${PYTHONPATH} /usr/bin/cmake --build /home/wei/fire_scout_ws/build/fire_scout_control -- -j32 -l32
[0.048s] [35m[1mConsolidate compiler generated dependencies of target scout_takeoff[0m
[0.049s] [35m[1mConsolidate compiler generated dependencies of target scout_enter_window[0m
[0.049s] [35m[1mConsolidate compiler generated dependencies of target entrance_wall_search[0m
[0.066s] [ 66%] Built target scout_takeoff
[0.067s] [ 66%] Built target scout_enter_window
[0.069s] [100%] Built target entrance_wall_search
[0.085s] Invoked command in '/home/wei/fire_scout_ws/build/fire_scout_control' returned '0': AMENT_PREFIX_PATH=/home/wei/fire_scout_ws/install/px4_msgs:${AMENT_PREFIX_PATH} CMAKE_PREFIX_PATH=/home/wei/fire_scout_ws/install/px4_msgs:/opt/ros/humble LD_LIBRARY_PATH=/home/wei/fire_scout_ws/install/px4_msgs/lib:${LD_LIBRARY_PATH} PYTHONPATH=/home/wei/fire_scout_ws/install/px4_msgs/local/lib/python3.10/dist-packages:${PYTHONPATH} /usr/bin/cmake --build /home/wei/fire_scout_ws/build/fire_scout_control -- -j32 -l32
[0.086s] Invoking command in '/home/wei/fire_scout_ws/build/fire_scout_control': AMENT_PREFIX_PATH=/home/wei/fire_scout_ws/install/px4_msgs:${AMENT_PREFIX_PATH} CMAKE_PREFIX_PATH=/home/wei/fire_scout_ws/install/px4_msgs:/opt/ros/humble LD_LIBRARY_PATH=/home/wei/fire_scout_ws/install/px4_msgs/lib:${LD_LIBRARY_PATH} PYTHONPATH=/home/wei/fire_scout_ws/install/px4_msgs/local/lib/python3.10/dist-packages:${PYTHONPATH} /usr/bin/cmake --install /home/wei/fire_scout_ws/build/fire_scout_control
[0.102s] -- Install configuration: ""
[0.102s] -- Up-to-date: /home/wei/fire_scout_ws/install/fire_scout_control/lib/fire_scout_control/scout_takeoff
[0.102s] -- Up-to-date: /home/wei/fire_scout_ws/install/fire_scout_control/lib/fire_scout_control/scout_enter_window
[0.102s] -- Up-to-date: /home/wei/fire_scout_ws/install/fire_scout_control/lib/fire_scout_control/entrance_wall_search
[0.102s] -- Up-to-date: /home/wei/fire_scout_ws/install/fire_scout_control/share/ament_index/resource_index/package_run_dependencies/fire_scout_control
[0.102s] -- Up-to-date: /home/wei/fire_scout_ws/install/fire_scout_control/share/ament_index/resource_index/parent_prefix_path/fire_scout_control
[0.103s] -- Up-to-date: /home/wei/fire_scout_ws/install/fire_scout_control/share/fire_scout_control/environment/ament_prefix_path.sh
[0.103s] -- Up-to-date: /home/wei/fire_scout_ws/install/fire_scout_control/share/fire_scout_control/environment/ament_prefix_path.dsv
[0.103s] -- Up-to-date: /home/wei/fire_scout_ws/install/fire_scout_control/share/fire_scout_control/environment/path.sh
[0.103s] -- Up-to-date: /home/wei/fire_scout_ws/install/fire_scout_control/share/fire_scout_control/environment/path.dsv
[0.103s] -- Up-to-date: /home/wei/fire_scout_ws/install/fire_scout_control/share/fire_scout_control/local_setup.bash
[0.104s] -- Up-to-date: /home/wei/fire_scout_ws/install/fire_scout_control/share/fire_scout_control/local_setup.sh
[0.104s] -- Up-to-date: /home/wei/fire_scout_ws/install/fire_scout_control/share/fire_scout_control/local_setup.zsh
[0.104s] -- Up-to-date: /home/wei/fire_scout_ws/install/fire_scout_control/share/fire_scout_control/local_setup.dsv
[0.104s] -- Installing: /home/wei/fire_scout_ws/install/fire_scout_control/share/fire_scout_control/package.dsv
[0.104s] -- Up-to-date: /home/wei/fire_scout_ws/install/fire_scout_control/share/ament_index/resource_index/packages/fire_scout_control
[0.105s] -- Up-to-date: /home/wei/fire_scout_ws/install/fire_scout_control/share/fire_scout_control/cmake/fire_scout_controlConfig.cmake
[0.106s] -- Up-to-date: /home/wei/fire_scout_ws/install/fire_scout_control/share/fire_scout_control/cmake/fire_scout_controlConfig-version.cmake
[0.106s] -- Up-to-date: /home/wei/fire_scout_ws/install/fire_scout_control/share/fire_scout_control/package.xml
[0.112s] Invoked command in '/home/wei/fire_scout_ws/build/fire_scout_control' returned '0': AMENT_PREFIX_PATH=/home/wei/fire_scout_ws/install/px4_msgs:${AMENT_PREFIX_PATH} CMAKE_PREFIX_PATH=/home/wei/fire_scout_ws/install/px4_msgs:/opt/ros/humble LD_LIBRARY_PATH=/home/wei/fire_scout_ws/install/px4_msgs/lib:${LD_LIBRARY_PATH} PYTHONPATH=/home/wei/fire_scout_ws/install/px4_msgs/local/lib/python3.10/dist-packages:${PYTHONPATH} /usr/bin/cmake --install /home/wei/fire_scout_ws/build/fire_scout_control
