[0.012s] Invoking command in '/home/wei/fire_scout_ws/build/fire_scout_localization': AMENT_PREFIX_PATH=/home/wei/fire_scout_ws/install/px4_msgs:${AMENT_PREFIX_PATH} CMAKE_PREFIX_PATH=/home/wei/fire_scout_ws/install/px4_msgs:/opt/ros/humble LD_LIBRARY_PATH=/home/wei/fire_scout_ws/install/px4_msgs/lib:${LD_LIBRARY_PATH} PYTHONPATH=/home/wei/fire_scout_ws/install/px4_msgs/local/lib/python3.10/dist-packages:${PYTHONPATH} /usr/bin/cmake --build /home/wei/fire_scout_ws/build/fire_scout_localization -- -j32 -l32
[0.046s] [35m[1mConsolidate compiler generated dependencies of target px4_odom_adapter[0m
[0.065s] [100%] Built target px4_odom_adapter
[0.078s] Invoked command in '/home/wei/fire_scout_ws/build/fire_scout_localization' returned '0': AMENT_PREFIX_PATH=/home/wei/fire_scout_ws/install/px4_msgs:${AMENT_PREFIX_PATH} CMAKE_PREFIX_PATH=/home/wei/fire_scout_ws/install/px4_msgs:/opt/ros/humble LD_LIBRARY_PATH=/home/wei/fire_scout_ws/install/px4_msgs/lib:${LD_LIBRARY_PATH} PYTHONPATH=/home/wei/fire_scout_ws/install/px4_msgs/local/lib/python3.10/dist-packages:${PYTHONPATH} /usr/bin/cmake --build /home/wei/fire_scout_ws/build/fire_scout_localization -- -j32 -l32
[0.079s] Invoking command in '/home/wei/fire_scout_ws/build/fire_scout_localization': AMENT_PREFIX_PATH=/home/wei/fire_scout_ws/install/px4_msgs:${AMENT_PREFIX_PATH} CMAKE_PREFIX_PATH=/home/wei/fire_scout_ws/install/px4_msgs:/opt/ros/humble LD_LIBRARY_PATH=/home/wei/fire_scout_ws/install/px4_msgs/lib:${LD_LIBRARY_PATH} PYTHONPATH=/home/wei/fire_scout_ws/install/px4_msgs/local/lib/python3.10/dist-packages:${PYTHONPATH} /usr/bin/cmake --install /home/wei/fire_scout_ws/build/fire_scout_localization
[0.087s] -- Install configuration: ""
[0.087s] -- Up-to-date: /home/wei/fire_scout_ws/install/fire_scout_localization/lib/fire_scout_localization/px4_odom_adapter
[0.088s] -- Up-to-date: /home/wei/fire_scout_ws/install/fire_scout_localization/share/ament_index/resource_index/package_run_dependencies/fire_scout_localization
[0.088s] -- Up-to-date: /home/wei/fire_scout_ws/install/fire_scout_localization/share/ament_index/resource_index/parent_prefix_path/fire_scout_localization
[0.088s] -- Up-to-date: /home/wei/fire_scout_ws/install/fire_scout_localization/share/fire_scout_localization/environment/ament_prefix_path.sh
[0.088s] -- Up-to-date: /home/wei/fire_scout_ws/install/fire_scout_localization/share/fire_scout_localization/environment/ament_prefix_path.dsv
[0.089s] -- Up-to-date: /home/wei/fire_scout_ws/install/fire_scout_localization/share/fire_scout_localization/environment/path.sh
[0.090s] -- Up-to-date: /home/wei/fire_scout_ws/install/fire_scout_localization/share/fire_scout_localization/environment/path.dsv
[0.090s] -- Up-to-date: /home/wei/fire_scout_ws/install/fire_scout_localization/share/fire_scout_localization/local_setup.bash
[0.090s] -- Up-to-date: /home/wei/fire_scout_ws/install/fire_scout_localization/share/fire_scout_localization/local_setup.sh
[0.090s] -- Up-to-date: /home/wei/fire_scout_ws/install/fire_scout_localization/share/fire_scout_localization/local_setup.zsh
[0.090s] -- Up-to-date: /home/wei/fire_scout_ws/install/fire_scout_localization/share/fire_scout_localization/local_setup.dsv
[0.090s] -- Installing: /home/wei/fire_scout_ws/install/fire_scout_localization/share/fire_scout_localization/package.dsv
[0.090s] -- Up-to-date: /home/wei/fire_scout_ws/install/fire_scout_localization/share/ament_index/resource_index/packages/fire_scout_localization
[0.090s] -- Up-to-date: /home/wei/fire_scout_ws/install/fire_scout_localization/share/fire_scout_localization/cmake/fire_scout_localizationConfig.cmake
[0.090s] -- Up-to-date: /home/wei/fire_scout_ws/install/fire_scout_localization/share/fire_scout_localization/cmake/fire_scout_localizationConfig-version.cmake
[0.091s] -- Up-to-date: /home/wei/fire_scout_ws/install/fire_scout_localization/share/fire_scout_localization/package.xml
[0.095s] Invoked command in '/home/wei/fire_scout_ws/build/fire_scout_localization' returned '0': AMENT_PREFIX_PATH=/home/wei/fire_scout_ws/install/px4_msgs:${AMENT_PREFIX_PATH} CMAKE_PREFIX_PATH=/home/wei/fire_scout_ws/install/px4_msgs:/opt/ros/humble LD_LIBRARY_PATH=/home/wei/fire_scout_ws/install/px4_msgs/lib:${LD_LIBRARY_PATH} PYTHONPATH=/home/wei/fire_scout_ws/install/px4_msgs/local/lib/python3.10/dist-packages:${PYTHONPATH} /usr/bin/cmake --install /home/wei/fire_scout_ws/build/fire_scout_localization
