[0.011s] Invoking command in '/home/wei/fire_scout_ws/build/fire_scout_planning_safe': AMENT_PREFIX_PATH=/home/wei/fire_scout_ws/install/px4_msgs:${AMENT_PREFIX_PATH} CMAKE_PREFIX_PATH=/home/wei/fire_scout_ws/install/px4_msgs:/opt/ros/humble LD_LIBRARY_PATH=/home/wei/fire_scout_ws/install/px4_msgs/lib:${LD_LIBRARY_PATH} PYTHONPATH=/home/wei/fire_scout_ws/install/px4_msgs/local/lib/python3.10/dist-packages:${PYTHONPATH} /usr/bin/cmake /home/wei/fire_scout_ws/src/fire_scout_planning_safe -DCMAKE_BUILD_TYPE=Release -DAMENT_CMAKE_SYMLINK_INSTALL=1 -DCMAKE_INSTALL_PREFIX=/home/wei/fire_scout_ws/install/fire_scout_planning_safe
[0.124s] -- The C compiler identification is GNU 11.4.0
[0.207s] -- The CXX compiler identification is GNU 11.4.0
[0.219s] -- Detecting C compiler ABI info
[0.303s] -- Detecting C compiler ABI info - done
[0.310s] -- Check for working C compiler: /usr/bin/cc - skipped
[0.311s] -- Detecting C compile features
[0.312s] -- Detecting C compile features - done
[0.316s] -- Detecting CXX compiler ABI info
[0.409s] -- Detecting CXX compiler ABI info - done
[0.418s] -- Check for working CXX compiler: /usr/bin/c++ - skipped
[0.418s] -- Detecting CXX compile features
[0.419s] -- Detecting CXX compile features - done
[0.419s] -- Fire Scout 2.0.2: building mapping, fusion, planning and follower ROS nodes
[0.422s] -- Looking for pthread.h
[0.511s] -- Looking for pthread.h - found
[0.511s] -- Performing Test CMAKE_HAVE_LIBC_PTHREAD
[0.596s] -- Performing Test CMAKE_HAVE_LIBC_PTHREAD - Success
[0.599s] -- Found Threads: TRUE  
[0.605s] -- Found ament_cmake: 1.3.14 (/opt/ros/humble/share/ament_cmake/cmake)
[0.753s] -- Found Python3: /usr/bin/python3 (found version "3.10.12") found components: Interpreter 
[0.804s] -- Override CMake install command with custom implementation using symlinks instead of copying resources
[0.845s] -- Found rclcpp: 16.0.19 (/opt/ros/humble/share/rclcpp/cmake)
[0.890s] -- Found rosidl_generator_c: 3.1.8 (/opt/ros/humble/share/rosidl_generator_c/cmake)
[0.894s] -- Found rosidl_adapter: 3.1.8 (/opt/ros/humble/share/rosidl_adapter/cmake)
[0.900s] -- Found rosidl_generator_cpp: 3.1.8 (/opt/ros/humble/share/rosidl_generator_cpp/cmake)
[0.910s] -- Using all available rosidl_typesupport_c: rosidl_typesupport_fastrtps_c;rosidl_typesupport_introspection_c
[0.923s] -- Using all available rosidl_typesupport_cpp: rosidl_typesupport_fastrtps_cpp;rosidl_typesupport_introspection_cpp
[0.957s] -- Found rmw_implementation_cmake: 6.1.2 (/opt/ros/humble/share/rmw_implementation_cmake/cmake)
[0.959s] -- Found rmw_cyclonedds_cpp: 1.3.4 (/opt/ros/humble/share/rmw_cyclonedds_cpp/cmake)
[0.976s] -- Using RMW implementation 'rmw_cyclonedds_cpp' as default
[1.023s] -- Found sensor_msgs: 4.9.1 (/opt/ros/humble/share/sensor_msgs/cmake)
[1.048s] -- Found nav_msgs: 4.9.1 (/opt/ros/humble/share/nav_msgs/cmake)
[1.061s] -- Found std_srvs: 4.9.1 (/opt/ros/humble/share/std_srvs/cmake)
[1.069s] -- Found tf2: 0.25.22 (/opt/ros/humble/share/tf2/cmake)
[1.077s] -- Found tf2_ros: 0.25.22 (/opt/ros/humble/share/tf2_ros/cmake)
[1.143s] -- Found px4_msgs: 2.0.1 (/home/wei/fire_scout_ws/install/px4_msgs/share/px4_msgs/cmake)
[1.290s] -- Configuring done
[1.317s] -- Generating done
[1.328s] -- Build files have been written to: /home/wei/fire_scout_ws/build/fire_scout_planning_safe
[1.335s] Invoked command in '/home/wei/fire_scout_ws/build/fire_scout_planning_safe' returned '0': AMENT_PREFIX_PATH=/home/wei/fire_scout_ws/install/px4_msgs:${AMENT_PREFIX_PATH} CMAKE_PREFIX_PATH=/home/wei/fire_scout_ws/install/px4_msgs:/opt/ros/humble LD_LIBRARY_PATH=/home/wei/fire_scout_ws/install/px4_msgs/lib:${LD_LIBRARY_PATH} PYTHONPATH=/home/wei/fire_scout_ws/install/px4_msgs/local/lib/python3.10/dist-packages:${PYTHONPATH} /usr/bin/cmake /home/wei/fire_scout_ws/src/fire_scout_planning_safe -DCMAKE_BUILD_TYPE=Release -DAMENT_CMAKE_SYMLINK_INSTALL=1 -DCMAKE_INSTALL_PREFIX=/home/wei/fire_scout_ws/install/fire_scout_planning_safe
[1.337s] Invoking command in '/home/wei/fire_scout_ws/build/fire_scout_planning_safe': AMENT_PREFIX_PATH=/home/wei/fire_scout_ws/install/px4_msgs:${AMENT_PREFIX_PATH} CMAKE_PREFIX_PATH=/home/wei/fire_scout_ws/install/px4_msgs:/opt/ros/humble LD_LIBRARY_PATH=/home/wei/fire_scout_ws/install/px4_msgs/lib:${LD_LIBRARY_PATH} PYTHONPATH=/home/wei/fire_scout_ws/install/px4_msgs/local/lib/python3.10/dist-packages:${PYTHONPATH} /usr/bin/cmake --build /home/wei/fire_scout_ws/build/fire_scout_planning_safe -- -j32 -l32
[1.385s] [  2%] [32mBuilding CXX object CMakeFiles/racer_task_allocator.dir/src/racer_task_allocator.cpp.o[0m
[1.386s] [  5%] [32mBuilding CXX object CMakeFiles/multi_uav_map_fusion.dir/src/multi_uav_map_fusion.cpp.o[0m
[1.386s] [  8%] [32mBuilding CXX object CMakeFiles/safe_airfar_like_planner.dir/src/safe_airfar_like_planner.cpp.o[0m
[1.387s] [ 11%] [32mBuilding CXX object CMakeFiles/route_switch_test.dir/tests/route_switch_test.cpp.o[0m
[1.387s] [ 17%] [32mBuilding CXX object CMakeFiles/coordination_components_test.dir/tests/coordination_components_test.cpp.o[0m
[1.388s] [ 17%] [32mBuilding CXX object CMakeFiles/incremental_repair_v19_test.dir/tests/incremental_repair_v19_test.cpp.o[0m
[1.388s] [ 20%] [32mBuilding CXX object CMakeFiles/safe_airfar_path_follower.dir/src/safe_airfar_path_follower.cpp.o[0m
[1.389s] [ 23%] [32mBuilding CXX object CMakeFiles/radar_free_space_mapper.dir/src/radar_free_space_mapper.cpp.o[0m
[1.389s] [ 26%] [32mBuilding CXX object CMakeFiles/v2_topology_routes_test.dir/tests/v2_topology_routes_test.cpp.o[0m
[1.390s] [ 29%] [32mBuilding CXX object CMakeFiles/follower_alignment_test.dir/tests/follower_alignment_test.cpp.o[0m
[1.390s] [ 32%] [32mBuilding CXX object CMakeFiles/v2_tracking_guard_test.dir/tests/v2_tracking_guard_test.cpp.o[0m
[1.391s] [ 35%] [32mBuilding CXX object CMakeFiles/v2_horizon_topology_test.dir/tests/v2_horizon_topology_test.cpp.o[0m
[1.391s] [ 38%] [32mBuilding CXX object CMakeFiles/passage_coordinator.dir/src/passage_coordinator.cpp.o[0m
[1.392s] [ 41%] [32mBuilding CXX object CMakeFiles/v2_trajectory_test.dir/tests/v2_trajectory_test.cpp.o[0m
[1.392s] [ 44%] [32mBuilding CXX object CMakeFiles/ultrasonic_memory_test.dir/tests/ultrasonic_memory_test.cpp.o[0m
[1.394s] [ 47%] [32mBuilding CXX object CMakeFiles/v2_coordination_test.dir/tests/v2_coordination_test.cpp.o[0m
[1.394s] [ 50%] [32mBuilding CXX object CMakeFiles/v2_local_retime_test.dir/tests/v2_local_retime_test.cpp.o[0m
[2.411s] [ 52%] [32m[1mLinking CXX executable route_switch_test[0m
[2.519s] [ 52%] Built target route_switch_test
[2.561s] [ 55%] [32m[1mLinking CXX executable ultrasonic_memory_test[0m
[2.647s] [ 55%] Built target ultrasonic_memory_test
[2.828s] [ 58%] [32m[1mLinking CXX executable follower_alignment_test[0m
[2.925s] [ 58%] Built target follower_alignment_test
[3.584s] [ 61%] [32m[1mLinking CXX executable v2_trajectory_test[0m
[3.684s] [ 61%] Built target v2_trajectory_test
[3.715s] [ 64%] [32m[1mLinking CXX executable coordination_components_test[0m
[3.812s] [ 64%] Built target coordination_components_test
[3.924s] [ 67%] [32m[1mLinking CXX executable v2_local_retime_test[0m
[3.997s] [ 67%] Built target v2_local_retime_test
[4.506s] [ 70%] [32m[1mLinking CXX executable v2_tracking_guard_test[0m
[4.576s] [ 70%] Built target v2_tracking_guard_test
[5.007s] [ 73%] [32m[1mLinking CXX executable incremental_repair_v19_test[0m
[5.078s] [ 73%] Built target incremental_repair_v19_test
[5.906s] [ 76%] [32m[1mLinking CXX executable v2_topology_routes_test[0m
[5.977s] [ 76%] Built target v2_topology_routes_test
[6.298s] [ 79%] [32m[1mLinking CXX executable v2_horizon_topology_test[0m
[6.366s] [ 79%] Built target v2_horizon_topology_test
[6.759s] [ 82%] [32m[1mLinking CXX executable v2_coordination_test[0m
[6.825s] [ 82%] Built target v2_coordination_test
[10.611s] [ 85%] [32m[1mLinking CXX executable passage_coordinator[0m
[10.797s] [ 85%] Built target passage_coordinator
[15.518s] [ 88%] [32m[1mLinking CXX executable multi_uav_map_fusion[0m
[15.674s] [ 88%] Built target multi_uav_map_fusion
[17.188s] [ 91%] [32m[1mLinking CXX executable radar_free_space_mapper[0m
[17.366s] [ 91%] Built target radar_free_space_mapper
[19.255s] [ 94%] [32m[1mLinking CXX executable racer_task_allocator[0m
[19.446s] [ 94%] Built target racer_task_allocator
[27.414s] [ 97%] [32m[1mLinking CXX executable safe_airfar_like_planner[0m
[27.629s] [ 97%] Built target safe_airfar_like_planner
[38.855s] [100%] [32m[1mLinking CXX executable safe_airfar_path_follower[0m
[39.143s] [100%] Built target safe_airfar_path_follower
[39.152s] Invoked command in '/home/wei/fire_scout_ws/build/fire_scout_planning_safe' returned '0': AMENT_PREFIX_PATH=/home/wei/fire_scout_ws/install/px4_msgs:${AMENT_PREFIX_PATH} CMAKE_PREFIX_PATH=/home/wei/fire_scout_ws/install/px4_msgs:/opt/ros/humble LD_LIBRARY_PATH=/home/wei/fire_scout_ws/install/px4_msgs/lib:${LD_LIBRARY_PATH} PYTHONPATH=/home/wei/fire_scout_ws/install/px4_msgs/local/lib/python3.10/dist-packages:${PYTHONPATH} /usr/bin/cmake --build /home/wei/fire_scout_ws/build/fire_scout_planning_safe -- -j32 -l32
[39.164s] Invoking command in '/home/wei/fire_scout_ws/build/fire_scout_planning_safe': AMENT_PREFIX_PATH=/home/wei/fire_scout_ws/install/px4_msgs:${AMENT_PREFIX_PATH} CMAKE_PREFIX_PATH=/home/wei/fire_scout_ws/install/px4_msgs:/opt/ros/humble LD_LIBRARY_PATH=/home/wei/fire_scout_ws/install/px4_msgs/lib:${LD_LIBRARY_PATH} PYTHONPATH=/home/wei/fire_scout_ws/install/px4_msgs/local/lib/python3.10/dist-packages:${PYTHONPATH} /usr/bin/cmake --install /home/wei/fire_scout_ws/build/fire_scout_planning_safe
[39.173s] -- Install configuration: "Release"
[39.173s] -- Execute custom install script
[39.174s] -- Symlinking: /home/wei/fire_scout_ws/install/fire_scout_planning_safe/lib/fire_scout_planning_safe/radar_free_space_mapper
[39.183s] -- Symlinking: /home/wei/fire_scout_ws/install/fire_scout_planning_safe/lib/fire_scout_planning_safe/multi_uav_map_fusion
[39.193s] -- Symlinking: /home/wei/fire_scout_ws/install/fire_scout_planning_safe/lib/fire_scout_planning_safe/racer_task_allocator
[39.201s] -- Symlinking: /home/wei/fire_scout_ws/install/fire_scout_planning_safe/lib/fire_scout_planning_safe/safe_airfar_like_planner
[39.209s] -- Symlinking: /home/wei/fire_scout_ws/install/fire_scout_planning_safe/lib/fire_scout_planning_safe/safe_airfar_path_follower
[39.216s] -- Symlinking: /home/wei/fire_scout_ws/install/fire_scout_planning_safe/lib/fire_scout_planning_safe/passage_coordinator
[39.223s] -- Symlinking: /home/wei/fire_scout_ws/install/fire_scout_planning_safe/lib/fire_scout_planning_safe/fire_scout_light_logger.py
[39.231s] -- Symlinking: /home/wei/fire_scout_ws/install/fire_scout_planning_safe/lib/fire_scout_planning_safe/collect_fire_scout_logs.sh
[39.238s] -- Symlinking: /home/wei/fire_scout_ws/install/fire_scout_planning_safe/lib/fire_scout_planning_safe/install_fire_scout_planning_safe.sh
[39.244s] -- Symlinking: /home/wei/fire_scout_ws/install/fire_scout_planning_safe/share/fire_scout_planning_safe/launch/multi_map_fusion.launch.py
[39.249s] -- Symlinking: /home/wei/fire_scout_ws/install/fire_scout_planning_safe/share/fire_scout_planning_safe/launch/multi_racer_navigation.launch.py
[39.256s] -- Symlinking: /home/wei/fire_scout_ws/install/fire_scout_planning_safe/share/fire_scout_planning_safe/launch/multi_safe_airfar_navigation.launch.py
[39.264s] -- Symlinking: /home/wei/fire_scout_ws/install/fire_scout_planning_safe/share/fire_scout_planning_safe/launch/multi_safe_airfar_planner_only.launch.py
[39.272s] -- Symlinking: /home/wei/fire_scout_ws/install/fire_scout_planning_safe/share/fire_scout_planning_safe/launch/safe_airfar_navigation.launch.py
[39.280s] -- Symlinking: /home/wei/fire_scout_ws/install/fire_scout_planning_safe/share/fire_scout_planning_safe/launch/safe_airfar_planner_only.launch.py
[39.287s] -- Symlinking: /home/wei/fire_scout_ws/install/fire_scout_planning_safe/share/fire_scout_planning_safe/config/safe_airfar.yaml
[39.295s] -- Symlinking: /home/wei/fire_scout_ws/install/fire_scout_planning_safe/share/fire_scout_planning_safe/docs/LOG_COLLECTION_ZH.md
[39.302s] -- Symlinking: /home/wei/fire_scout_ws/install/fire_scout_planning_safe/share/fire_scout_planning_safe/docs/RACER_TASK_ALLOCATION_ZH.md
[39.308s] -- Symlinking: /home/wei/fire_scout_ws/install/fire_scout_planning_safe/share/fire_scout_planning_safe/docs/V19_1_SONAR_MEMORY_FIX_ZH.md
[39.314s] -- Symlinking: /home/wei/fire_scout_ws/install/fire_scout_planning_safe/share/fire_scout_planning_safe/docs/V19_INCREMENTAL_ROUTE_REPAIR_ZH.md
[39.323s] -- Symlinking: /home/wei/fire_scout_ws/install/fire_scout_planning_safe/share/fire_scout_planning_safe/docs/V20_PEER_SAFETY_AND_ROUTE_CONTINUITY_ZH.md
[39.332s] -- Symlinking: /home/wei/fire_scout_ws/install/fire_scout_planning_safe/share/fire_scout_planning_safe/docs/V21_PEER_DEADLOCK_AND_SCALED_WORLD_ZH.md
[39.340s] -- Symlinking: /home/wei/fire_scout_ws/install/fire_scout_planning_safe/share/fire_scout_planning_safe/docs/V22_STARTUP_SPREAD_ZH.md
[39.349s] -- Symlinking: /home/wei/fire_scout_ws/install/fire_scout_planning_safe/share/fire_scout_planning_safe/docs/V2_0_1_GUIDE_ZH.md
[39.361s] -- Symlinking: /home/wei/fire_scout_ws/install/fire_scout_planning_safe/share/fire_scout_planning_safe/docs/V2_0_1_VALIDATION.txt
[39.373s] -- Symlinking: /home/wei/fire_scout_ws/install/fire_scout_planning_safe/share/fire_scout_planning_safe/docs/V2_0_2_GUIDE_ZH.md
[39.382s] -- Symlinking: /home/wei/fire_scout_ws/install/fire_scout_planning_safe/share/fire_scout_planning_safe/docs/V2_0_2_VALIDATION.txt
[39.392s] -- Symlinking: /home/wei/fire_scout_ws/install/fire_scout_planning_safe/share/fire_scout_planning_safe/docs/V2_0_GUIDE_ZH.md
[39.401s] -- Symlinking: /home/wei/fire_scout_ws/install/fire_scout_planning_safe/share/fire_scout_planning_safe/docs/V2_0_VALIDATION.txt
[39.410s] -- Symlinking: /home/wei/fire_scout_ws/install/fire_scout_planning_safe/share/fire_scout_planning_safe/README.md
[39.420s] -- Symlinking: /home/wei/fire_scout_ws/install/fire_scout_planning_safe/include/fire_scout/autonomous_recovery.hpp
[39.429s] -- Symlinking: /home/wei/fire_scout_ws/install/fire_scout_planning_safe/include/fire_scout/bspline.hpp
[39.438s] -- Symlinking: /home/wei/fire_scout_ws/install/fire_scout_planning_safe/include/fire_scout/confidence_fusion.hpp
[39.446s] -- Symlinking: /home/wei/fire_scout_ws/install/fire_scout_planning_safe/include/fire_scout/directional_motion.hpp
[39.456s] -- Symlinking: /home/wei/fire_scout_ws/install/fire_scout_planning_safe/include/fire_scout/envelope_escape.hpp
[39.466s] -- Symlinking: /home/wei/fire_scout_ws/install/fire_scout_planning_safe/include/fire_scout/gap_policy.hpp
[39.476s] -- Symlinking: /home/wei/fire_scout_ws/install/fire_scout_planning_safe/include/fire_scout/geometry.hpp
[39.486s] -- Symlinking: /home/wei/fire_scout_ws/install/fire_scout_planning_safe/include/fire_scout/glass_risk.hpp
[39.495s] -- Symlinking: /home/wei/fire_scout_ws/install/fire_scout_planning_safe/include/fire_scout/goal_approach.hpp
[39.503s] -- Symlinking: /home/wei/fire_scout_ws/install/fire_scout_planning_safe/include/fire_scout/grid.hpp
[39.513s] -- Symlinking: /home/wei/fire_scout_ws/install/fire_scout_planning_safe/include/fire_scout/hold_safety.hpp
[39.522s] -- Symlinking: /home/wei/fire_scout_ws/install/fire_scout_planning_safe/include/fire_scout/input_freshness.hpp
[39.530s] -- Symlinking: /home/wei/fire_scout_ws/install/fire_scout_planning_safe/include/fire_scout/local_recovery.hpp
[39.540s] -- Symlinking: /home/wei/fire_scout_ws/install/fire_scout_planning_safe/include/fire_scout/map_pair_buffer.hpp
[39.550s] -- Symlinking: /home/wei/fire_scout_ws/install/fire_scout_planning_safe/include/fire_scout/navigation_contract.hpp
[39.559s] -- Symlinking: /home/wei/fire_scout_ws/install/fire_scout_planning_safe/include/fire_scout/observation_gate.hpp
[39.569s] -- Symlinking: /home/wei/fire_scout_ws/install/fire_scout_planning_safe/include/fire_scout/passage_scheduler.hpp
[39.579s] -- Symlinking: /home/wei/fire_scout_ws/install/fire_scout_planning_safe/include/fire_scout/peer_safety.hpp
[39.589s] -- Symlinking: /home/wei/fire_scout_ws/install/fire_scout_planning_safe/include/fire_scout/peer_uav_filter.hpp
[39.598s] -- Symlinking: /home/wei/fire_scout_ws/install/fire_scout_planning_safe/include/fire_scout/planner.hpp
[39.607s] -- Symlinking: /home/wei/fire_scout_ws/install/fire_scout_planning_safe/include/fire_scout/pose_history.hpp
[39.617s] -- Symlinking: /home/wei/fire_scout_ws/install/fire_scout_planning_safe/include/fire_scout/px4_command_clock.hpp
[39.623s] -- Symlinking: /home/wei/fire_scout_ws/install/fire_scout_planning_safe/include/fire_scout/px4_topics.hpp
[39.628s] -- Symlinking: /home/wei/fire_scout_ws/install/fire_scout_planning_safe/include/fire_scout/racer_task_allocator.hpp
[39.634s] -- Symlinking: /home/wei/fire_scout_ws/install/fire_scout_planning_safe/include/fire_scout/retreat_route.hpp
[39.642s] -- Symlinking: /home/wei/fire_scout_ws/install/fire_scout_planning_safe/include/fire_scout/ros_utils.hpp
[39.651s] -- Symlinking: /home/wei/fire_scout_ws/install/fire_scout_planning_safe/include/fire_scout/route_candidates.hpp
[39.659s] -- Symlinking: /home/wei/fire_scout_ws/install/fire_scout_planning_safe/include/fire_scout/route_memory.hpp
[39.666s] -- Symlinking: /home/wei/fire_scout_ws/install/fire_scout_planning_safe/include/fire_scout/route_repair.hpp
[39.673s] -- Symlinking: /home/wei/fire_scout_ws/install/fire_scout_planning_safe/include/fire_scout/route_switch.hpp
[39.683s] -- Symlinking: /home/wei/fire_scout_ws/install/fire_scout_planning_safe/include/fire_scout/route_topology.hpp
[39.692s] -- Symlinking: /home/wei/fire_scout_ws/install/fire_scout_planning_safe/include/fire_scout/snapshot_stamp.hpp
[39.700s] -- Symlinking: /home/wei/fire_scout_ws/install/fire_scout_planning_safe/include/fire_scout/timed_trajectory.hpp
[39.709s] -- Symlinking: /home/wei/fire_scout_ws/install/fire_scout_planning_safe/include/fire_scout/tracker.hpp
[39.718s] -- Symlinking: /home/wei/fire_scout_ws/install/fire_scout_planning_safe/include/fire_scout/ultrasonic.hpp
[39.726s] -- Symlinking: /home/wei/fire_scout_ws/install/fire_scout_planning_safe/include/fire_scout/vehicle.hpp
[39.735s] -- Symlinking: /home/wei/fire_scout_ws/install/fire_scout_planning_safe/include/fire_scout/visibility_memory.hpp
[39.745s] -- Symlinking: /home/wei/fire_scout_ws/install/fire_scout_planning_safe/share/ament_index/resource_index/package_run_dependencies/fire_scout_planning_safe
[39.751s] -- Symlinking: /home/wei/fire_scout_ws/install/fire_scout_planning_safe/share/ament_index/resource_index/parent_prefix_path/fire_scout_planning_safe
[39.759s] -- Symlinking: /home/wei/fire_scout_ws/install/fire_scout_planning_safe/share/fire_scout_planning_safe/environment/ament_prefix_path.sh
[39.769s] -- Symlinking: /home/wei/fire_scout_ws/install/fire_scout_planning_safe/share/fire_scout_planning_safe/environment/ament_prefix_path.dsv
[39.780s] -- Symlinking: /home/wei/fire_scout_ws/install/fire_scout_planning_safe/share/fire_scout_planning_safe/environment/path.sh
[39.790s] -- Symlinking: /home/wei/fire_scout_ws/install/fire_scout_planning_safe/share/fire_scout_planning_safe/environment/path.dsv
[39.799s] -- Symlinking: /home/wei/fire_scout_ws/install/fire_scout_planning_safe/share/fire_scout_planning_safe/local_setup.bash
[39.810s] -- Symlinking: /home/wei/fire_scout_ws/install/fire_scout_planning_safe/share/fire_scout_planning_safe/local_setup.sh
[39.817s] -- Symlinking: /home/wei/fire_scout_ws/install/fire_scout_planning_safe/share/fire_scout_planning_safe/local_setup.zsh
[39.826s] -- Symlinking: /home/wei/fire_scout_ws/install/fire_scout_planning_safe/share/fire_scout_planning_safe/local_setup.dsv
[39.834s] -- Symlinking: /home/wei/fire_scout_ws/install/fire_scout_planning_safe/share/fire_scout_planning_safe/package.dsv
[39.843s] -- Symlinking: /home/wei/fire_scout_ws/install/fire_scout_planning_safe/share/ament_index/resource_index/packages/fire_scout_planning_safe
[39.851s] -- Symlinking: /home/wei/fire_scout_ws/install/fire_scout_planning_safe/share/fire_scout_planning_safe/cmake/fire_scout_planning_safeConfig.cmake
[39.857s] -- Symlinking: /home/wei/fire_scout_ws/install/fire_scout_planning_safe/share/fire_scout_planning_safe/cmake/fire_scout_planning_safeConfig-version.cmake
[39.862s] -- Symlinking: /home/wei/fire_scout_ws/install/fire_scout_planning_safe/share/fire_scout_planning_safe/package.xml
[39.874s] Invoked command in '/home/wei/fire_scout_ws/build/fire_scout_planning_safe' returned '0': AMENT_PREFIX_PATH=/home/wei/fire_scout_ws/install/px4_msgs:${AMENT_PREFIX_PATH} CMAKE_PREFIX_PATH=/home/wei/fire_scout_ws/install/px4_msgs:/opt/ros/humble LD_LIBRARY_PATH=/home/wei/fire_scout_ws/install/px4_msgs/lib:${LD_LIBRARY_PATH} PYTHONPATH=/home/wei/fire_scout_ws/install/px4_msgs/local/lib/python3.10/dist-packages:${PYTHONPATH} /usr/bin/cmake --install /home/wei/fire_scout_ws/build/fire_scout_planning_safe
