[0.067s] DEBUG:colcon:Command line arguments: ['/usr/bin/colcon', 'build', '--event-handlers', 'console_direct+']
[0.067s] DEBUG:colcon:Parsed command line arguments: Namespace(log_base=None, log_level=None, verb_name='build', build_base='build', install_base='install', merge_install=False, symlink_install=False, test_result_base=None, continue_on_error=False, executor='parallel', parallel_workers=32, event_handlers=['console_direct+'], ignore_user_meta=False, metas=['./colcon.meta'], base_paths=['.'], packages_ignore=None, packages_ignore_regex=None, paths=None, packages_up_to=None, packages_up_to_regex=None, packages_above=None, packages_above_and_dependencies=None, packages_above_depth=None, packages_select_by_dep=None, packages_skip_by_dep=None, packages_skip_up_to=None, packages_select_build_failed=False, packages_skip_build_finished=False, packages_select_test_failures=False, packages_skip_test_passed=False, packages_select=None, packages_skip=None, packages_select_regex=None, packages_skip_regex=None, packages_start=None, packages_end=None, allow_overriding=[], cmake_args=None, cmake_target=None, cmake_target_skip_unavailable=False, cmake_clean_cache=False, cmake_clean_first=False, cmake_force_configure=False, ament_cmake_args=None, catkin_cmake_args=None, catkin_skip_building_tests=False, mixin_files=None, mixin=None, verb_parser=<colcon_mixin.mixin.mixin_argument.MixinArgumentDecorator object at 0x7a3d6e4e2830>, verb_extension=<colcon_core.verb.build.BuildVerb object at 0x7a3d6e4e22c0>, main=<bound method BuildVerb.main of <colcon_core.verb.build.BuildVerb object at 0x7a3d6e4e22c0>>, mixin_verb=('build',))
[0.167s] Level 1:colcon.colcon_core.package_discovery:discover_packages(colcon_meta) check parameters
[0.167s] Level 1:colcon.colcon_core.package_discovery:discover_packages(recursive) check parameters
[0.167s] Level 1:colcon.colcon_core.package_discovery:discover_packages(ignore) check parameters
[0.167s] Level 1:colcon.colcon_core.package_discovery:discover_packages(path) check parameters
[0.167s] Level 1:colcon.colcon_core.package_discovery:discover_packages(colcon_meta) discover
[0.167s] Level 1:colcon.colcon_core.package_discovery:discover_packages(recursive) discover
[0.167s] INFO:colcon.colcon_core.package_discovery:Crawling recursively for packages in '/home/wei/fire_scout_ws'
[0.168s] Level 1:colcon.colcon_core.package_identification:_identify(.) by extensions ['ignore', 'ignore_ament_install']
[0.168s] Level 1:colcon.colcon_core.package_identification:_identify(.) by extension 'ignore'
[0.168s] Level 1:colcon.colcon_core.package_identification:_identify(.) by extension 'ignore_ament_install'
[0.168s] Level 1:colcon.colcon_core.package_identification:_identify(.) by extensions ['colcon_pkg']
[0.168s] Level 1:colcon.colcon_core.package_identification:_identify(.) by extension 'colcon_pkg'
[0.168s] Level 1:colcon.colcon_core.package_identification:_identify(.) by extensions ['colcon_meta']
[0.168s] Level 1:colcon.colcon_core.package_identification:_identify(.) by extension 'colcon_meta'
[0.168s] Level 1:colcon.colcon_core.package_identification:_identify(.) by extensions ['ros']
[0.168s] Level 1:colcon.colcon_core.package_identification:_identify(.) by extension 'ros'
[0.175s] Level 1:colcon.colcon_core.package_identification:_identify(.) by extensions ['cmake', 'python']
[0.175s] Level 1:colcon.colcon_core.package_identification:_identify(.) by extension 'cmake'
[0.175s] Level 1:colcon.colcon_core.package_identification:_identify(.) by extension 'python'
[0.175s] Level 1:colcon.colcon_core.package_identification:_identify(.) by extensions ['python_setup_py']
[0.175s] Level 1:colcon.colcon_core.package_identification:_identify(.) by extension 'python_setup_py'
[0.175s] Level 1:colcon.colcon_core.package_identification:_identify(build) by extensions ['ignore', 'ignore_ament_install']
[0.175s] Level 1:colcon.colcon_core.package_identification:_identify(build) by extension 'ignore'
[0.175s] Level 1:colcon.colcon_core.package_identification:_identify(build) ignored
[0.175s] Level 1:colcon.colcon_core.package_identification:_identify(install) by extensions ['ignore', 'ignore_ament_install']
[0.175s] Level 1:colcon.colcon_core.package_identification:_identify(install) by extension 'ignore'
[0.175s] Level 1:colcon.colcon_core.package_identification:_identify(install) ignored
[0.175s] Level 1:colcon.colcon_core.package_identification:_identify(log) by extensions ['ignore', 'ignore_ament_install']
[0.175s] Level 1:colcon.colcon_core.package_identification:_identify(log) by extension 'ignore'
[0.175s] Level 1:colcon.colcon_core.package_identification:_identify(log) ignored
[0.175s] Level 1:colcon.colcon_core.package_identification:_identify(src) by extensions ['ignore', 'ignore_ament_install']
[0.175s] Level 1:colcon.colcon_core.package_identification:_identify(src) by extension 'ignore'
[0.175s] Level 1:colcon.colcon_core.package_identification:_identify(src) by extension 'ignore_ament_install'
[0.175s] Level 1:colcon.colcon_core.package_identification:_identify(src) by extensions ['colcon_pkg']
[0.175s] Level 1:colcon.colcon_core.package_identification:_identify(src) by extension 'colcon_pkg'
[0.175s] Level 1:colcon.colcon_core.package_identification:_identify(src) by extensions ['colcon_meta']
[0.175s] Level 1:colcon.colcon_core.package_identification:_identify(src) by extension 'colcon_meta'
[0.175s] Level 1:colcon.colcon_core.package_identification:_identify(src) by extensions ['ros']
[0.175s] Level 1:colcon.colcon_core.package_identification:_identify(src) by extension 'ros'
[0.175s] Level 1:colcon.colcon_core.package_identification:_identify(src) by extensions ['cmake', 'python']
[0.175s] Level 1:colcon.colcon_core.package_identification:_identify(src) by extension 'cmake'
[0.175s] Level 1:colcon.colcon_core.package_identification:_identify(src) by extension 'python'
[0.176s] Level 1:colcon.colcon_core.package_identification:_identify(src) by extensions ['python_setup_py']
[0.176s] Level 1:colcon.colcon_core.package_identification:_identify(src) by extension 'python_setup_py'
[0.176s] Level 1:colcon.colcon_core.package_identification:_identify(src/fire_scout_bringup) by extensions ['ignore', 'ignore_ament_install']
[0.176s] Level 1:colcon.colcon_core.package_identification:_identify(src/fire_scout_bringup) by extension 'ignore'
[0.176s] Level 1:colcon.colcon_core.package_identification:_identify(src/fire_scout_bringup) by extension 'ignore_ament_install'
[0.176s] Level 1:colcon.colcon_core.package_identification:_identify(src/fire_scout_bringup) by extensions ['colcon_pkg']
[0.176s] Level 1:colcon.colcon_core.package_identification:_identify(src/fire_scout_bringup) by extension 'colcon_pkg'
[0.176s] Level 1:colcon.colcon_core.package_identification:_identify(src/fire_scout_bringup) by extensions ['colcon_meta']
[0.176s] Level 1:colcon.colcon_core.package_identification:_identify(src/fire_scout_bringup) by extension 'colcon_meta'
[0.176s] Level 1:colcon.colcon_core.package_identification:_identify(src/fire_scout_bringup) by extensions ['ros']
[0.176s] Level 1:colcon.colcon_core.package_identification:_identify(src/fire_scout_bringup) by extension 'ros'
[0.177s] DEBUG:colcon.colcon_core.package_identification:Package 'src/fire_scout_bringup' with type 'ros.ament_cmake' and name 'fire_scout_bringup'
[0.177s] Level 1:colcon.colcon_core.package_identification:_identify(src/fire_scout_control) by extensions ['ignore', 'ignore_ament_install']
[0.177s] Level 1:colcon.colcon_core.package_identification:_identify(src/fire_scout_control) by extension 'ignore'
[0.177s] Level 1:colcon.colcon_core.package_identification:_identify(src/fire_scout_control) by extension 'ignore_ament_install'
[0.177s] Level 1:colcon.colcon_core.package_identification:_identify(src/fire_scout_control) by extensions ['colcon_pkg']
[0.177s] Level 1:colcon.colcon_core.package_identification:_identify(src/fire_scout_control) by extension 'colcon_pkg'
[0.178s] Level 1:colcon.colcon_core.package_identification:_identify(src/fire_scout_control) by extensions ['colcon_meta']
[0.178s] Level 1:colcon.colcon_core.package_identification:_identify(src/fire_scout_control) by extension 'colcon_meta'
[0.178s] Level 1:colcon.colcon_core.package_identification:_identify(src/fire_scout_control) by extensions ['ros']
[0.178s] Level 1:colcon.colcon_core.package_identification:_identify(src/fire_scout_control) by extension 'ros'
[0.178s] DEBUG:colcon.colcon_core.package_identification:Package 'src/fire_scout_control' with type 'ros.ament_cmake' and name 'fire_scout_control'
[0.178s] Level 1:colcon.colcon_core.package_identification:_identify(src/fire_scout_gazebo) by extensions ['ignore', 'ignore_ament_install']
[0.178s] Level 1:colcon.colcon_core.package_identification:_identify(src/fire_scout_gazebo) by extension 'ignore'
[0.178s] Level 1:colcon.colcon_core.package_identification:_identify(src/fire_scout_gazebo) by extension 'ignore_ament_install'
[0.178s] Level 1:colcon.colcon_core.package_identification:_identify(src/fire_scout_gazebo) by extensions ['colcon_pkg']
[0.178s] Level 1:colcon.colcon_core.package_identification:_identify(src/fire_scout_gazebo) by extension 'colcon_pkg'
[0.178s] Level 1:colcon.colcon_core.package_identification:_identify(src/fire_scout_gazebo) by extensions ['colcon_meta']
[0.178s] Level 1:colcon.colcon_core.package_identification:_identify(src/fire_scout_gazebo) by extension 'colcon_meta'
[0.178s] Level 1:colcon.colcon_core.package_identification:_identify(src/fire_scout_gazebo) by extensions ['ros']
[0.178s] Level 1:colcon.colcon_core.package_identification:_identify(src/fire_scout_gazebo) by extension 'ros'
[0.179s] DEBUG:colcon.colcon_core.package_identification:Package 'src/fire_scout_gazebo' with type 'ros.ament_cmake' and name 'fire_scout_gazebo'
[0.179s] Level 1:colcon.colcon_core.package_identification:_identify(src/fire_scout_localization) by extensions ['ignore', 'ignore_ament_install']
[0.179s] Level 1:colcon.colcon_core.package_identification:_identify(src/fire_scout_localization) by extension 'ignore'
[0.179s] Level 1:colcon.colcon_core.package_identification:_identify(src/fire_scout_localization) by extension 'ignore_ament_install'
[0.179s] Level 1:colcon.colcon_core.package_identification:_identify(src/fire_scout_localization) by extensions ['colcon_pkg']
[0.179s] Level 1:colcon.colcon_core.package_identification:_identify(src/fire_scout_localization) by extension 'colcon_pkg'
[0.179s] Level 1:colcon.colcon_core.package_identification:_identify(src/fire_scout_localization) by extensions ['colcon_meta']
[0.179s] Level 1:colcon.colcon_core.package_identification:_identify(src/fire_scout_localization) by extension 'colcon_meta'
[0.179s] Level 1:colcon.colcon_core.package_identification:_identify(src/fire_scout_localization) by extensions ['ros']
[0.179s] Level 1:colcon.colcon_core.package_identification:_identify(src/fire_scout_localization) by extension 'ros'
[0.179s] DEBUG:colcon.colcon_core.package_identification:Package 'src/fire_scout_localization' with type 'ros.ament_cmake' and name 'fire_scout_localization'
[0.179s] Level 1:colcon.colcon_core.package_identification:_identify(src/fire_scout_mapping) by extensions ['ignore', 'ignore_ament_install']
[0.180s] Level 1:colcon.colcon_core.package_identification:_identify(src/fire_scout_mapping) by extension 'ignore'
[0.180s] Level 1:colcon.colcon_core.package_identification:_identify(src/fire_scout_mapping) by extension 'ignore_ament_install'
[0.180s] Level 1:colcon.colcon_core.package_identification:_identify(src/fire_scout_mapping) by extensions ['colcon_pkg']
[0.180s] Level 1:colcon.colcon_core.package_identification:_identify(src/fire_scout_mapping) by extension 'colcon_pkg'
[0.180s] Level 1:colcon.colcon_core.package_identification:_identify(src/fire_scout_mapping) by extensions ['colcon_meta']
[0.180s] Level 1:colcon.colcon_core.package_identification:_identify(src/fire_scout_mapping) by extension 'colcon_meta'
[0.180s] Level 1:colcon.colcon_core.package_identification:_identify(src/fire_scout_mapping) by extensions ['ros']
[0.180s] Level 1:colcon.colcon_core.package_identification:_identify(src/fire_scout_mapping) by extension 'ros'
[0.180s] DEBUG:colcon.colcon_core.package_identification:Package 'src/fire_scout_mapping' with type 'ros.ament_cmake' and name 'fire_scout_mapping'
[0.180s] Level 1:colcon.colcon_core.package_identification:_identify(src/fire_scout_planning_safe) by extensions ['ignore', 'ignore_ament_install']
[0.180s] Level 1:colcon.colcon_core.package_identification:_identify(src/fire_scout_planning_safe) by extension 'ignore'
[0.180s] Level 1:colcon.colcon_core.package_identification:_identify(src/fire_scout_planning_safe) by extension 'ignore_ament_install'
[0.180s] Level 1:colcon.colcon_core.package_identification:_identify(src/fire_scout_planning_safe) by extensions ['colcon_pkg']
[0.180s] Level 1:colcon.colcon_core.package_identification:_identify(src/fire_scout_planning_safe) by extension 'colcon_pkg'
[0.180s] Level 1:colcon.colcon_core.package_identification:_identify(src/fire_scout_planning_safe) by extensions ['colcon_meta']
[0.180s] Level 1:colcon.colcon_core.package_identification:_identify(src/fire_scout_planning_safe) by extension 'colcon_meta'
[0.180s] Level 1:colcon.colcon_core.package_identification:_identify(src/fire_scout_planning_safe) by extensions ['ros']
[0.180s] Level 1:colcon.colcon_core.package_identification:_identify(src/fire_scout_planning_safe) by extension 'ros'
[0.181s] DEBUG:colcon.colcon_core.package_identification:Package 'src/fire_scout_planning_safe' with type 'ros.ament_cmake' and name 'fire_scout_planning_safe'
[0.181s] Level 1:colcon.colcon_core.package_identification:_identify(src/fire_scout_sensors) by extensions ['ignore', 'ignore_ament_install']
[0.181s] Level 1:colcon.colcon_core.package_identification:_identify(src/fire_scout_sensors) by extension 'ignore'
[0.181s] Level 1:colcon.colcon_core.package_identification:_identify(src/fire_scout_sensors) by extension 'ignore_ament_install'
[0.181s] Level 1:colcon.colcon_core.package_identification:_identify(src/fire_scout_sensors) by extensions ['colcon_pkg']
[0.181s] Level 1:colcon.colcon_core.package_identification:_identify(src/fire_scout_sensors) by extension 'colcon_pkg'
[0.181s] Level 1:colcon.colcon_core.package_identification:_identify(src/fire_scout_sensors) by extensions ['colcon_meta']
[0.181s] Level 1:colcon.colcon_core.package_identification:_identify(src/fire_scout_sensors) by extension 'colcon_meta'
[0.181s] Level 1:colcon.colcon_core.package_identification:_identify(src/fire_scout_sensors) by extensions ['ros']
[0.181s] Level 1:colcon.colcon_core.package_identification:_identify(src/fire_scout_sensors) by extension 'ros'
[0.182s] DEBUG:colcon.colcon_core.package_identification:Package 'src/fire_scout_sensors' with type 'ros.ament_cmake' and name 'fire_scout_sensors'
[0.182s] Level 1:colcon.colcon_core.package_identification:_identify(src/planning1) by extensions ['ignore', 'ignore_ament_install']
[0.182s] Level 1:colcon.colcon_core.package_identification:_identify(src/planning1) by extension 'ignore'
[0.182s] Level 1:colcon.colcon_core.package_identification:_identify(src/planning1) by extension 'ignore_ament_install'
[0.182s] Level 1:colcon.colcon_core.package_identification:_identify(src/planning1) by extensions ['colcon_pkg']
[0.182s] Level 1:colcon.colcon_core.package_identification:_identify(src/planning1) by extension 'colcon_pkg'
[0.182s] Level 1:colcon.colcon_core.package_identification:_identify(src/planning1) by extensions ['colcon_meta']
[0.182s] Level 1:colcon.colcon_core.package_identification:_identify(src/planning1) by extension 'colcon_meta'
[0.182s] Level 1:colcon.colcon_core.package_identification:_identify(src/planning1) by extensions ['ros']
[0.182s] Level 1:colcon.colcon_core.package_identification:_identify(src/planning1) by extension 'ros'
[0.182s] Level 1:colcon.colcon_core.package_identification:_identify(src/planning1) by extensions ['cmake', 'python']
[0.182s] Level 1:colcon.colcon_core.package_identification:_identify(src/planning1) by extension 'cmake'
[0.182s] Level 1:colcon.colcon_core.package_identification:_identify(src/planning1) by extension 'python'
[0.182s] Level 1:colcon.colcon_core.package_identification:_identify(src/planning1) by extensions ['python_setup_py']
[0.182s] Level 1:colcon.colcon_core.package_identification:_identify(src/planning1) by extension 'python_setup_py'
[0.182s] Level 1:colcon.colcon_core.package_identification:_identify(src/px4_msgs) by extensions ['ignore', 'ignore_ament_install']
[0.182s] Level 1:colcon.colcon_core.package_identification:_identify(src/px4_msgs) by extension 'ignore'
[0.182s] Level 1:colcon.colcon_core.package_identification:_identify(src/px4_msgs) by extension 'ignore_ament_install'
[0.182s] Level 1:colcon.colcon_core.package_identification:_identify(src/px4_msgs) by extensions ['colcon_pkg']
[0.182s] Level 1:colcon.colcon_core.package_identification:_identify(src/px4_msgs) by extension 'colcon_pkg'
[0.182s] Level 1:colcon.colcon_core.package_identification:_identify(src/px4_msgs) by extensions ['colcon_meta']
[0.182s] Level 1:colcon.colcon_core.package_identification:_identify(src/px4_msgs) by extension 'colcon_meta'
[0.182s] Level 1:colcon.colcon_core.package_identification:_identify(src/px4_msgs) by extensions ['ros']
[0.183s] Level 1:colcon.colcon_core.package_identification:_identify(src/px4_msgs) by extension 'ros'
[0.183s] DEBUG:colcon.colcon_core.package_identification:Package 'src/px4_msgs' with type 'ros.ament_cmake' and name 'px4_msgs'
[0.183s] Level 1:colcon.colcon_core.package_discovery:discover_packages(recursive) using defaults
[0.183s] Level 1:colcon.colcon_core.package_discovery:discover_packages(ignore) discover
[0.183s] Level 1:colcon.colcon_core.package_discovery:discover_packages(ignore) using defaults
[0.183s] Level 1:colcon.colcon_core.package_discovery:discover_packages(path) discover
[0.183s] Level 1:colcon.colcon_core.package_discovery:discover_packages(path) using defaults
[0.202s] Level 1:colcon.colcon_core.package_discovery:discover_packages(prefix_path) check parameters
[0.202s] Level 1:colcon.colcon_core.package_discovery:discover_packages(prefix_path) discover
[0.204s] DEBUG:colcon.colcon_installed_package_information.package_discovery:Found 351 installed packages in /opt/ros/humble
[0.205s] Level 1:colcon.colcon_core.package_discovery:discover_packages(prefix_path) using defaults
[0.229s] Level 5:colcon.colcon_core.verb:set package 'fire_scout_gazebo' build argument 'cmake_args' from command line to 'None'
[0.229s] Level 5:colcon.colcon_core.verb:set package 'fire_scout_gazebo' build argument 'cmake_target' from command line to 'None'
[0.229s] Level 5:colcon.colcon_core.verb:set package 'fire_scout_gazebo' build argument 'cmake_target_skip_unavailable' from command line to 'False'
[0.229s] Level 5:colcon.colcon_core.verb:set package 'fire_scout_gazebo' build argument 'cmake_clean_cache' from command line to 'False'
[0.229s] Level 5:colcon.colcon_core.verb:set package 'fire_scout_gazebo' build argument 'cmake_clean_first' from command line to 'False'
[0.229s] Level 5:colcon.colcon_core.verb:set package 'fire_scout_gazebo' build argument 'cmake_force_configure' from command line to 'False'
[0.229s] Level 5:colcon.colcon_core.verb:set package 'fire_scout_gazebo' build argument 'ament_cmake_args' from command line to 'None'
[0.229s] Level 5:colcon.colcon_core.verb:set package 'fire_scout_gazebo' build argument 'catkin_cmake_args' from command line to 'None'
[0.229s] Level 5:colcon.colcon_core.verb:set package 'fire_scout_gazebo' build argument 'catkin_skip_building_tests' from command line to 'False'
[0.229s] DEBUG:colcon.colcon_core.verb:Building package 'fire_scout_gazebo' with the following arguments: {'ament_cmake_args': None, 'build_base': '/home/wei/fire_scout_ws/build/fire_scout_gazebo', 'catkin_cmake_args': None, 'catkin_skip_building_tests': False, 'cmake_args': None, 'cmake_clean_cache': False, 'cmake_clean_first': False, 'cmake_force_configure': False, 'cmake_target': None, 'cmake_target_skip_unavailable': False, 'install_base': '/home/wei/fire_scout_ws/install/fire_scout_gazebo', 'merge_install': False, 'path': '/home/wei/fire_scout_ws/src/fire_scout_gazebo', 'symlink_install': False, 'test_result_base': None}
[0.230s] Level 5:colcon.colcon_core.verb:set package 'px4_msgs' build argument 'cmake_args' from command line to 'None'
[0.230s] Level 5:colcon.colcon_core.verb:set package 'px4_msgs' build argument 'cmake_target' from command line to 'None'
[0.230s] Level 5:colcon.colcon_core.verb:set package 'px4_msgs' build argument 'cmake_target_skip_unavailable' from command line to 'False'
[0.230s] Level 5:colcon.colcon_core.verb:set package 'px4_msgs' build argument 'cmake_clean_cache' from command line to 'False'
[0.230s] Level 5:colcon.colcon_core.verb:set package 'px4_msgs' build argument 'cmake_clean_first' from command line to 'False'
[0.230s] Level 5:colcon.colcon_core.verb:set package 'px4_msgs' build argument 'cmake_force_configure' from command line to 'False'
[0.230s] Level 5:colcon.colcon_core.verb:set package 'px4_msgs' build argument 'ament_cmake_args' from command line to 'None'
[0.230s] Level 5:colcon.colcon_core.verb:set package 'px4_msgs' build argument 'catkin_cmake_args' from command line to 'None'
[0.230s] Level 5:colcon.colcon_core.verb:set package 'px4_msgs' build argument 'catkin_skip_building_tests' from command line to 'False'
[0.230s] DEBUG:colcon.colcon_core.verb:Building package 'px4_msgs' with the following arguments: {'ament_cmake_args': None, 'build_base': '/home/wei/fire_scout_ws/build/px4_msgs', 'catkin_cmake_args': None, 'catkin_skip_building_tests': False, 'cmake_args': None, 'cmake_clean_cache': False, 'cmake_clean_first': False, 'cmake_force_configure': False, 'cmake_target': None, 'cmake_target_skip_unavailable': False, 'install_base': '/home/wei/fire_scout_ws/install/px4_msgs', 'merge_install': False, 'path': '/home/wei/fire_scout_ws/src/px4_msgs', 'symlink_install': False, 'test_result_base': None}
[0.230s] Level 5:colcon.colcon_core.verb:set package 'fire_scout_control' build argument 'cmake_args' from command line to 'None'
[0.230s] Level 5:colcon.colcon_core.verb:set package 'fire_scout_control' build argument 'cmake_target' from command line to 'None'
[0.230s] Level 5:colcon.colcon_core.verb:set package 'fire_scout_control' build argument 'cmake_target_skip_unavailable' from command line to 'False'
[0.230s] Level 5:colcon.colcon_core.verb:set package 'fire_scout_control' build argument 'cmake_clean_cache' from command line to 'False'
[0.230s] Level 5:colcon.colcon_core.verb:set package 'fire_scout_control' build argument 'cmake_clean_first' from command line to 'False'
[0.230s] Level 5:colcon.colcon_core.verb:set package 'fire_scout_control' build argument 'cmake_force_configure' from command line to 'False'
[0.230s] Level 5:colcon.colcon_core.verb:set package 'fire_scout_control' build argument 'ament_cmake_args' from command line to 'None'
[0.230s] Level 5:colcon.colcon_core.verb:set package 'fire_scout_control' build argument 'catkin_cmake_args' from command line to 'None'
[0.230s] Level 5:colcon.colcon_core.verb:set package 'fire_scout_control' build argument 'catkin_skip_building_tests' from command line to 'False'
[0.230s] DEBUG:colcon.colcon_core.verb:Building package 'fire_scout_control' with the following arguments: {'ament_cmake_args': None, 'build_base': '/home/wei/fire_scout_ws/build/fire_scout_control', 'catkin_cmake_args': None, 'catkin_skip_building_tests': False, 'cmake_args': None, 'cmake_clean_cache': False, 'cmake_clean_first': False, 'cmake_force_configure': False, 'cmake_target': None, 'cmake_target_skip_unavailable': False, 'install_base': '/home/wei/fire_scout_ws/install/fire_scout_control', 'merge_install': False, 'path': '/home/wei/fire_scout_ws/src/fire_scout_control', 'symlink_install': False, 'test_result_base': None}
[0.230s] Level 5:colcon.colcon_core.verb:set package 'fire_scout_localization' build argument 'cmake_args' from command line to 'None'
[0.230s] Level 5:colcon.colcon_core.verb:set package 'fire_scout_localization' build argument 'cmake_target' from command line to 'None'
[0.230s] Level 5:colcon.colcon_core.verb:set package 'fire_scout_localization' build argument 'cmake_target_skip_unavailable' from command line to 'False'
[0.230s] Level 5:colcon.colcon_core.verb:set package 'fire_scout_localization' build argument 'cmake_clean_cache' from command line to 'False'
[0.230s] Level 5:colcon.colcon_core.verb:set package 'fire_scout_localization' build argument 'cmake_clean_first' from command line to 'False'
[0.230s] Level 5:colcon.colcon_core.verb:set package 'fire_scout_localization' build argument 'cmake_force_configure' from command line to 'False'
[0.230s] Level 5:colcon.colcon_core.verb:set package 'fire_scout_localization' build argument 'ament_cmake_args' from command line to 'None'
[0.230s] Level 5:colcon.colcon_core.verb:set package 'fire_scout_localization' build argument 'catkin_cmake_args' from command line to 'None'
[0.230s] Level 5:colcon.colcon_core.verb:set package 'fire_scout_localization' build argument 'catkin_skip_building_tests' from command line to 'False'
[0.230s] DEBUG:colcon.colcon_core.verb:Building package 'fire_scout_localization' with the following arguments: {'ament_cmake_args': None, 'build_base': '/home/wei/fire_scout_ws/build/fire_scout_localization', 'catkin_cmake_args': None, 'catkin_skip_building_tests': False, 'cmake_args': None, 'cmake_clean_cache': False, 'cmake_clean_first': False, 'cmake_force_configure': False, 'cmake_target': None, 'cmake_target_skip_unavailable': False, 'install_base': '/home/wei/fire_scout_ws/install/fire_scout_localization', 'merge_install': False, 'path': '/home/wei/fire_scout_ws/src/fire_scout_localization', 'symlink_install': False, 'test_result_base': None}
[0.231s] Level 5:colcon.colcon_core.verb:set package 'fire_scout_planning_safe' build argument 'cmake_args' from command line to 'None'
[0.231s] Level 5:colcon.colcon_core.verb:set package 'fire_scout_planning_safe' build argument 'cmake_target' from command line to 'None'
[0.231s] Level 5:colcon.colcon_core.verb:set package 'fire_scout_planning_safe' build argument 'cmake_target_skip_unavailable' from command line to 'False'
[0.231s] Level 5:colcon.colcon_core.verb:set package 'fire_scout_planning_safe' build argument 'cmake_clean_cache' from command line to 'False'
[0.231s] Level 5:colcon.colcon_core.verb:set package 'fire_scout_planning_safe' build argument 'cmake_clean_first' from command line to 'False'
[0.231s] Level 5:colcon.colcon_core.verb:set package 'fire_scout_planning_safe' build argument 'cmake_force_configure' from command line to 'False'
[0.231s] Level 5:colcon.colcon_core.verb:set package 'fire_scout_planning_safe' build argument 'ament_cmake_args' from command line to 'None'
[0.231s] Level 5:colcon.colcon_core.verb:set package 'fire_scout_planning_safe' build argument 'catkin_cmake_args' from command line to 'None'
[0.231s] Level 5:colcon.colcon_core.verb:set package 'fire_scout_planning_safe' build argument 'catkin_skip_building_tests' from command line to 'False'
[0.231s] DEBUG:colcon.colcon_core.verb:Building package 'fire_scout_planning_safe' with the following arguments: {'ament_cmake_args': None, 'build_base': '/home/wei/fire_scout_ws/build/fire_scout_planning_safe', 'catkin_cmake_args': None, 'catkin_skip_building_tests': False, 'cmake_args': None, 'cmake_clean_cache': False, 'cmake_clean_first': False, 'cmake_force_configure': False, 'cmake_target': None, 'cmake_target_skip_unavailable': False, 'install_base': '/home/wei/fire_scout_ws/install/fire_scout_planning_safe', 'merge_install': False, 'path': '/home/wei/fire_scout_ws/src/fire_scout_planning_safe', 'symlink_install': False, 'test_result_base': None}
[0.231s] Level 5:colcon.colcon_core.verb:set package 'fire_scout_sensors' build argument 'cmake_args' from command line to 'None'
[0.231s] Level 5:colcon.colcon_core.verb:set package 'fire_scout_sensors' build argument 'cmake_target' from command line to 'None'
[0.231s] Level 5:colcon.colcon_core.verb:set package 'fire_scout_sensors' build argument 'cmake_target_skip_unavailable' from command line to 'False'
[0.231s] Level 5:colcon.colcon_core.verb:set package 'fire_scout_sensors' build argument 'cmake_clean_cache' from command line to 'False'
[0.231s] Level 5:colcon.colcon_core.verb:set package 'fire_scout_sensors' build argument 'cmake_clean_first' from command line to 'False'
[0.231s] Level 5:colcon.colcon_core.verb:set package 'fire_scout_sensors' build argument 'cmake_force_configure' from command line to 'False'
[0.231s] Level 5:colcon.colcon_core.verb:set package 'fire_scout_sensors' build argument 'ament_cmake_args' from command line to 'None'
[0.231s] Level 5:colcon.colcon_core.verb:set package 'fire_scout_sensors' build argument 'catkin_cmake_args' from command line to 'None'
[0.231s] Level 5:colcon.colcon_core.verb:set package 'fire_scout_sensors' build argument 'catkin_skip_building_tests' from command line to 'False'
[0.231s] DEBUG:colcon.colcon_core.verb:Building package 'fire_scout_sensors' with the following arguments: {'ament_cmake_args': None, 'build_base': '/home/wei/fire_scout_ws/build/fire_scout_sensors', 'catkin_cmake_args': None, 'catkin_skip_building_tests': False, 'cmake_args': None, 'cmake_clean_cache': False, 'cmake_clean_first': False, 'cmake_force_configure': False, 'cmake_target': None, 'cmake_target_skip_unavailable': False, 'install_base': '/home/wei/fire_scout_ws/install/fire_scout_sensors', 'merge_install': False, 'path': '/home/wei/fire_scout_ws/src/fire_scout_sensors', 'symlink_install': False, 'test_result_base': None}
[0.231s] Level 5:colcon.colcon_core.verb:set package 'fire_scout_bringup' build argument 'cmake_args' from command line to 'None'
[0.231s] Level 5:colcon.colcon_core.verb:set package 'fire_scout_bringup' build argument 'cmake_target' from command line to 'None'
[0.231s] Level 5:colcon.colcon_core.verb:set package 'fire_scout_bringup' build argument 'cmake_target_skip_unavailable' from command line to 'False'
[0.231s] Level 5:colcon.colcon_core.verb:set package 'fire_scout_bringup' build argument 'cmake_clean_cache' from command line to 'False'
[0.231s] Level 5:colcon.colcon_core.verb:set package 'fire_scout_bringup' build argument 'cmake_clean_first' from command line to 'False'
[0.231s] Level 5:colcon.colcon_core.verb:set package 'fire_scout_bringup' build argument 'cmake_force_configure' from command line to 'False'
[0.231s] Level 5:colcon.colcon_core.verb:set package 'fire_scout_bringup' build argument 'ament_cmake_args' from command line to 'None'
[0.231s] Level 5:colcon.colcon_core.verb:set package 'fire_scout_bringup' build argument 'catkin_cmake_args' from command line to 'None'
[0.231s] Level 5:colcon.colcon_core.verb:set package 'fire_scout_bringup' build argument 'catkin_skip_building_tests' from command line to 'False'
[0.231s] DEBUG:colcon.colcon_core.verb:Building package 'fire_scout_bringup' with the following arguments: {'ament_cmake_args': None, 'build_base': '/home/wei/fire_scout_ws/build/fire_scout_bringup', 'catkin_cmake_args': None, 'catkin_skip_building_tests': False, 'cmake_args': None, 'cmake_clean_cache': False, 'cmake_clean_first': False, 'cmake_force_configure': False, 'cmake_target': None, 'cmake_target_skip_unavailable': False, 'install_base': '/home/wei/fire_scout_ws/install/fire_scout_bringup', 'merge_install': False, 'path': '/home/wei/fire_scout_ws/src/fire_scout_bringup', 'symlink_install': False, 'test_result_base': None}
[0.232s] Level 5:colcon.colcon_core.verb:set package 'fire_scout_mapping' build argument 'cmake_args' from command line to 'None'
[0.232s] Level 5:colcon.colcon_core.verb:set package 'fire_scout_mapping' build argument 'cmake_target' from command line to 'None'
[0.232s] Level 5:colcon.colcon_core.verb:set package 'fire_scout_mapping' build argument 'cmake_target_skip_unavailable' from command line to 'False'
[0.232s] Level 5:colcon.colcon_core.verb:set package 'fire_scout_mapping' build argument 'cmake_clean_cache' from command line to 'False'
[0.232s] Level 5:colcon.colcon_core.verb:set package 'fire_scout_mapping' build argument 'cmake_clean_first' from command line to 'False'
[0.232s] Level 5:colcon.colcon_core.verb:set package 'fire_scout_mapping' build argument 'cmake_force_configure' from command line to 'False'
[0.232s] Level 5:colcon.colcon_core.verb:set package 'fire_scout_mapping' build argument 'ament_cmake_args' from command line to 'None'
[0.232s] Level 5:colcon.colcon_core.verb:set package 'fire_scout_mapping' build argument 'catkin_cmake_args' from command line to 'None'
[0.232s] Level 5:colcon.colcon_core.verb:set package 'fire_scout_mapping' build argument 'catkin_skip_building_tests' from command line to 'False'
[0.232s] DEBUG:colcon.colcon_core.verb:Building package 'fire_scout_mapping' with the following arguments: {'ament_cmake_args': None, 'build_base': '/home/wei/fire_scout_ws/build/fire_scout_mapping', 'catkin_cmake_args': None, 'catkin_skip_building_tests': False, 'cmake_args': None, 'cmake_clean_cache': False, 'cmake_clean_first': False, 'cmake_force_configure': False, 'cmake_target': None, 'cmake_target_skip_unavailable': False, 'install_base': '/home/wei/fire_scout_ws/install/fire_scout_mapping', 'merge_install': False, 'path': '/home/wei/fire_scout_ws/src/fire_scout_mapping', 'symlink_install': False, 'test_result_base': None}
[0.232s] INFO:colcon.colcon_core.executor:Executing jobs using 'parallel' executor
[0.233s] DEBUG:colcon.colcon_parallel_executor.executor.parallel:run_until_complete
[0.233s] INFO:colcon.colcon_ros.task.ament_cmake.build:Building ROS package in '/home/wei/fire_scout_ws/src/px4_msgs' with build type 'ament_cmake'
[0.233s] INFO:colcon.colcon_cmake.task.cmake.build:Building CMake package in '/home/wei/fire_scout_ws/src/px4_msgs'
[0.234s] INFO:colcon.colcon_core.plugin_system:Skipping extension 'colcon_core.shell.bat': Not used on non-Windows systems
[0.234s] INFO:colcon.colcon_core.shell:Skip shell extension 'powershell' for command environment: Not usable outside of PowerShell
[0.234s] DEBUG:colcon.colcon_core.shell:Skip shell extension 'dsv' for command environment
[0.236s] INFO:colcon.colcon_ros.task.ament_cmake.build:Building ROS package in '/home/wei/fire_scout_ws/src/fire_scout_gazebo' with build type 'ament_cmake'
[0.236s] INFO:colcon.colcon_cmake.task.cmake.build:Building CMake package in '/home/wei/fire_scout_ws/src/fire_scout_gazebo'
[0.237s] INFO:colcon.colcon_core.shell:Skip shell extension 'powershell' for command environment: Not usable outside of PowerShell
[0.237s] DEBUG:colcon.colcon_core.shell:Skip shell extension 'dsv' for command environment
[0.242s] DEBUG:colcon.colcon_core.event_handler.log_command:Invoking command in '/home/wei/fire_scout_ws/build/px4_msgs': CMAKE_PREFIX_PATH=/opt/ros/humble /usr/bin/cmake --build /home/wei/fire_scout_ws/build/px4_msgs -- -j32 -l32
[0.244s] DEBUG:colcon.colcon_core.event_handler.log_command:Invoking command in '/home/wei/fire_scout_ws/build/fire_scout_gazebo': CMAKE_PREFIX_PATH=/opt/ros/humble /usr/bin/cmake --build /home/wei/fire_scout_ws/build/fire_scout_gazebo -- -j32 -l32
[0.274s] DEBUG:colcon.colcon_core.event_handler.log_command:Invoked command in '/home/wei/fire_scout_ws/build/fire_scout_gazebo' returned '0': CMAKE_PREFIX_PATH=/opt/ros/humble /usr/bin/cmake --build /home/wei/fire_scout_ws/build/fire_scout_gazebo -- -j32 -l32
[0.283s] DEBUG:colcon.colcon_core.event_handler.log_command:Invoking command in '/home/wei/fire_scout_ws/build/fire_scout_gazebo': CMAKE_PREFIX_PATH=/opt/ros/humble /usr/bin/cmake --install /home/wei/fire_scout_ws/build/fire_scout_gazebo
[0.290s] Level 1:colcon.colcon_core.environment:create_environment_scripts_only(fire_scout_gazebo)
[0.291s] DEBUG:colcon.colcon_core.event_handler.log_command:Invoked command in '/home/wei/fire_scout_ws/build/fire_scout_gazebo' returned '0': CMAKE_PREFIX_PATH=/opt/ros/humble /usr/bin/cmake --install /home/wei/fire_scout_ws/build/fire_scout_gazebo
[0.293s] Level 1:colcon.colcon_core.environment:checking '/home/wei/fire_scout_ws/install/fire_scout_gazebo' for CMake module files
[0.293s] Level 1:colcon.colcon_core.environment:checking '/home/wei/fire_scout_ws/install/fire_scout_gazebo' for CMake config files
[0.294s] Level 1:colcon.colcon_core.shell:create_environment_hook('fire_scout_gazebo', 'cmake_prefix_path')
[0.294s] INFO:colcon.colcon_core.shell:Creating environment hook '/home/wei/fire_scout_ws/install/fire_scout_gazebo/share/fire_scout_gazebo/hook/cmake_prefix_path.ps1'
[0.295s] INFO:colcon.colcon_core.shell:Creating environment descriptor '/home/wei/fire_scout_ws/install/fire_scout_gazebo/share/fire_scout_gazebo/hook/cmake_prefix_path.dsv'
[0.295s] INFO:colcon.colcon_core.shell:Creating environment hook '/home/wei/fire_scout_ws/install/fire_scout_gazebo/share/fire_scout_gazebo/hook/cmake_prefix_path.sh'
[0.296s] Level 1:colcon.colcon_core.environment:checking '/home/wei/fire_scout_ws/install/fire_scout_gazebo/bin'
[0.296s] Level 1:colcon.colcon_core.environment:checking '/home/wei/fire_scout_ws/install/fire_scout_gazebo/lib/pkgconfig/fire_scout_gazebo.pc'
[0.296s] Level 1:colcon.colcon_core.environment:checking '/home/wei/fire_scout_ws/install/fire_scout_gazebo/lib/python3.10/site-packages'
[0.297s] Level 1:colcon.colcon_core.environment:checking '/home/wei/fire_scout_ws/install/fire_scout_gazebo/bin'
[0.297s] INFO:colcon.colcon_core.shell:Creating package script '/home/wei/fire_scout_ws/install/fire_scout_gazebo/share/fire_scout_gazebo/package.ps1'
[0.298s] INFO:colcon.colcon_core.shell:Creating package descriptor '/home/wei/fire_scout_ws/install/fire_scout_gazebo/share/fire_scout_gazebo/package.dsv'
[0.299s] INFO:colcon.colcon_core.shell:Creating package script '/home/wei/fire_scout_ws/install/fire_scout_gazebo/share/fire_scout_gazebo/package.sh'
[0.299s] INFO:colcon.colcon_core.shell:Creating package script '/home/wei/fire_scout_ws/install/fire_scout_gazebo/share/fire_scout_gazebo/package.bash'
[0.299s] INFO:colcon.colcon_core.shell:Creating package script '/home/wei/fire_scout_ws/install/fire_scout_gazebo/share/fire_scout_gazebo/package.zsh'
[0.300s] Level 1:colcon.colcon_core.environment:create_file_with_runtime_dependencies(/home/wei/fire_scout_ws/install/fire_scout_gazebo/share/colcon-core/packages/fire_scout_gazebo)
[0.300s] Level 1:colcon.colcon_core.environment:create_environment_scripts_only(fire_scout_gazebo)
[0.300s] Level 1:colcon.colcon_core.environment:checking '/home/wei/fire_scout_ws/install/fire_scout_gazebo' for CMake module files
[0.300s] Level 1:colcon.colcon_core.environment:checking '/home/wei/fire_scout_ws/install/fire_scout_gazebo' for CMake config files
[0.301s] Level 1:colcon.colcon_core.shell:create_environment_hook('fire_scout_gazebo', 'cmake_prefix_path')
[0.301s] INFO:colcon.colcon_core.shell:Creating environment hook '/home/wei/fire_scout_ws/install/fire_scout_gazebo/share/fire_scout_gazebo/hook/cmake_prefix_path.ps1'
[0.301s] INFO:colcon.colcon_core.shell:Creating environment descriptor '/home/wei/fire_scout_ws/install/fire_scout_gazebo/share/fire_scout_gazebo/hook/cmake_prefix_path.dsv'
[0.301s] INFO:colcon.colcon_core.shell:Creating environment hook '/home/wei/fire_scout_ws/install/fire_scout_gazebo/share/fire_scout_gazebo/hook/cmake_prefix_path.sh'
[0.301s] Level 1:colcon.colcon_core.environment:checking '/home/wei/fire_scout_ws/install/fire_scout_gazebo/bin'
[0.301s] Level 1:colcon.colcon_core.environment:checking '/home/wei/fire_scout_ws/install/fire_scout_gazebo/lib/pkgconfig/fire_scout_gazebo.pc'
[0.302s] Level 1:colcon.colcon_core.environment:checking '/home/wei/fire_scout_ws/install/fire_scout_gazebo/lib/python3.10/site-packages'
[0.302s] Level 1:colcon.colcon_core.environment:checking '/home/wei/fire_scout_ws/install/fire_scout_gazebo/bin'
[0.302s] INFO:colcon.colcon_core.shell:Creating package script '/home/wei/fire_scout_ws/install/fire_scout_gazebo/share/fire_scout_gazebo/package.ps1'
[0.302s] INFO:colcon.colcon_core.shell:Creating package descriptor '/home/wei/fire_scout_ws/install/fire_scout_gazebo/share/fire_scout_gazebo/package.dsv'
[0.303s] INFO:colcon.colcon_core.shell:Creating package script '/home/wei/fire_scout_ws/install/fire_scout_gazebo/share/fire_scout_gazebo/package.sh'
[0.303s] INFO:colcon.colcon_core.shell:Creating package script '/home/wei/fire_scout_ws/install/fire_scout_gazebo/share/fire_scout_gazebo/package.bash'
[0.303s] INFO:colcon.colcon_core.shell:Creating package script '/home/wei/fire_scout_ws/install/fire_scout_gazebo/share/fire_scout_gazebo/package.zsh'
[0.303s] Level 1:colcon.colcon_core.environment:create_file_with_runtime_dependencies(/home/wei/fire_scout_ws/install/fire_scout_gazebo/share/colcon-core/packages/fire_scout_gazebo)
[1.189s] DEBUG:colcon.colcon_core.event_handler.log_command:Invoked command in '/home/wei/fire_scout_ws/build/px4_msgs' returned '0': CMAKE_PREFIX_PATH=/opt/ros/humble /usr/bin/cmake --build /home/wei/fire_scout_ws/build/px4_msgs -- -j32 -l32
[1.190s] DEBUG:colcon.colcon_core.event_handler.log_command:Invoking command in '/home/wei/fire_scout_ws/build/px4_msgs': CMAKE_PREFIX_PATH=/opt/ros/humble /usr/bin/cmake --install /home/wei/fire_scout_ws/build/px4_msgs
[1.424s] Level 1:colcon.colcon_core.environment:create_environment_scripts_only(px4_msgs)
[1.424s] Level 1:colcon.colcon_core.environment:checking '/home/wei/fire_scout_ws/install/px4_msgs' for CMake module files
[1.424s] DEBUG:colcon.colcon_core.event_handler.log_command:Invoked command in '/home/wei/fire_scout_ws/build/px4_msgs' returned '0': CMAKE_PREFIX_PATH=/opt/ros/humble /usr/bin/cmake --install /home/wei/fire_scout_ws/build/px4_msgs
[1.425s] Level 1:colcon.colcon_core.environment:checking '/home/wei/fire_scout_ws/install/px4_msgs' for CMake config files
[1.425s] Level 1:colcon.colcon_core.shell:create_environment_hook('px4_msgs', 'cmake_prefix_path')
[1.426s] INFO:colcon.colcon_core.shell:Creating environment hook '/home/wei/fire_scout_ws/install/px4_msgs/share/px4_msgs/hook/cmake_prefix_path.ps1'
[1.426s] INFO:colcon.colcon_core.shell:Creating environment descriptor '/home/wei/fire_scout_ws/install/px4_msgs/share/px4_msgs/hook/cmake_prefix_path.dsv'
[1.427s] INFO:colcon.colcon_core.shell:Creating environment hook '/home/wei/fire_scout_ws/install/px4_msgs/share/px4_msgs/hook/cmake_prefix_path.sh'
[1.427s] Level 1:colcon.colcon_core.environment:checking '/home/wei/fire_scout_ws/install/px4_msgs/lib'
[1.427s] Level 1:colcon.colcon_core.shell:create_environment_hook('px4_msgs', 'ld_library_path_lib')
[1.428s] INFO:colcon.colcon_core.shell:Creating environment hook '/home/wei/fire_scout_ws/install/px4_msgs/share/px4_msgs/hook/ld_library_path_lib.ps1'
[1.428s] INFO:colcon.colcon_core.shell:Creating environment descriptor '/home/wei/fire_scout_ws/install/px4_msgs/share/px4_msgs/hook/ld_library_path_lib.dsv'
[1.428s] INFO:colcon.colcon_core.shell:Creating environment hook '/home/wei/fire_scout_ws/install/px4_msgs/share/px4_msgs/hook/ld_library_path_lib.sh'
[1.429s] Level 1:colcon.colcon_core.environment:checking '/home/wei/fire_scout_ws/install/px4_msgs/bin'
[1.429s] Level 1:colcon.colcon_core.environment:checking '/home/wei/fire_scout_ws/install/px4_msgs/lib/pkgconfig/px4_msgs.pc'
[1.429s] Level 1:colcon.colcon_core.environment:checking '/home/wei/fire_scout_ws/install/px4_msgs/lib/python3.10/site-packages'
[1.429s] Level 1:colcon.colcon_core.environment:checking '/home/wei/fire_scout_ws/install/px4_msgs/bin'
[1.430s] INFO:colcon.colcon_core.shell:Creating package script '/home/wei/fire_scout_ws/install/px4_msgs/share/px4_msgs/package.ps1'
[1.430s] INFO:colcon.colcon_core.shell:Creating package descriptor '/home/wei/fire_scout_ws/install/px4_msgs/share/px4_msgs/package.dsv'
[1.431s] INFO:colcon.colcon_core.shell:Creating package script '/home/wei/fire_scout_ws/install/px4_msgs/share/px4_msgs/package.sh'
[1.431s] INFO:colcon.colcon_core.shell:Creating package script '/home/wei/fire_scout_ws/install/px4_msgs/share/px4_msgs/package.bash'
[1.432s] INFO:colcon.colcon_core.shell:Creating package script '/home/wei/fire_scout_ws/install/px4_msgs/share/px4_msgs/package.zsh'
[1.432s] Level 1:colcon.colcon_core.environment:create_file_with_runtime_dependencies(/home/wei/fire_scout_ws/install/px4_msgs/share/colcon-core/packages/px4_msgs)
[1.432s] Level 1:colcon.colcon_core.environment:create_environment_scripts_only(px4_msgs)
[1.433s] Level 1:colcon.colcon_core.environment:checking '/home/wei/fire_scout_ws/install/px4_msgs' for CMake module files
[1.433s] Level 1:colcon.colcon_core.environment:checking '/home/wei/fire_scout_ws/install/px4_msgs' for CMake config files
[1.434s] Level 1:colcon.colcon_core.shell:create_environment_hook('px4_msgs', 'cmake_prefix_path')
[1.434s] INFO:colcon.colcon_core.shell:Creating environment hook '/home/wei/fire_scout_ws/install/px4_msgs/share/px4_msgs/hook/cmake_prefix_path.ps1'
[1.434s] INFO:colcon.colcon_core.shell:Creating environment descriptor '/home/wei/fire_scout_ws/install/px4_msgs/share/px4_msgs/hook/cmake_prefix_path.dsv'
[1.435s] INFO:colcon.colcon_core.shell:Creating environment hook '/home/wei/fire_scout_ws/install/px4_msgs/share/px4_msgs/hook/cmake_prefix_path.sh'
[1.435s] Level 1:colcon.colcon_core.environment:checking '/home/wei/fire_scout_ws/install/px4_msgs/lib'
[1.435s] Level 1:colcon.colcon_core.shell:create_environment_hook('px4_msgs', 'ld_library_path_lib')
[1.435s] INFO:colcon.colcon_core.shell:Creating environment hook '/home/wei/fire_scout_ws/install/px4_msgs/share/px4_msgs/hook/ld_library_path_lib.ps1'
[1.436s] INFO:colcon.colcon_core.shell:Creating environment descriptor '/home/wei/fire_scout_ws/install/px4_msgs/share/px4_msgs/hook/ld_library_path_lib.dsv'
[1.436s] INFO:colcon.colcon_core.shell:Creating environment hook '/home/wei/fire_scout_ws/install/px4_msgs/share/px4_msgs/hook/ld_library_path_lib.sh'
[1.436s] Level 1:colcon.colcon_core.environment:checking '/home/wei/fire_scout_ws/install/px4_msgs/bin'
[1.436s] Level 1:colcon.colcon_core.environment:checking '/home/wei/fire_scout_ws/install/px4_msgs/lib/pkgconfig/px4_msgs.pc'
[1.437s] Level 1:colcon.colcon_core.environment:checking '/home/wei/fire_scout_ws/install/px4_msgs/lib/python3.10/site-packages'
[1.437s] Level 1:colcon.colcon_core.environment:checking '/home/wei/fire_scout_ws/install/px4_msgs/bin'
[1.437s] INFO:colcon.colcon_core.shell:Creating package script '/home/wei/fire_scout_ws/install/px4_msgs/share/px4_msgs/package.ps1'
[1.438s] INFO:colcon.colcon_core.shell:Creating package descriptor '/home/wei/fire_scout_ws/install/px4_msgs/share/px4_msgs/package.dsv'
[1.438s] INFO:colcon.colcon_core.shell:Creating package script '/home/wei/fire_scout_ws/install/px4_msgs/share/px4_msgs/package.sh'
[1.439s] INFO:colcon.colcon_core.shell:Creating package script '/home/wei/fire_scout_ws/install/px4_msgs/share/px4_msgs/package.bash'
[1.439s] INFO:colcon.colcon_core.shell:Creating package script '/home/wei/fire_scout_ws/install/px4_msgs/share/px4_msgs/package.zsh'
[1.439s] Level 1:colcon.colcon_core.environment:create_file_with_runtime_dependencies(/home/wei/fire_scout_ws/install/px4_msgs/share/colcon-core/packages/px4_msgs)
[1.440s] INFO:colcon.colcon_ros.task.ament_cmake.build:Building ROS package in '/home/wei/fire_scout_ws/src/fire_scout_localization' with build type 'ament_cmake'
[1.440s] INFO:colcon.colcon_cmake.task.cmake.build:Building CMake package in '/home/wei/fire_scout_ws/src/fire_scout_localization'
[1.440s] INFO:colcon.colcon_core.shell:Skip shell extension 'powershell' for command environment: Not usable outside of PowerShell
[1.440s] DEBUG:colcon.colcon_core.shell:Skip shell extension 'dsv' for command environment
[1.443s] INFO:colcon.colcon_ros.task.ament_cmake.build:Building ROS package in '/home/wei/fire_scout_ws/src/fire_scout_planning_safe' with build type 'ament_cmake'
[1.444s] INFO:colcon.colcon_cmake.task.cmake.build:Building CMake package in '/home/wei/fire_scout_ws/src/fire_scout_planning_safe'
[1.444s] INFO:colcon.colcon_core.shell:Skip shell extension 'powershell' for command environment: Not usable outside of PowerShell
[1.444s] DEBUG:colcon.colcon_core.shell:Skip shell extension 'dsv' for command environment
[1.446s] INFO:colcon.colcon_ros.task.ament_cmake.build:Building ROS package in '/home/wei/fire_scout_ws/src/fire_scout_sensors' with build type 'ament_cmake'
[1.446s] INFO:colcon.colcon_cmake.task.cmake.build:Building CMake package in '/home/wei/fire_scout_ws/src/fire_scout_sensors'
[1.446s] INFO:colcon.colcon_core.shell:Skip shell extension 'powershell' for command environment: Not usable outside of PowerShell
[1.446s] DEBUG:colcon.colcon_core.shell:Skip shell extension 'dsv' for command environment
[1.448s] INFO:colcon.colcon_ros.task.ament_cmake.build:Building ROS package in '/home/wei/fire_scout_ws/src/fire_scout_control' with build type 'ament_cmake'
[1.448s] INFO:colcon.colcon_cmake.task.cmake.build:Building CMake package in '/home/wei/fire_scout_ws/src/fire_scout_control'
[1.448s] INFO:colcon.colcon_core.shell:Skip shell extension 'powershell' for command environment: Not usable outside of PowerShell
[1.448s] DEBUG:colcon.colcon_core.shell:Skip shell extension 'dsv' for command environment
[1.453s] DEBUG:colcon.colcon_core.event_handler.log_command:Invoking command in '/home/wei/fire_scout_ws/build/fire_scout_localization': AMENT_PREFIX_PATH=/home/wei/fire_scout_ws/install/px4_msgs:${AMENT_PREFIX_PATH} CMAKE_PREFIX_PATH=/home/wei/fire_scout_ws/install/px4_msgs:/opt/ros/humble LD_LIBRARY_PATH=/home/wei/fire_scout_ws/install/px4_msgs/lib:${LD_LIBRARY_PATH} PYTHONPATH=/home/wei/fire_scout_ws/install/px4_msgs/local/lib/python3.10/dist-packages:${PYTHONPATH} /usr/bin/cmake --build /home/wei/fire_scout_ws/build/fire_scout_localization -- -j32 -l32
[1.458s] DEBUG:colcon.colcon_core.event_handler.log_command:Invoking command in '/home/wei/fire_scout_ws/build/fire_scout_planning_safe': AMENT_PREFIX_PATH=/home/wei/fire_scout_ws/install/px4_msgs:${AMENT_PREFIX_PATH} CMAKE_PREFIX_PATH=/home/wei/fire_scout_ws/install/px4_msgs:/opt/ros/humble LD_LIBRARY_PATH=/home/wei/fire_scout_ws/install/px4_msgs/lib:${LD_LIBRARY_PATH} PYTHONPATH=/home/wei/fire_scout_ws/install/px4_msgs/local/lib/python3.10/dist-packages:${PYTHONPATH} /usr/bin/cmake --build /home/wei/fire_scout_ws/build/fire_scout_planning_safe -- -j32 -l32
[1.461s] DEBUG:colcon.colcon_core.event_handler.log_command:Invoking command in '/home/wei/fire_scout_ws/build/fire_scout_sensors': AMENT_PREFIX_PATH=/home/wei/fire_scout_ws/install/px4_msgs:${AMENT_PREFIX_PATH} CMAKE_PREFIX_PATH=/home/wei/fire_scout_ws/install/px4_msgs:/opt/ros/humble LD_LIBRARY_PATH=/home/wei/fire_scout_ws/install/px4_msgs/lib:${LD_LIBRARY_PATH} PYTHONPATH=/home/wei/fire_scout_ws/install/px4_msgs/local/lib/python3.10/dist-packages:${PYTHONPATH} /usr/bin/cmake --build /home/wei/fire_scout_ws/build/fire_scout_sensors -- -j32 -l32
[1.462s] DEBUG:colcon.colcon_core.event_handler.log_command:Invoking command in '/home/wei/fire_scout_ws/build/fire_scout_control': AMENT_PREFIX_PATH=/home/wei/fire_scout_ws/install/px4_msgs:${AMENT_PREFIX_PATH} CMAKE_PREFIX_PATH=/home/wei/fire_scout_ws/install/px4_msgs:/opt/ros/humble LD_LIBRARY_PATH=/home/wei/fire_scout_ws/install/px4_msgs/lib:${LD_LIBRARY_PATH} PYTHONPATH=/home/wei/fire_scout_ws/install/px4_msgs/local/lib/python3.10/dist-packages:${PYTHONPATH} /usr/bin/cmake --build /home/wei/fire_scout_ws/build/fire_scout_control -- -j32 -l32
[1.518s] DEBUG:colcon.colcon_core.event_handler.log_command:Invoked command in '/home/wei/fire_scout_ws/build/fire_scout_localization' returned '0': AMENT_PREFIX_PATH=/home/wei/fire_scout_ws/install/px4_msgs:${AMENT_PREFIX_PATH} CMAKE_PREFIX_PATH=/home/wei/fire_scout_ws/install/px4_msgs:/opt/ros/humble LD_LIBRARY_PATH=/home/wei/fire_scout_ws/install/px4_msgs/lib:${LD_LIBRARY_PATH} PYTHONPATH=/home/wei/fire_scout_ws/install/px4_msgs/local/lib/python3.10/dist-packages:${PYTHONPATH} /usr/bin/cmake --build /home/wei/fire_scout_ws/build/fire_scout_localization -- -j32 -l32
[1.519s] DEBUG:colcon.colcon_core.event_handler.log_command:Invoking command in '/home/wei/fire_scout_ws/build/fire_scout_localization': AMENT_PREFIX_PATH=/home/wei/fire_scout_ws/install/px4_msgs:${AMENT_PREFIX_PATH} CMAKE_PREFIX_PATH=/home/wei/fire_scout_ws/install/px4_msgs:/opt/ros/humble LD_LIBRARY_PATH=/home/wei/fire_scout_ws/install/px4_msgs/lib:${LD_LIBRARY_PATH} PYTHONPATH=/home/wei/fire_scout_ws/install/px4_msgs/local/lib/python3.10/dist-packages:${PYTHONPATH} /usr/bin/cmake --install /home/wei/fire_scout_ws/build/fire_scout_localization
[1.531s] DEBUG:colcon.colcon_core.event_handler.log_command:Invoked command in '/home/wei/fire_scout_ws/build/fire_scout_sensors' returned '0': AMENT_PREFIX_PATH=/home/wei/fire_scout_ws/install/px4_msgs:${AMENT_PREFIX_PATH} CMAKE_PREFIX_PATH=/home/wei/fire_scout_ws/install/px4_msgs:/opt/ros/humble LD_LIBRARY_PATH=/home/wei/fire_scout_ws/install/px4_msgs/lib:${LD_LIBRARY_PATH} PYTHONPATH=/home/wei/fire_scout_ws/install/px4_msgs/local/lib/python3.10/dist-packages:${PYTHONPATH} /usr/bin/cmake --build /home/wei/fire_scout_ws/build/fire_scout_sensors -- -j32 -l32
[1.532s] DEBUG:colcon.colcon_core.event_handler.log_command:Invoking command in '/home/wei/fire_scout_ws/build/fire_scout_sensors': AMENT_PREFIX_PATH=/home/wei/fire_scout_ws/install/px4_msgs:${AMENT_PREFIX_PATH} CMAKE_PREFIX_PATH=/home/wei/fire_scout_ws/install/px4_msgs:/opt/ros/humble LD_LIBRARY_PATH=/home/wei/fire_scout_ws/install/px4_msgs/lib:${LD_LIBRARY_PATH} PYTHONPATH=/home/wei/fire_scout_ws/install/px4_msgs/local/lib/python3.10/dist-packages:${PYTHONPATH} /usr/bin/cmake --install /home/wei/fire_scout_ws/build/fire_scout_sensors
[1.533s] DEBUG:colcon.colcon_core.event_handler.log_command:Invoked command in '/home/wei/fire_scout_ws/build/fire_scout_control' returned '0': AMENT_PREFIX_PATH=/home/wei/fire_scout_ws/install/px4_msgs:${AMENT_PREFIX_PATH} CMAKE_PREFIX_PATH=/home/wei/fire_scout_ws/install/px4_msgs:/opt/ros/humble LD_LIBRARY_PATH=/home/wei/fire_scout_ws/install/px4_msgs/lib:${LD_LIBRARY_PATH} PYTHONPATH=/home/wei/fire_scout_ws/install/px4_msgs/local/lib/python3.10/dist-packages:${PYTHONPATH} /usr/bin/cmake --build /home/wei/fire_scout_ws/build/fire_scout_control -- -j32 -l32
[1.534s] DEBUG:colcon.colcon_core.event_handler.log_command:Invoking command in '/home/wei/fire_scout_ws/build/fire_scout_control': AMENT_PREFIX_PATH=/home/wei/fire_scout_ws/install/px4_msgs:${AMENT_PREFIX_PATH} CMAKE_PREFIX_PATH=/home/wei/fire_scout_ws/install/px4_msgs:/opt/ros/humble LD_LIBRARY_PATH=/home/wei/fire_scout_ws/install/px4_msgs/lib:${LD_LIBRARY_PATH} PYTHONPATH=/home/wei/fire_scout_ws/install/px4_msgs/local/lib/python3.10/dist-packages:${PYTHONPATH} /usr/bin/cmake --install /home/wei/fire_scout_ws/build/fire_scout_control
[1.534s] Level 1:colcon.colcon_core.environment:create_environment_scripts_only(fire_scout_localization)
[1.535s] Level 1:colcon.colcon_core.environment:checking '/home/wei/fire_scout_ws/install/fire_scout_localization' for CMake module files
[1.536s] DEBUG:colcon.colcon_core.event_handler.log_command:Invoked command in '/home/wei/fire_scout_ws/build/fire_scout_localization' returned '0': AMENT_PREFIX_PATH=/home/wei/fire_scout_ws/install/px4_msgs:${AMENT_PREFIX_PATH} CMAKE_PREFIX_PATH=/home/wei/fire_scout_ws/install/px4_msgs:/opt/ros/humble LD_LIBRARY_PATH=/home/wei/fire_scout_ws/install/px4_msgs/lib:${LD_LIBRARY_PATH} PYTHONPATH=/home/wei/fire_scout_ws/install/px4_msgs/local/lib/python3.10/dist-packages:${PYTHONPATH} /usr/bin/cmake --install /home/wei/fire_scout_ws/build/fire_scout_localization
[1.536s] Level 1:colcon.colcon_core.environment:checking '/home/wei/fire_scout_ws/install/fire_scout_localization' for CMake config files
[1.536s] Level 1:colcon.colcon_core.shell:create_environment_hook('fire_scout_localization', 'cmake_prefix_path')
[1.537s] INFO:colcon.colcon_core.shell:Creating environment hook '/home/wei/fire_scout_ws/install/fire_scout_localization/share/fire_scout_localization/hook/cmake_prefix_path.ps1'
[1.537s] INFO:colcon.colcon_core.shell:Creating environment descriptor '/home/wei/fire_scout_ws/install/fire_scout_localization/share/fire_scout_localization/hook/cmake_prefix_path.dsv'
[1.537s] INFO:colcon.colcon_core.shell:Creating environment hook '/home/wei/fire_scout_ws/install/fire_scout_localization/share/fire_scout_localization/hook/cmake_prefix_path.sh'
[1.538s] Level 1:colcon.colcon_core.environment:checking '/home/wei/fire_scout_ws/install/fire_scout_localization/lib'
[1.538s] Level 1:colcon.colcon_core.environment:checking '/home/wei/fire_scout_ws/install/fire_scout_localization/bin'
[1.538s] Level 1:colcon.colcon_core.environment:checking '/home/wei/fire_scout_ws/install/fire_scout_localization/lib/pkgconfig/fire_scout_localization.pc'
[1.538s] Level 1:colcon.colcon_core.environment:checking '/home/wei/fire_scout_ws/install/fire_scout_localization/lib/python3.10/site-packages'
[1.539s] Level 1:colcon.colcon_core.environment:checking '/home/wei/fire_scout_ws/install/fire_scout_localization/bin'
[1.539s] INFO:colcon.colcon_core.shell:Creating package script '/home/wei/fire_scout_ws/install/fire_scout_localization/share/fire_scout_localization/package.ps1'
[1.540s] INFO:colcon.colcon_core.shell:Creating package descriptor '/home/wei/fire_scout_ws/install/fire_scout_localization/share/fire_scout_localization/package.dsv'
[1.541s] INFO:colcon.colcon_core.shell:Creating package script '/home/wei/fire_scout_ws/install/fire_scout_localization/share/fire_scout_localization/package.sh'
[1.542s] INFO:colcon.colcon_core.shell:Creating package script '/home/wei/fire_scout_ws/install/fire_scout_localization/share/fire_scout_localization/package.bash'
[1.543s] INFO:colcon.colcon_core.shell:Creating package script '/home/wei/fire_scout_ws/install/fire_scout_localization/share/fire_scout_localization/package.zsh'
[1.543s] Level 1:colcon.colcon_core.environment:create_file_with_runtime_dependencies(/home/wei/fire_scout_ws/install/fire_scout_localization/share/colcon-core/packages/fire_scout_localization)
[1.544s] Level 1:colcon.colcon_core.environment:create_environment_scripts_only(fire_scout_localization)
[1.544s] Level 1:colcon.colcon_core.environment:checking '/home/wei/fire_scout_ws/install/fire_scout_localization' for CMake module files
[1.544s] Level 1:colcon.colcon_core.environment:checking '/home/wei/fire_scout_ws/install/fire_scout_localization' for CMake config files
[1.545s] Level 1:colcon.colcon_core.shell:create_environment_hook('fire_scout_localization', 'cmake_prefix_path')
[1.545s] INFO:colcon.colcon_core.shell:Creating environment hook '/home/wei/fire_scout_ws/install/fire_scout_localization/share/fire_scout_localization/hook/cmake_prefix_path.ps1'
[1.545s] INFO:colcon.colcon_core.shell:Creating environment descriptor '/home/wei/fire_scout_ws/install/fire_scout_localization/share/fire_scout_localization/hook/cmake_prefix_path.dsv'
[1.545s] INFO:colcon.colcon_core.shell:Creating environment hook '/home/wei/fire_scout_ws/install/fire_scout_localization/share/fire_scout_localization/hook/cmake_prefix_path.sh'
[1.545s] Level 1:colcon.colcon_core.environment:checking '/home/wei/fire_scout_ws/install/fire_scout_localization/lib'
[1.546s] Level 1:colcon.colcon_core.environment:checking '/home/wei/fire_scout_ws/install/fire_scout_localization/bin'
[1.546s] Level 1:colcon.colcon_core.environment:checking '/home/wei/fire_scout_ws/install/fire_scout_localization/lib/pkgconfig/fire_scout_localization.pc'
[1.546s] Level 1:colcon.colcon_core.environment:checking '/home/wei/fire_scout_ws/install/fire_scout_localization/lib/python3.10/site-packages'
[1.546s] Level 1:colcon.colcon_core.environment:checking '/home/wei/fire_scout_ws/install/fire_scout_localization/bin'
[1.546s] INFO:colcon.colcon_core.shell:Creating package script '/home/wei/fire_scout_ws/install/fire_scout_localization/share/fire_scout_localization/package.ps1'
[1.546s] INFO:colcon.colcon_core.shell:Creating package descriptor '/home/wei/fire_scout_ws/install/fire_scout_localization/share/fire_scout_localization/package.dsv'
[1.547s] INFO:colcon.colcon_core.shell:Creating package script '/home/wei/fire_scout_ws/install/fire_scout_localization/share/fire_scout_localization/package.sh'
[1.547s] INFO:colcon.colcon_core.shell:Creating package script '/home/wei/fire_scout_ws/install/fire_scout_localization/share/fire_scout_localization/package.bash'
[1.547s] INFO:colcon.colcon_core.shell:Creating package script '/home/wei/fire_scout_ws/install/fire_scout_localization/share/fire_scout_localization/package.zsh'
[1.547s] Level 1:colcon.colcon_core.environment:create_file_with_runtime_dependencies(/home/wei/fire_scout_ws/install/fire_scout_localization/share/colcon-core/packages/fire_scout_localization)
[1.549s] Level 1:colcon.colcon_core.environment:create_environment_scripts_only(fire_scout_sensors)
[1.549s] Level 1:colcon.colcon_core.environment:checking '/home/wei/fire_scout_ws/install/fire_scout_sensors' for CMake module files
[1.550s] Level 1:colcon.colcon_core.environment:checking '/home/wei/fire_scout_ws/install/fire_scout_sensors' for CMake config files
[1.551s] Level 1:colcon.colcon_core.shell:create_environment_hook('fire_scout_sensors', 'cmake_prefix_path')
[1.551s] INFO:colcon.colcon_core.shell:Creating environment hook '/home/wei/fire_scout_ws/install/fire_scout_sensors/share/fire_scout_sensors/hook/cmake_prefix_path.ps1'
[1.552s] INFO:colcon.colcon_core.shell:Creating environment descriptor '/home/wei/fire_scout_ws/install/fire_scout_sensors/share/fire_scout_sensors/hook/cmake_prefix_path.dsv'
[1.552s] INFO:colcon.colcon_core.shell:Creating environment hook '/home/wei/fire_scout_ws/install/fire_scout_sensors/share/fire_scout_sensors/hook/cmake_prefix_path.sh'
[1.553s] Level 1:colcon.colcon_core.environment:checking '/home/wei/fire_scout_ws/install/fire_scout_sensors/lib'
[1.553s] Level 1:colcon.colcon_core.environment:checking '/home/wei/fire_scout_ws/install/fire_scout_sensors/bin'
[1.553s] Level 1:colcon.colcon_core.environment:checking '/home/wei/fire_scout_ws/install/fire_scout_sensors/lib/pkgconfig/fire_scout_sensors.pc'
[1.553s] Level 1:colcon.colcon_core.environment:checking '/home/wei/fire_scout_ws/install/fire_scout_sensors/lib/python3.10/site-packages'
[1.553s] Level 1:colcon.colcon_core.environment:checking '/home/wei/fire_scout_ws/install/fire_scout_sensors/bin'
[1.554s] INFO:colcon.colcon_core.shell:Creating package script '/home/wei/fire_scout_ws/install/fire_scout_sensors/share/fire_scout_sensors/package.ps1'
[1.554s] INFO:colcon.colcon_core.shell:Creating package descriptor '/home/wei/fire_scout_ws/install/fire_scout_sensors/share/fire_scout_sensors/package.dsv'
[1.555s] INFO:colcon.colcon_core.shell:Creating package script '/home/wei/fire_scout_ws/install/fire_scout_sensors/share/fire_scout_sensors/package.sh'
[1.555s] DEBUG:colcon.colcon_core.event_handler.log_command:Invoked command in '/home/wei/fire_scout_ws/build/fire_scout_sensors' returned '0': AMENT_PREFIX_PATH=/home/wei/fire_scout_ws/install/px4_msgs:${AMENT_PREFIX_PATH} CMAKE_PREFIX_PATH=/home/wei/fire_scout_ws/install/px4_msgs:/opt/ros/humble LD_LIBRARY_PATH=/home/wei/fire_scout_ws/install/px4_msgs/lib:${LD_LIBRARY_PATH} PYTHONPATH=/home/wei/fire_scout_ws/install/px4_msgs/local/lib/python3.10/dist-packages:${PYTHONPATH} /usr/bin/cmake --install /home/wei/fire_scout_ws/build/fire_scout_sensors
[1.555s] INFO:colcon.colcon_core.shell:Creating package script '/home/wei/fire_scout_ws/install/fire_scout_sensors/share/fire_scout_sensors/package.bash'
[1.555s] INFO:colcon.colcon_core.shell:Creating package script '/home/wei/fire_scout_ws/install/fire_scout_sensors/share/fire_scout_sensors/package.zsh'
[1.555s] Level 1:colcon.colcon_core.environment:create_file_with_runtime_dependencies(/home/wei/fire_scout_ws/install/fire_scout_sensors/share/colcon-core/packages/fire_scout_sensors)
[1.556s] Level 1:colcon.colcon_core.environment:create_environment_scripts_only(fire_scout_sensors)
[1.556s] Level 1:colcon.colcon_core.environment:checking '/home/wei/fire_scout_ws/install/fire_scout_sensors' for CMake module files
[1.556s] Level 1:colcon.colcon_core.environment:checking '/home/wei/fire_scout_ws/install/fire_scout_sensors' for CMake config files
[1.556s] Level 1:colcon.colcon_core.shell:create_environment_hook('fire_scout_sensors', 'cmake_prefix_path')
[1.556s] INFO:colcon.colcon_core.shell:Creating environment hook '/home/wei/fire_scout_ws/install/fire_scout_sensors/share/fire_scout_sensors/hook/cmake_prefix_path.ps1'
[1.557s] INFO:colcon.colcon_core.shell:Creating environment descriptor '/home/wei/fire_scout_ws/install/fire_scout_sensors/share/fire_scout_sensors/hook/cmake_prefix_path.dsv'
[1.557s] INFO:colcon.colcon_core.shell:Creating environment hook '/home/wei/fire_scout_ws/install/fire_scout_sensors/share/fire_scout_sensors/hook/cmake_prefix_path.sh'
[1.557s] Level 1:colcon.colcon_core.environment:checking '/home/wei/fire_scout_ws/install/fire_scout_sensors/lib'
[1.557s] Level 1:colcon.colcon_core.environment:checking '/home/wei/fire_scout_ws/install/fire_scout_sensors/bin'
[1.557s] Level 1:colcon.colcon_core.environment:checking '/home/wei/fire_scout_ws/install/fire_scout_sensors/lib/pkgconfig/fire_scout_sensors.pc'
[1.557s] Level 1:colcon.colcon_core.environment:checking '/home/wei/fire_scout_ws/install/fire_scout_sensors/lib/python3.10/site-packages'
[1.558s] Level 1:colcon.colcon_core.environment:checking '/home/wei/fire_scout_ws/install/fire_scout_sensors/bin'
[1.558s] INFO:colcon.colcon_core.shell:Creating package script '/home/wei/fire_scout_ws/install/fire_scout_sensors/share/fire_scout_sensors/package.ps1'
[1.558s] INFO:colcon.colcon_core.shell:Creating package descriptor '/home/wei/fire_scout_ws/install/fire_scout_sensors/share/fire_scout_sensors/package.dsv'
[1.558s] INFO:colcon.colcon_core.shell:Creating package script '/home/wei/fire_scout_ws/install/fire_scout_sensors/share/fire_scout_sensors/package.sh'
[1.559s] INFO:colcon.colcon_core.shell:Creating package script '/home/wei/fire_scout_ws/install/fire_scout_sensors/share/fire_scout_sensors/package.bash'
[1.559s] INFO:colcon.colcon_core.shell:Creating package script '/home/wei/fire_scout_ws/install/fire_scout_sensors/share/fire_scout_sensors/package.zsh'
[1.559s] Level 1:colcon.colcon_core.environment:create_file_with_runtime_dependencies(/home/wei/fire_scout_ws/install/fire_scout_sensors/share/colcon-core/packages/fire_scout_sensors)
[1.559s] Level 1:colcon.colcon_core.environment:create_environment_scripts_only(fire_scout_control)
[1.559s] Level 1:colcon.colcon_core.environment:checking '/home/wei/fire_scout_ws/install/fire_scout_control' for CMake module files
[1.560s] Level 1:colcon.colcon_core.environment:checking '/home/wei/fire_scout_ws/install/fire_scout_control' for CMake config files
[1.560s] DEBUG:colcon.colcon_core.event_handler.log_command:Invoked command in '/home/wei/fire_scout_ws/build/fire_scout_control' returned '0': AMENT_PREFIX_PATH=/home/wei/fire_scout_ws/install/px4_msgs:${AMENT_PREFIX_PATH} CMAKE_PREFIX_PATH=/home/wei/fire_scout_ws/install/px4_msgs:/opt/ros/humble LD_LIBRARY_PATH=/home/wei/fire_scout_ws/install/px4_msgs/lib:${LD_LIBRARY_PATH} PYTHONPATH=/home/wei/fire_scout_ws/install/px4_msgs/local/lib/python3.10/dist-packages:${PYTHONPATH} /usr/bin/cmake --install /home/wei/fire_scout_ws/build/fire_scout_control
[1.560s] Level 1:colcon.colcon_core.shell:create_environment_hook('fire_scout_control', 'cmake_prefix_path')
[1.560s] INFO:colcon.colcon_core.shell:Creating environment hook '/home/wei/fire_scout_ws/install/fire_scout_control/share/fire_scout_control/hook/cmake_prefix_path.ps1'
[1.561s] INFO:colcon.colcon_core.shell:Creating environment descriptor '/home/wei/fire_scout_ws/install/fire_scout_control/share/fire_scout_control/hook/cmake_prefix_path.dsv'
[1.561s] INFO:colcon.colcon_core.shell:Creating environment hook '/home/wei/fire_scout_ws/install/fire_scout_control/share/fire_scout_control/hook/cmake_prefix_path.sh'
[1.561s] Level 1:colcon.colcon_core.environment:checking '/home/wei/fire_scout_ws/install/fire_scout_control/lib'
[1.561s] Level 1:colcon.colcon_core.environment:checking '/home/wei/fire_scout_ws/install/fire_scout_control/bin'
[1.561s] Level 1:colcon.colcon_core.environment:checking '/home/wei/fire_scout_ws/install/fire_scout_control/lib/pkgconfig/fire_scout_control.pc'
[1.561s] Level 1:colcon.colcon_core.environment:checking '/home/wei/fire_scout_ws/install/fire_scout_control/lib/python3.10/site-packages'
[1.562s] Level 1:colcon.colcon_core.environment:checking '/home/wei/fire_scout_ws/install/fire_scout_control/bin'
[1.562s] INFO:colcon.colcon_core.shell:Creating package script '/home/wei/fire_scout_ws/install/fire_scout_control/share/fire_scout_control/package.ps1'
[1.562s] INFO:colcon.colcon_core.shell:Creating package descriptor '/home/wei/fire_scout_ws/install/fire_scout_control/share/fire_scout_control/package.dsv'
[1.562s] INFO:colcon.colcon_core.shell:Creating package script '/home/wei/fire_scout_ws/install/fire_scout_control/share/fire_scout_control/package.sh'
[1.562s] INFO:colcon.colcon_core.shell:Creating package script '/home/wei/fire_scout_ws/install/fire_scout_control/share/fire_scout_control/package.bash'
[1.563s] INFO:colcon.colcon_core.shell:Creating package script '/home/wei/fire_scout_ws/install/fire_scout_control/share/fire_scout_control/package.zsh'
[1.563s] Level 1:colcon.colcon_core.environment:create_file_with_runtime_dependencies(/home/wei/fire_scout_ws/install/fire_scout_control/share/colcon-core/packages/fire_scout_control)
[1.563s] Level 1:colcon.colcon_core.environment:create_environment_scripts_only(fire_scout_control)
[1.563s] Level 1:colcon.colcon_core.environment:checking '/home/wei/fire_scout_ws/install/fire_scout_control' for CMake module files
[1.563s] Level 1:colcon.colcon_core.environment:checking '/home/wei/fire_scout_ws/install/fire_scout_control' for CMake config files
[1.564s] Level 1:colcon.colcon_core.shell:create_environment_hook('fire_scout_control', 'cmake_prefix_path')
[1.564s] INFO:colcon.colcon_core.shell:Creating environment hook '/home/wei/fire_scout_ws/install/fire_scout_control/share/fire_scout_control/hook/cmake_prefix_path.ps1'
[1.564s] INFO:colcon.colcon_core.shell:Creating environment descriptor '/home/wei/fire_scout_ws/install/fire_scout_control/share/fire_scout_control/hook/cmake_prefix_path.dsv'
[1.564s] INFO:colcon.colcon_core.shell:Creating environment hook '/home/wei/fire_scout_ws/install/fire_scout_control/share/fire_scout_control/hook/cmake_prefix_path.sh'
[1.564s] Level 1:colcon.colcon_core.environment:checking '/home/wei/fire_scout_ws/install/fire_scout_control/lib'
[1.564s] Level 1:colcon.colcon_core.environment:checking '/home/wei/fire_scout_ws/install/fire_scout_control/bin'
[1.564s] Level 1:colcon.colcon_core.environment:checking '/home/wei/fire_scout_ws/install/fire_scout_control/lib/pkgconfig/fire_scout_control.pc'
[1.565s] Level 1:colcon.colcon_core.environment:checking '/home/wei/fire_scout_ws/install/fire_scout_control/lib/python3.10/site-packages'
[1.565s] Level 1:colcon.colcon_core.environment:checking '/home/wei/fire_scout_ws/install/fire_scout_control/bin'
[1.565s] INFO:colcon.colcon_core.shell:Creating package script '/home/wei/fire_scout_ws/install/fire_scout_control/share/fire_scout_control/package.ps1'
[1.565s] INFO:colcon.colcon_core.shell:Creating package descriptor '/home/wei/fire_scout_ws/install/fire_scout_control/share/fire_scout_control/package.dsv'
[1.565s] INFO:colcon.colcon_core.shell:Creating package script '/home/wei/fire_scout_ws/install/fire_scout_control/share/fire_scout_control/package.sh'
[1.566s] INFO:colcon.colcon_core.shell:Creating package script '/home/wei/fire_scout_ws/install/fire_scout_control/share/fire_scout_control/package.bash'
[1.566s] INFO:colcon.colcon_core.shell:Creating package script '/home/wei/fire_scout_ws/install/fire_scout_control/share/fire_scout_control/package.zsh'
[1.566s] Level 1:colcon.colcon_core.environment:create_file_with_runtime_dependencies(/home/wei/fire_scout_ws/install/fire_scout_control/share/colcon-core/packages/fire_scout_control)
[1.566s] INFO:colcon.colcon_ros.task.ament_cmake.build:Building ROS package in '/home/wei/fire_scout_ws/src/fire_scout_bringup' with build type 'ament_cmake'
[1.566s] INFO:colcon.colcon_cmake.task.cmake.build:Building CMake package in '/home/wei/fire_scout_ws/src/fire_scout_bringup'
[1.566s] INFO:colcon.colcon_core.shell:Skip shell extension 'powershell' for command environment: Not usable outside of PowerShell
[1.566s] DEBUG:colcon.colcon_core.shell:Skip shell extension 'dsv' for command environment
[1.576s] DEBUG:colcon.colcon_core.event_handler.log_command:Invoking command in '/home/wei/fire_scout_ws/build/fire_scout_bringup': AMENT_PREFIX_PATH=/home/wei/fire_scout_ws/install/fire_scout_sensors:/home/wei/fire_scout_ws/install/fire_scout_localization:/home/wei/fire_scout_ws/install/px4_msgs:${AMENT_PREFIX_PATH} CMAKE_PREFIX_PATH=/home/wei/fire_scout_ws/install/fire_scout_sensors:/home/wei/fire_scout_ws/install/fire_scout_localization:/home/wei/fire_scout_ws/install/px4_msgs:/opt/ros/humble LD_LIBRARY_PATH=/home/wei/fire_scout_ws/install/px4_msgs/lib:${LD_LIBRARY_PATH} PYTHONPATH=/home/wei/fire_scout_ws/install/px4_msgs/local/lib/python3.10/dist-packages:${PYTHONPATH} /usr/bin/cmake --build /home/wei/fire_scout_ws/build/fire_scout_bringup -- -j32 -l32
[1.605s] DEBUG:colcon.colcon_core.event_handler.log_command:Invoked command in '/home/wei/fire_scout_ws/build/fire_scout_bringup' returned '0': AMENT_PREFIX_PATH=/home/wei/fire_scout_ws/install/fire_scout_sensors:/home/wei/fire_scout_ws/install/fire_scout_localization:/home/wei/fire_scout_ws/install/px4_msgs:${AMENT_PREFIX_PATH} CMAKE_PREFIX_PATH=/home/wei/fire_scout_ws/install/fire_scout_sensors:/home/wei/fire_scout_ws/install/fire_scout_localization:/home/wei/fire_scout_ws/install/px4_msgs:/opt/ros/humble LD_LIBRARY_PATH=/home/wei/fire_scout_ws/install/px4_msgs/lib:${LD_LIBRARY_PATH} PYTHONPATH=/home/wei/fire_scout_ws/install/px4_msgs/local/lib/python3.10/dist-packages:${PYTHONPATH} /usr/bin/cmake --build /home/wei/fire_scout_ws/build/fire_scout_bringup -- -j32 -l32
[1.607s] DEBUG:colcon.colcon_core.event_handler.log_command:Invoking command in '/home/wei/fire_scout_ws/build/fire_scout_bringup': AMENT_PREFIX_PATH=/home/wei/fire_scout_ws/install/fire_scout_sensors:/home/wei/fire_scout_ws/install/fire_scout_localization:/home/wei/fire_scout_ws/install/px4_msgs:${AMENT_PREFIX_PATH} CMAKE_PREFIX_PATH=/home/wei/fire_scout_ws/install/fire_scout_sensors:/home/wei/fire_scout_ws/install/fire_scout_localization:/home/wei/fire_scout_ws/install/px4_msgs:/opt/ros/humble LD_LIBRARY_PATH=/home/wei/fire_scout_ws/install/px4_msgs/lib:${LD_LIBRARY_PATH} PYTHONPATH=/home/wei/fire_scout_ws/install/px4_msgs/local/lib/python3.10/dist-packages:${PYTHONPATH} /usr/bin/cmake --install /home/wei/fire_scout_ws/build/fire_scout_bringup
[1.615s] Level 1:colcon.colcon_core.environment:create_environment_scripts_only(fire_scout_bringup)
[1.615s] DEBUG:colcon.colcon_core.event_handler.log_command:Invoked command in '/home/wei/fire_scout_ws/build/fire_scout_bringup' returned '0': AMENT_PREFIX_PATH=/home/wei/fire_scout_ws/install/fire_scout_sensors:/home/wei/fire_scout_ws/install/fire_scout_localization:/home/wei/fire_scout_ws/install/px4_msgs:${AMENT_PREFIX_PATH} CMAKE_PREFIX_PATH=/home/wei/fire_scout_ws/install/fire_scout_sensors:/home/wei/fire_scout_ws/install/fire_scout_localization:/home/wei/fire_scout_ws/install/px4_msgs:/opt/ros/humble LD_LIBRARY_PATH=/home/wei/fire_scout_ws/install/px4_msgs/lib:${LD_LIBRARY_PATH} PYTHONPATH=/home/wei/fire_scout_ws/install/px4_msgs/local/lib/python3.10/dist-packages:${PYTHONPATH} /usr/bin/cmake --install /home/wei/fire_scout_ws/build/fire_scout_bringup
[1.615s] Level 1:colcon.colcon_core.environment:checking '/home/wei/fire_scout_ws/install/fire_scout_bringup' for CMake module files
[1.616s] Level 1:colcon.colcon_core.environment:checking '/home/wei/fire_scout_ws/install/fire_scout_bringup' for CMake config files
[1.616s] Level 1:colcon.colcon_core.shell:create_environment_hook('fire_scout_bringup', 'cmake_prefix_path')
[1.616s] INFO:colcon.colcon_core.shell:Creating environment hook '/home/wei/fire_scout_ws/install/fire_scout_bringup/share/fire_scout_bringup/hook/cmake_prefix_path.ps1'
[1.616s] INFO:colcon.colcon_core.shell:Creating environment descriptor '/home/wei/fire_scout_ws/install/fire_scout_bringup/share/fire_scout_bringup/hook/cmake_prefix_path.dsv'
[1.616s] INFO:colcon.colcon_core.shell:Creating environment hook '/home/wei/fire_scout_ws/install/fire_scout_bringup/share/fire_scout_bringup/hook/cmake_prefix_path.sh'
[1.617s] Level 1:colcon.colcon_core.environment:checking '/home/wei/fire_scout_ws/install/fire_scout_bringup/lib'
[1.617s] Level 1:colcon.colcon_core.environment:checking '/home/wei/fire_scout_ws/install/fire_scout_bringup/bin'
[1.617s] Level 1:colcon.colcon_core.environment:checking '/home/wei/fire_scout_ws/install/fire_scout_bringup/lib/pkgconfig/fire_scout_bringup.pc'
[1.617s] Level 1:colcon.colcon_core.environment:checking '/home/wei/fire_scout_ws/install/fire_scout_bringup/lib/python3.10/site-packages'
[1.617s] Level 1:colcon.colcon_core.environment:checking '/home/wei/fire_scout_ws/install/fire_scout_bringup/bin'
[1.617s] INFO:colcon.colcon_core.shell:Creating package script '/home/wei/fire_scout_ws/install/fire_scout_bringup/share/fire_scout_bringup/package.ps1'
[1.618s] INFO:colcon.colcon_core.shell:Creating package descriptor '/home/wei/fire_scout_ws/install/fire_scout_bringup/share/fire_scout_bringup/package.dsv'
[1.618s] INFO:colcon.colcon_core.shell:Creating package script '/home/wei/fire_scout_ws/install/fire_scout_bringup/share/fire_scout_bringup/package.sh'
[1.618s] INFO:colcon.colcon_core.shell:Creating package script '/home/wei/fire_scout_ws/install/fire_scout_bringup/share/fire_scout_bringup/package.bash'
[1.618s] INFO:colcon.colcon_core.shell:Creating package script '/home/wei/fire_scout_ws/install/fire_scout_bringup/share/fire_scout_bringup/package.zsh'
[1.619s] Level 1:colcon.colcon_core.environment:create_file_with_runtime_dependencies(/home/wei/fire_scout_ws/install/fire_scout_bringup/share/colcon-core/packages/fire_scout_bringup)
[1.619s] Level 1:colcon.colcon_core.environment:create_environment_scripts_only(fire_scout_bringup)
[1.619s] Level 1:colcon.colcon_core.environment:checking '/home/wei/fire_scout_ws/install/fire_scout_bringup' for CMake module files
[1.619s] Level 1:colcon.colcon_core.environment:checking '/home/wei/fire_scout_ws/install/fire_scout_bringup' for CMake config files
[1.619s] Level 1:colcon.colcon_core.shell:create_environment_hook('fire_scout_bringup', 'cmake_prefix_path')
[1.619s] INFO:colcon.colcon_core.shell:Creating environment hook '/home/wei/fire_scout_ws/install/fire_scout_bringup/share/fire_scout_bringup/hook/cmake_prefix_path.ps1'
[1.620s] INFO:colcon.colcon_core.shell:Creating environment descriptor '/home/wei/fire_scout_ws/install/fire_scout_bringup/share/fire_scout_bringup/hook/cmake_prefix_path.dsv'
[1.620s] INFO:colcon.colcon_core.shell:Creating environment hook '/home/wei/fire_scout_ws/install/fire_scout_bringup/share/fire_scout_bringup/hook/cmake_prefix_path.sh'
[1.620s] Level 1:colcon.colcon_core.environment:checking '/home/wei/fire_scout_ws/install/fire_scout_bringup/lib'
[1.620s] Level 1:colcon.colcon_core.environment:checking '/home/wei/fire_scout_ws/install/fire_scout_bringup/bin'
[1.621s] Level 1:colcon.colcon_core.environment:checking '/home/wei/fire_scout_ws/install/fire_scout_bringup/lib/pkgconfig/fire_scout_bringup.pc'
[1.621s] Level 1:colcon.colcon_core.environment:checking '/home/wei/fire_scout_ws/install/fire_scout_bringup/lib/python3.10/site-packages'
[1.621s] Level 1:colcon.colcon_core.environment:checking '/home/wei/fire_scout_ws/install/fire_scout_bringup/bin'
[1.621s] INFO:colcon.colcon_core.shell:Creating package script '/home/wei/fire_scout_ws/install/fire_scout_bringup/share/fire_scout_bringup/package.ps1'
[1.621s] INFO:colcon.colcon_core.shell:Creating package descriptor '/home/wei/fire_scout_ws/install/fire_scout_bringup/share/fire_scout_bringup/package.dsv'
[1.622s] INFO:colcon.colcon_core.shell:Creating package script '/home/wei/fire_scout_ws/install/fire_scout_bringup/share/fire_scout_bringup/package.sh'
[1.622s] INFO:colcon.colcon_core.shell:Creating package script '/home/wei/fire_scout_ws/install/fire_scout_bringup/share/fire_scout_bringup/package.bash'
[1.622s] INFO:colcon.colcon_core.shell:Creating package script '/home/wei/fire_scout_ws/install/fire_scout_bringup/share/fire_scout_bringup/package.zsh'
[1.622s] Level 1:colcon.colcon_core.environment:create_file_with_runtime_dependencies(/home/wei/fire_scout_ws/install/fire_scout_bringup/share/colcon-core/packages/fire_scout_bringup)
[37.545s] DEBUG:colcon.colcon_core.event_handler.log_command:Invoked command in '/home/wei/fire_scout_ws/build/fire_scout_planning_safe' returned '0': AMENT_PREFIX_PATH=/home/wei/fire_scout_ws/install/px4_msgs:${AMENT_PREFIX_PATH} CMAKE_PREFIX_PATH=/home/wei/fire_scout_ws/install/px4_msgs:/opt/ros/humble LD_LIBRARY_PATH=/home/wei/fire_scout_ws/install/px4_msgs/lib:${LD_LIBRARY_PATH} PYTHONPATH=/home/wei/fire_scout_ws/install/px4_msgs/local/lib/python3.10/dist-packages:${PYTHONPATH} /usr/bin/cmake --build /home/wei/fire_scout_ws/build/fire_scout_planning_safe -- -j32 -l32
[37.547s] DEBUG:colcon.colcon_core.event_handler.log_command:Invoking command in '/home/wei/fire_scout_ws/build/fire_scout_planning_safe': AMENT_PREFIX_PATH=/home/wei/fire_scout_ws/install/px4_msgs:${AMENT_PREFIX_PATH} CMAKE_PREFIX_PATH=/home/wei/fire_scout_ws/install/px4_msgs:/opt/ros/humble LD_LIBRARY_PATH=/home/wei/fire_scout_ws/install/px4_msgs/lib:${LD_LIBRARY_PATH} PYTHONPATH=/home/wei/fire_scout_ws/install/px4_msgs/local/lib/python3.10/dist-packages:${PYTHONPATH} /usr/bin/cmake --install /home/wei/fire_scout_ws/build/fire_scout_planning_safe
[37.566s] Level 1:colcon.colcon_core.environment:create_environment_scripts_only(fire_scout_planning_safe)
[37.567s] Level 1:colcon.colcon_core.environment:checking '/home/wei/fire_scout_ws/install/fire_scout_planning_safe' for CMake module files
[37.568s] DEBUG:colcon.colcon_core.event_handler.log_command:Invoked command in '/home/wei/fire_scout_ws/build/fire_scout_planning_safe' returned '0': AMENT_PREFIX_PATH=/home/wei/fire_scout_ws/install/px4_msgs:${AMENT_PREFIX_PATH} CMAKE_PREFIX_PATH=/home/wei/fire_scout_ws/install/px4_msgs:/opt/ros/humble LD_LIBRARY_PATH=/home/wei/fire_scout_ws/install/px4_msgs/lib:${LD_LIBRARY_PATH} PYTHONPATH=/home/wei/fire_scout_ws/install/px4_msgs/local/lib/python3.10/dist-packages:${PYTHONPATH} /usr/bin/cmake --install /home/wei/fire_scout_ws/build/fire_scout_planning_safe
[37.568s] Level 1:colcon.colcon_core.environment:checking '/home/wei/fire_scout_ws/install/fire_scout_planning_safe' for CMake config files
[37.568s] Level 1:colcon.colcon_core.shell:create_environment_hook('fire_scout_planning_safe', 'cmake_prefix_path')
[37.569s] INFO:colcon.colcon_core.shell:Creating environment hook '/home/wei/fire_scout_ws/install/fire_scout_planning_safe/share/fire_scout_planning_safe/hook/cmake_prefix_path.ps1'
[37.569s] INFO:colcon.colcon_core.shell:Creating environment descriptor '/home/wei/fire_scout_ws/install/fire_scout_planning_safe/share/fire_scout_planning_safe/hook/cmake_prefix_path.dsv'
[37.569s] INFO:colcon.colcon_core.shell:Creating environment hook '/home/wei/fire_scout_ws/install/fire_scout_planning_safe/share/fire_scout_planning_safe/hook/cmake_prefix_path.sh'
[37.570s] Level 1:colcon.colcon_core.environment:checking '/home/wei/fire_scout_ws/install/fire_scout_planning_safe/lib'
[37.570s] Level 1:colcon.colcon_core.environment:checking '/home/wei/fire_scout_ws/install/fire_scout_planning_safe/bin'
[37.570s] Level 1:colcon.colcon_core.environment:checking '/home/wei/fire_scout_ws/install/fire_scout_planning_safe/lib/pkgconfig/fire_scout_planning_safe.pc'
[37.570s] Level 1:colcon.colcon_core.environment:checking '/home/wei/fire_scout_ws/install/fire_scout_planning_safe/lib/python3.10/site-packages'
[37.571s] Level 1:colcon.colcon_core.environment:checking '/home/wei/fire_scout_ws/install/fire_scout_planning_safe/bin'
[37.571s] INFO:colcon.colcon_core.shell:Creating package script '/home/wei/fire_scout_ws/install/fire_scout_planning_safe/share/fire_scout_planning_safe/package.ps1'
[37.572s] INFO:colcon.colcon_core.shell:Creating package descriptor '/home/wei/fire_scout_ws/install/fire_scout_planning_safe/share/fire_scout_planning_safe/package.dsv'
[37.572s] INFO:colcon.colcon_core.shell:Creating package script '/home/wei/fire_scout_ws/install/fire_scout_planning_safe/share/fire_scout_planning_safe/package.sh'
[37.573s] INFO:colcon.colcon_core.shell:Creating package script '/home/wei/fire_scout_ws/install/fire_scout_planning_safe/share/fire_scout_planning_safe/package.bash'
[37.573s] INFO:colcon.colcon_core.shell:Creating package script '/home/wei/fire_scout_ws/install/fire_scout_planning_safe/share/fire_scout_planning_safe/package.zsh'
[37.574s] Level 1:colcon.colcon_core.environment:create_file_with_runtime_dependencies(/home/wei/fire_scout_ws/install/fire_scout_planning_safe/share/colcon-core/packages/fire_scout_planning_safe)
[37.574s] Level 1:colcon.colcon_core.environment:create_environment_scripts_only(fire_scout_planning_safe)
[37.575s] Level 1:colcon.colcon_core.environment:checking '/home/wei/fire_scout_ws/install/fire_scout_planning_safe' for CMake module files
[37.575s] Level 1:colcon.colcon_core.environment:checking '/home/wei/fire_scout_ws/install/fire_scout_planning_safe' for CMake config files
[37.575s] Level 1:colcon.colcon_core.shell:create_environment_hook('fire_scout_planning_safe', 'cmake_prefix_path')
[37.575s] INFO:colcon.colcon_core.shell:Creating environment hook '/home/wei/fire_scout_ws/install/fire_scout_planning_safe/share/fire_scout_planning_safe/hook/cmake_prefix_path.ps1'
[37.576s] INFO:colcon.colcon_core.shell:Creating environment descriptor '/home/wei/fire_scout_ws/install/fire_scout_planning_safe/share/fire_scout_planning_safe/hook/cmake_prefix_path.dsv'
[37.576s] INFO:colcon.colcon_core.shell:Creating environment hook '/home/wei/fire_scout_ws/install/fire_scout_planning_safe/share/fire_scout_planning_safe/hook/cmake_prefix_path.sh'
[37.577s] Level 1:colcon.colcon_core.environment:checking '/home/wei/fire_scout_ws/install/fire_scout_planning_safe/lib'
[37.577s] Level 1:colcon.colcon_core.environment:checking '/home/wei/fire_scout_ws/install/fire_scout_planning_safe/bin'
[37.577s] Level 1:colcon.colcon_core.environment:checking '/home/wei/fire_scout_ws/install/fire_scout_planning_safe/lib/pkgconfig/fire_scout_planning_safe.pc'
[37.577s] Level 1:colcon.colcon_core.environment:checking '/home/wei/fire_scout_ws/install/fire_scout_planning_safe/lib/python3.10/site-packages'
[37.577s] Level 1:colcon.colcon_core.environment:checking '/home/wei/fire_scout_ws/install/fire_scout_planning_safe/bin'
[37.578s] INFO:colcon.colcon_core.shell:Creating package script '/home/wei/fire_scout_ws/install/fire_scout_planning_safe/share/fire_scout_planning_safe/package.ps1'
[37.578s] INFO:colcon.colcon_core.shell:Creating package descriptor '/home/wei/fire_scout_ws/install/fire_scout_planning_safe/share/fire_scout_planning_safe/package.dsv'
[37.579s] INFO:colcon.colcon_core.shell:Creating package script '/home/wei/fire_scout_ws/install/fire_scout_planning_safe/share/fire_scout_planning_safe/package.sh'
[37.579s] INFO:colcon.colcon_core.shell:Creating package script '/home/wei/fire_scout_ws/install/fire_scout_planning_safe/share/fire_scout_planning_safe/package.bash'
[37.580s] INFO:colcon.colcon_core.shell:Creating package script '/home/wei/fire_scout_ws/install/fire_scout_planning_safe/share/fire_scout_planning_safe/package.zsh'
[37.581s] Level 1:colcon.colcon_core.environment:create_file_with_runtime_dependencies(/home/wei/fire_scout_ws/install/fire_scout_planning_safe/share/colcon-core/packages/fire_scout_planning_safe)
[37.581s] INFO:colcon.colcon_ros.task.ament_cmake.build:Building ROS package in '/home/wei/fire_scout_ws/src/fire_scout_mapping' with build type 'ament_cmake'
[37.581s] INFO:colcon.colcon_cmake.task.cmake.build:Building CMake package in '/home/wei/fire_scout_ws/src/fire_scout_mapping'
[37.582s] INFO:colcon.colcon_core.shell:Skip shell extension 'powershell' for command environment: Not usable outside of PowerShell
[37.582s] DEBUG:colcon.colcon_core.shell:Skip shell extension 'dsv' for command environment
[37.595s] DEBUG:colcon.colcon_core.event_handler.log_command:Invoking command in '/home/wei/fire_scout_ws/build/fire_scout_mapping': AMENT_PREFIX_PATH=/home/wei/fire_scout_ws/install/fire_scout_planning_safe:/home/wei/fire_scout_ws/install/px4_msgs:${AMENT_PREFIX_PATH} CMAKE_PREFIX_PATH=/home/wei/fire_scout_ws/install/fire_scout_planning_safe:/home/wei/fire_scout_ws/install/px4_msgs:/opt/ros/humble LD_LIBRARY_PATH=/home/wei/fire_scout_ws/install/px4_msgs/lib:${LD_LIBRARY_PATH} PYTHONPATH=/home/wei/fire_scout_ws/install/px4_msgs/local/lib/python3.10/dist-packages:${PYTHONPATH} /usr/bin/cmake --build /home/wei/fire_scout_ws/build/fire_scout_mapping -- -j32 -l32
[37.665s] DEBUG:colcon.colcon_core.event_handler.log_command:Invoked command in '/home/wei/fire_scout_ws/build/fire_scout_mapping' returned '0': AMENT_PREFIX_PATH=/home/wei/fire_scout_ws/install/fire_scout_planning_safe:/home/wei/fire_scout_ws/install/px4_msgs:${AMENT_PREFIX_PATH} CMAKE_PREFIX_PATH=/home/wei/fire_scout_ws/install/fire_scout_planning_safe:/home/wei/fire_scout_ws/install/px4_msgs:/opt/ros/humble LD_LIBRARY_PATH=/home/wei/fire_scout_ws/install/px4_msgs/lib:${LD_LIBRARY_PATH} PYTHONPATH=/home/wei/fire_scout_ws/install/px4_msgs/local/lib/python3.10/dist-packages:${PYTHONPATH} /usr/bin/cmake --build /home/wei/fire_scout_ws/build/fire_scout_mapping -- -j32 -l32
[37.667s] DEBUG:colcon.colcon_core.event_handler.log_command:Invoking command in '/home/wei/fire_scout_ws/build/fire_scout_mapping': AMENT_PREFIX_PATH=/home/wei/fire_scout_ws/install/fire_scout_planning_safe:/home/wei/fire_scout_ws/install/px4_msgs:${AMENT_PREFIX_PATH} CMAKE_PREFIX_PATH=/home/wei/fire_scout_ws/install/fire_scout_planning_safe:/home/wei/fire_scout_ws/install/px4_msgs:/opt/ros/humble LD_LIBRARY_PATH=/home/wei/fire_scout_ws/install/px4_msgs/lib:${LD_LIBRARY_PATH} PYTHONPATH=/home/wei/fire_scout_ws/install/px4_msgs/local/lib/python3.10/dist-packages:${PYTHONPATH} /usr/bin/cmake --install /home/wei/fire_scout_ws/build/fire_scout_mapping
[37.675s] Level 1:colcon.colcon_core.environment:create_environment_scripts_only(fire_scout_mapping)
[37.676s] Level 1:colcon.colcon_core.environment:checking '/home/wei/fire_scout_ws/install/fire_scout_mapping' for CMake module files
[37.676s] DEBUG:colcon.colcon_core.event_handler.log_command:Invoked command in '/home/wei/fire_scout_ws/build/fire_scout_mapping' returned '0': AMENT_PREFIX_PATH=/home/wei/fire_scout_ws/install/fire_scout_planning_safe:/home/wei/fire_scout_ws/install/px4_msgs:${AMENT_PREFIX_PATH} CMAKE_PREFIX_PATH=/home/wei/fire_scout_ws/install/fire_scout_planning_safe:/home/wei/fire_scout_ws/install/px4_msgs:/opt/ros/humble LD_LIBRARY_PATH=/home/wei/fire_scout_ws/install/px4_msgs/lib:${LD_LIBRARY_PATH} PYTHONPATH=/home/wei/fire_scout_ws/install/px4_msgs/local/lib/python3.10/dist-packages:${PYTHONPATH} /usr/bin/cmake --install /home/wei/fire_scout_ws/build/fire_scout_mapping
[37.676s] Level 1:colcon.colcon_core.environment:checking '/home/wei/fire_scout_ws/install/fire_scout_mapping' for CMake config files
[37.676s] Level 1:colcon.colcon_core.shell:create_environment_hook('fire_scout_mapping', 'cmake_prefix_path')
[37.677s] INFO:colcon.colcon_core.shell:Creating environment hook '/home/wei/fire_scout_ws/install/fire_scout_mapping/share/fire_scout_mapping/hook/cmake_prefix_path.ps1'
[37.677s] INFO:colcon.colcon_core.shell:Creating environment descriptor '/home/wei/fire_scout_ws/install/fire_scout_mapping/share/fire_scout_mapping/hook/cmake_prefix_path.dsv'
[37.677s] INFO:colcon.colcon_core.shell:Creating environment hook '/home/wei/fire_scout_ws/install/fire_scout_mapping/share/fire_scout_mapping/hook/cmake_prefix_path.sh'
[37.677s] Level 1:colcon.colcon_core.environment:checking '/home/wei/fire_scout_ws/install/fire_scout_mapping/lib'
[37.677s] Level 1:colcon.colcon_core.environment:checking '/home/wei/fire_scout_ws/install/fire_scout_mapping/bin'
[37.677s] Level 1:colcon.colcon_core.environment:checking '/home/wei/fire_scout_ws/install/fire_scout_mapping/lib/pkgconfig/fire_scout_mapping.pc'
[37.678s] Level 1:colcon.colcon_core.environment:checking '/home/wei/fire_scout_ws/install/fire_scout_mapping/lib/python3.10/site-packages'
[37.678s] Level 1:colcon.colcon_core.environment:checking '/home/wei/fire_scout_ws/install/fire_scout_mapping/bin'
[37.678s] INFO:colcon.colcon_core.shell:Creating package script '/home/wei/fire_scout_ws/install/fire_scout_mapping/share/fire_scout_mapping/package.ps1'
[37.678s] INFO:colcon.colcon_core.shell:Creating package descriptor '/home/wei/fire_scout_ws/install/fire_scout_mapping/share/fire_scout_mapping/package.dsv'
[37.679s] INFO:colcon.colcon_core.shell:Creating package script '/home/wei/fire_scout_ws/install/fire_scout_mapping/share/fire_scout_mapping/package.sh'
[37.679s] INFO:colcon.colcon_core.shell:Creating package script '/home/wei/fire_scout_ws/install/fire_scout_mapping/share/fire_scout_mapping/package.bash'
[37.679s] INFO:colcon.colcon_core.shell:Creating package script '/home/wei/fire_scout_ws/install/fire_scout_mapping/share/fire_scout_mapping/package.zsh'
[37.679s] Level 1:colcon.colcon_core.environment:create_file_with_runtime_dependencies(/home/wei/fire_scout_ws/install/fire_scout_mapping/share/colcon-core/packages/fire_scout_mapping)
[37.679s] Level 1:colcon.colcon_core.environment:create_environment_scripts_only(fire_scout_mapping)
[37.680s] Level 1:colcon.colcon_core.environment:checking '/home/wei/fire_scout_ws/install/fire_scout_mapping' for CMake module files
[37.680s] Level 1:colcon.colcon_core.environment:checking '/home/wei/fire_scout_ws/install/fire_scout_mapping' for CMake config files
[37.680s] Level 1:colcon.colcon_core.shell:create_environment_hook('fire_scout_mapping', 'cmake_prefix_path')
[37.680s] INFO:colcon.colcon_core.shell:Creating environment hook '/home/wei/fire_scout_ws/install/fire_scout_mapping/share/fire_scout_mapping/hook/cmake_prefix_path.ps1'
[37.680s] INFO:colcon.colcon_core.shell:Creating environment descriptor '/home/wei/fire_scout_ws/install/fire_scout_mapping/share/fire_scout_mapping/hook/cmake_prefix_path.dsv'
[37.680s] INFO:colcon.colcon_core.shell:Creating environment hook '/home/wei/fire_scout_ws/install/fire_scout_mapping/share/fire_scout_mapping/hook/cmake_prefix_path.sh'
[37.681s] Level 1:colcon.colcon_core.environment:checking '/home/wei/fire_scout_ws/install/fire_scout_mapping/lib'
[37.681s] Level 1:colcon.colcon_core.environment:checking '/home/wei/fire_scout_ws/install/fire_scout_mapping/bin'
[37.681s] Level 1:colcon.colcon_core.environment:checking '/home/wei/fire_scout_ws/install/fire_scout_mapping/lib/pkgconfig/fire_scout_mapping.pc'
[37.681s] Level 1:colcon.colcon_core.environment:checking '/home/wei/fire_scout_ws/install/fire_scout_mapping/lib/python3.10/site-packages'
[37.681s] Level 1:colcon.colcon_core.environment:checking '/home/wei/fire_scout_ws/install/fire_scout_mapping/bin'
[37.681s] INFO:colcon.colcon_core.shell:Creating package script '/home/wei/fire_scout_ws/install/fire_scout_mapping/share/fire_scout_mapping/package.ps1'
[37.682s] INFO:colcon.colcon_core.shell:Creating package descriptor '/home/wei/fire_scout_ws/install/fire_scout_mapping/share/fire_scout_mapping/package.dsv'
[37.682s] INFO:colcon.colcon_core.shell:Creating package script '/home/wei/fire_scout_ws/install/fire_scout_mapping/share/fire_scout_mapping/package.sh'
[37.682s] INFO:colcon.colcon_core.shell:Creating package script '/home/wei/fire_scout_ws/install/fire_scout_mapping/share/fire_scout_mapping/package.bash'
[37.682s] INFO:colcon.colcon_core.shell:Creating package script '/home/wei/fire_scout_ws/install/fire_scout_mapping/share/fire_scout_mapping/package.zsh'
[37.682s] Level 1:colcon.colcon_core.environment:create_file_with_runtime_dependencies(/home/wei/fire_scout_ws/install/fire_scout_mapping/share/colcon-core/packages/fire_scout_mapping)
[37.683s] DEBUG:colcon.colcon_parallel_executor.executor.parallel:closing loop
[37.683s] DEBUG:colcon.colcon_parallel_executor.executor.parallel:loop closed
[37.683s] DEBUG:colcon.colcon_parallel_executor.executor.parallel:run_until_complete finished with '0'
[37.683s] DEBUG:colcon.colcon_core.event_reactor:joining thread
[37.687s] INFO:colcon.colcon_core.plugin_system:Skipping extension 'colcon_notification.desktop_notification.terminal_notifier': Not used on non-Darwin systems
[37.687s] INFO:colcon.colcon_core.plugin_system:Skipping extension 'colcon_notification.desktop_notification.win32': Not used on non-Windows systems
[37.687s] INFO:colcon.colcon_notification.desktop_notification:Sending desktop notification using 'notify2'
[37.701s] DEBUG:colcon.colcon_core.event_reactor:joined thread
[37.701s] INFO:colcon.colcon_core.shell:Creating prefix script '/home/wei/fire_scout_ws/install/local_setup.ps1'
[37.702s] INFO:colcon.colcon_core.shell:Creating prefix util module '/home/wei/fire_scout_ws/install/_local_setup_util_ps1.py'
[37.702s] INFO:colcon.colcon_core.shell:Creating prefix chain script '/home/wei/fire_scout_ws/install/setup.ps1'
[37.703s] INFO:colcon.colcon_core.shell:Creating prefix script '/home/wei/fire_scout_ws/install/local_setup.sh'
[37.703s] INFO:colcon.colcon_core.shell:Creating prefix util module '/home/wei/fire_scout_ws/install/_local_setup_util_sh.py'
[37.704s] INFO:colcon.colcon_core.shell:Creating prefix chain script '/home/wei/fire_scout_ws/install/setup.sh'
[37.704s] INFO:colcon.colcon_core.shell:Creating prefix script '/home/wei/fire_scout_ws/install/local_setup.bash'
[37.705s] INFO:colcon.colcon_core.shell:Creating prefix chain script '/home/wei/fire_scout_ws/install/setup.bash'
[37.705s] INFO:colcon.colcon_core.shell:Creating prefix script '/home/wei/fire_scout_ws/install/local_setup.zsh'
[37.705s] INFO:colcon.colcon_core.shell:Creating prefix chain script '/home/wei/fire_scout_ws/install/setup.zsh'
