[0.012s] Invoking command in '/home/wei/fire_scout_ws/build/fire_scout_planning_safe': CMAKE_PREFIX_PATH=/home/wei/fire_scout_ws/install/px4_msgs:/home/wei/fire_scout_ws/install/fire_scout_bringup:/home/wei/fire_scout_ws/install/fire_scout_sensors:/home/wei/fire_scout_ws/install/fire_scout_mapping:/home/wei/fire_scout_ws/install/fire_scout_planning_safe:/home/wei/fire_scout_ws/install/fire_scout_localization:/home/wei/fire_scout_ws/install/fire_scout_control:/home/wei/fire_scout_ws/install/fire_scout_gazebo:/opt/ros/humble /usr/bin/cmake /home/wei/fire_scout_ws/src/fire_scout_planning_safe -DCMAKE_BUILD_TYPE=Release -DAMENT_CMAKE_SYMLINK_INSTALL=1 -DCMAKE_INSTALL_PREFIX=/home/wei/fire_scout_ws/install/fire_scout_planning_safe
[0.072s] -- The C compiler identification is GNU 11.4.0
[0.133s] -- The CXX compiler identification is GNU 11.4.0
[0.139s] -- Detecting C compiler ABI info
[0.227s] -- Detecting C compiler ABI info - done
[0.236s] -- Check for working C compiler: /usr/bin/cc - skipped
[0.237s] -- Detecting C compile features
[0.237s] -- Detecting C compile features - done
[0.240s] -- Detecting CXX compiler ABI info
[0.324s] -- Detecting CXX compiler ABI info - done
[0.333s] -- Check for working CXX compiler: /usr/bin/c++ - skipped
[0.333s] -- Detecting CXX compile features
[0.334s] -- Detecting CXX compile features - done
[0.334s] -- Fire Scout 2.1.1: building mapping, fusion, planning and follower ROS nodes
[0.335s] -- Looking for pthread.h
[0.411s] -- Looking for pthread.h - found
[0.412s] -- Performing Test CMAKE_HAVE_LIBC_PTHREAD
[0.502s] -- Performing Test CMAKE_HAVE_LIBC_PTHREAD - Success
[0.504s] -- Found Threads: TRUE  
[0.506s] -- Found ament_cmake: 1.3.14 (/opt/ros/humble/share/ament_cmake/cmake)
[0.644s] -- Found Python3: /usr/bin/python3 (found version "3.10.12") found components: Interpreter 
[0.691s] -- Override CMake install command with custom implementation using symlinks instead of copying resources
[0.716s] -- Found rclcpp: 16.0.19 (/opt/ros/humble/share/rclcpp/cmake)
[0.753s] -- Found rosidl_generator_c: 3.1.8 (/opt/ros/humble/share/rosidl_generator_c/cmake)
[0.757s] -- Found rosidl_adapter: 3.1.8 (/opt/ros/humble/share/rosidl_adapter/cmake)
[0.763s] -- Found rosidl_generator_cpp: 3.1.8 (/opt/ros/humble/share/rosidl_generator_cpp/cmake)
[0.772s] -- Using all available rosidl_typesupport_c: rosidl_typesupport_fastrtps_c;rosidl_typesupport_introspection_c
[0.783s] -- Using all available rosidl_typesupport_cpp: rosidl_typesupport_fastrtps_cpp;rosidl_typesupport_introspection_cpp
[0.814s] -- Found rmw_implementation_cmake: 6.1.2 (/opt/ros/humble/share/rmw_implementation_cmake/cmake)
[0.816s] -- Found rmw_cyclonedds_cpp: 1.3.4 (/opt/ros/humble/share/rmw_cyclonedds_cpp/cmake)
[0.831s] -- Using RMW implementation 'rmw_cyclonedds_cpp' as default
[0.872s] -- Found sensor_msgs: 4.9.1 (/opt/ros/humble/share/sensor_msgs/cmake)
[0.892s] -- Found nav_msgs: 4.9.1 (/opt/ros/humble/share/nav_msgs/cmake)
[0.904s] -- Found std_srvs: 4.9.1 (/opt/ros/humble/share/std_srvs/cmake)
[0.911s] -- Found tf2: 0.25.22 (/opt/ros/humble/share/tf2/cmake)
[0.919s] -- Found tf2_ros: 0.25.22 (/opt/ros/humble/share/tf2_ros/cmake)
[0.979s] -- Found px4_msgs: 2.0.1 (/home/wei/fire_scout_ws/install/px4_msgs/share/px4_msgs/cmake)
[1.092s] -- Configuring done
[1.120s] -- Generating done
[1.131s] -- Build files have been written to: /home/wei/fire_scout_ws/build/fire_scout_planning_safe
[1.137s] Invoked command in '/home/wei/fire_scout_ws/build/fire_scout_planning_safe' returned '0': CMAKE_PREFIX_PATH=/home/wei/fire_scout_ws/install/px4_msgs:/home/wei/fire_scout_ws/install/fire_scout_bringup:/home/wei/fire_scout_ws/install/fire_scout_sensors:/home/wei/fire_scout_ws/install/fire_scout_mapping:/home/wei/fire_scout_ws/install/fire_scout_planning_safe:/home/wei/fire_scout_ws/install/fire_scout_localization:/home/wei/fire_scout_ws/install/fire_scout_control:/home/wei/fire_scout_ws/install/fire_scout_gazebo:/opt/ros/humble /usr/bin/cmake /home/wei/fire_scout_ws/src/fire_scout_planning_safe -DCMAKE_BUILD_TYPE=Release -DAMENT_CMAKE_SYMLINK_INSTALL=1 -DCMAKE_INSTALL_PREFIX=/home/wei/fire_scout_ws/install/fire_scout_planning_safe
[1.138s] Invoking command in '/home/wei/fire_scout_ws/build/fire_scout_planning_safe': CMAKE_PREFIX_PATH=/home/wei/fire_scout_ws/install/px4_msgs:/home/wei/fire_scout_ws/install/fire_scout_bringup:/home/wei/fire_scout_ws/install/fire_scout_sensors:/home/wei/fire_scout_ws/install/fire_scout_mapping:/home/wei/fire_scout_ws/install/fire_scout_planning_safe:/home/wei/fire_scout_ws/install/fire_scout_localization:/home/wei/fire_scout_ws/install/fire_scout_control:/home/wei/fire_scout_ws/install/fire_scout_gazebo:/opt/ros/humble /usr/bin/cmake --build /home/wei/fire_scout_ws/build/fire_scout_planning_safe -- -j32 -l32
[1.196s] [  3%] [32mBuilding CXX object CMakeFiles/radar_free_space_mapper.dir/src/radar_free_space_mapper.cpp.o[0m
[1.200s] [  6%] [32mBuilding CXX object CMakeFiles/follower_alignment_test.dir/tests/follower_alignment_test.cpp.o[0m
[1.200s] [ 10%] [32mBuilding CXX object CMakeFiles/passage_coordinator.dir/src/passage_coordinator.cpp.o[0m
[1.200s] [ 13%] [32mBuilding CXX object CMakeFiles/route_switch_test.dir/tests/route_switch_test.cpp.o[0m
[1.202s] [ 16%] [32mBuilding CXX object CMakeFiles/safe_airfar_like_planner.dir/src/safe_airfar_like_planner.cpp.o[0m
[1.202s] [ 20%] [32mBuilding CXX object CMakeFiles/racer_task_allocator.dir/src/racer_task_allocator.cpp.o[0m
[1.202s] [ 23%] [32mBuilding CXX object CMakeFiles/multi_uav_map_fusion.dir/src/multi_uav_map_fusion.cpp.o[0m
[1.202s] [ 26%] [32mBuilding CXX object CMakeFiles/v2_passage_handshake_test.dir/tests/v2_passage_handshake_test.cpp.o[0m
[1.203s] [ 30%] [32mBuilding CXX object CMakeFiles/ultrasonic_memory_test.dir/tests/ultrasonic_memory_test.cpp.o[0m
[1.203s] [ 33%] [32mBuilding CXX object CMakeFiles/v210_entrance_test.dir/tests/v210_entrance_test.cpp.o[0m
[1.204s] [ 36%] [32mBuilding CXX object CMakeFiles/v210_route_channel_test.dir/tests/v210_route_channel_test.cpp.o[0m
[1.204s] [ 40%] [32mBuilding CXX object CMakeFiles/v210_header_integration_test.dir/tests/v210_header_integration_test.cpp.o[0m
[1.205s] [ 43%] [32mBuilding CXX object CMakeFiles/coordination_components_test.dir/tests/coordination_components_test.cpp.o[0m
[1.206s] [ 50%] [32mBuilding CXX object CMakeFiles/incremental_repair_v19_test.dir/tests/incremental_repair_v19_test.cpp.o[0m
[1.207s] [ 50%] [32mBuilding CXX object CMakeFiles/safe_airfar_path_follower.dir/src/safe_airfar_path_follower.cpp.o[0m
[2.245s] [ 53%] [32m[1mLinking CXX executable v210_header_integration_test[0m
[2.300s] [ 53%] Built target v210_header_integration_test
[2.501s] [ 56%] [32m[1mLinking CXX executable route_switch_test[0m
[2.529s] [ 60%] [32m[1mLinking CXX executable v210_route_channel_test[0m
[2.575s] [ 60%] Built target route_switch_test
[2.606s] [ 60%] Built target v210_route_channel_test
[2.714s] [ 63%] [32m[1mLinking CXX executable ultrasonic_memory_test[0m
[2.739s] [ 66%] [32m[1mLinking CXX executable follower_alignment_test[0m
[2.792s] [ 66%] Built target ultrasonic_memory_test
[2.815s] [ 66%] Built target follower_alignment_test
[3.023s] [ 70%] [32m[1mLinking CXX executable v2_passage_handshake_test[0m
[3.114s] [ 70%] Built target v2_passage_handshake_test
[3.454s] [ 73%] [32m[1mLinking CXX executable coordination_components_test[0m
[3.533s] [ 73%] Built target coordination_components_test
[5.270s] [ 76%] [32m[1mLinking CXX executable incremental_repair_v19_test[0m
[5.345s] [ 76%] Built target incremental_repair_v19_test
[5.377s] [ 80%] [32m[1mLinking CXX executable v210_entrance_test[0m
[5.449s] [ 80%] Built target v210_entrance_test
[11.918s] [ 83%] [32m[1mLinking CXX executable passage_coordinator[0m
[12.078s] [ 83%] Built target passage_coordinator
[16.145s] [ 86%] [32m[1mLinking CXX executable multi_uav_map_fusion[0m
[16.315s] [ 86%] Built target multi_uav_map_fusion
[17.349s] [ 90%] [32m[1mLinking CXX executable radar_free_space_mapper[0m
[17.529s] [ 90%] Built target radar_free_space_mapper
[20.433s] [ 93%] [32m[1mLinking CXX executable racer_task_allocator[0m
[20.633s] [ 93%] Built target racer_task_allocator
[26.808s] [ 96%] [32m[1mLinking CXX executable safe_airfar_like_planner[0m
[27.030s] [ 96%] Built target safe_airfar_like_planner
[41.727s] [100%] [32m[1mLinking CXX executable safe_airfar_path_follower[0m
[42.045s] [100%] Built target safe_airfar_path_follower
[42.055s] Invoked command in '/home/wei/fire_scout_ws/build/fire_scout_planning_safe' returned '0': CMAKE_PREFIX_PATH=/home/wei/fire_scout_ws/install/px4_msgs:/home/wei/fire_scout_ws/install/fire_scout_bringup:/home/wei/fire_scout_ws/install/fire_scout_sensors:/home/wei/fire_scout_ws/install/fire_scout_mapping:/home/wei/fire_scout_ws/install/fire_scout_planning_safe:/home/wei/fire_scout_ws/install/fire_scout_localization:/home/wei/fire_scout_ws/install/fire_scout_control:/home/wei/fire_scout_ws/install/fire_scout_gazebo:/opt/ros/humble /usr/bin/cmake --build /home/wei/fire_scout_ws/build/fire_scout_planning_safe -- -j32 -l32
[42.063s] Invoking command in '/home/wei/fire_scout_ws/build/fire_scout_planning_safe': CMAKE_PREFIX_PATH=/home/wei/fire_scout_ws/install/px4_msgs:/home/wei/fire_scout_ws/install/fire_scout_bringup:/home/wei/fire_scout_ws/install/fire_scout_sensors:/home/wei/fire_scout_ws/install/fire_scout_mapping:/home/wei/fire_scout_ws/install/fire_scout_planning_safe:/home/wei/fire_scout_ws/install/fire_scout_localization:/home/wei/fire_scout_ws/install/fire_scout_control:/home/wei/fire_scout_ws/install/fire_scout_gazebo:/opt/ros/humble /usr/bin/cmake --install /home/wei/fire_scout_ws/build/fire_scout_planning_safe
[42.070s] -- Install configuration: "Release"
[42.070s] -- Execute custom install script
[42.071s] -- Symlinking: /home/wei/fire_scout_ws/install/fire_scout_planning_safe/lib/fire_scout_planning_safe/radar_free_space_mapper
[42.079s] -- Symlinking: /home/wei/fire_scout_ws/install/fire_scout_planning_safe/lib/fire_scout_planning_safe/multi_uav_map_fusion
[42.089s] -- Symlinking: /home/wei/fire_scout_ws/install/fire_scout_planning_safe/lib/fire_scout_planning_safe/racer_task_allocator
[42.101s] -- Symlinking: /home/wei/fire_scout_ws/install/fire_scout_planning_safe/lib/fire_scout_planning_safe/passage_coordinator
[42.108s] -- Symlinking: /home/wei/fire_scout_ws/install/fire_scout_planning_safe/lib/fire_scout_planning_safe/safe_airfar_like_planner
[42.116s] -- Symlinking: /home/wei/fire_scout_ws/install/fire_scout_planning_safe/lib/fire_scout_planning_safe/safe_airfar_path_follower
[42.126s] -- Symlinking: /home/wei/fire_scout_ws/install/fire_scout_planning_safe/lib/fire_scout_planning_safe/fire_scout_light_logger.py
[42.140s] -- Symlinking: /home/wei/fire_scout_ws/install/fire_scout_planning_safe/lib/fire_scout_planning_safe/collect_fire_scout_logs.sh
[42.152s] -- Symlinking: /home/wei/fire_scout_ws/install/fire_scout_planning_safe/lib/fire_scout_planning_safe/install_fire_scout_planning_safe.sh
[42.162s] -- Symlinking: /home/wei/fire_scout_ws/install/fire_scout_planning_safe/share/fire_scout_planning_safe/launch/multi_map_fusion.launch.py
[42.172s] -- Symlinking: /home/wei/fire_scout_ws/install/fire_scout_planning_safe/share/fire_scout_planning_safe/launch/multi_racer_navigation.launch.py
[42.184s] -- Symlinking: /home/wei/fire_scout_ws/install/fire_scout_planning_safe/share/fire_scout_planning_safe/launch/multi_safe_airfar_navigation.launch.py
[42.199s] -- Symlinking: /home/wei/fire_scout_ws/install/fire_scout_planning_safe/share/fire_scout_planning_safe/launch/multi_safe_airfar_planner_only.launch.py
[42.206s] -- Symlinking: /home/wei/fire_scout_ws/install/fire_scout_planning_safe/share/fire_scout_planning_safe/launch/safe_airfar_navigation.launch.py
[42.215s] -- Symlinking: /home/wei/fire_scout_ws/install/fire_scout_planning_safe/share/fire_scout_planning_safe/launch/safe_airfar_planner_only.launch.py
[42.228s] -- Symlinking: /home/wei/fire_scout_ws/install/fire_scout_planning_safe/share/fire_scout_planning_safe/config/safe_airfar.yaml
[42.240s] -- Symlinking: /home/wei/fire_scout_ws/install/fire_scout_planning_safe/share/fire_scout_planning_safe/docs/LOG_COLLECTION_ZH.md
[42.253s] -- Symlinking: /home/wei/fire_scout_ws/install/fire_scout_planning_safe/share/fire_scout_planning_safe/docs/RACER_TASK_ALLOCATION_ZH.md
[42.267s] -- Symlinking: /home/wei/fire_scout_ws/install/fire_scout_planning_safe/share/fire_scout_planning_safe/docs/V19_1_SONAR_MEMORY_FIX_ZH.md
[42.274s] -- Symlinking: /home/wei/fire_scout_ws/install/fire_scout_planning_safe/share/fire_scout_planning_safe/docs/V19_INCREMENTAL_ROUTE_REPAIR_ZH.md
[42.287s] -- Symlinking: /home/wei/fire_scout_ws/install/fire_scout_planning_safe/share/fire_scout_planning_safe/docs/V20_PEER_SAFETY_AND_ROUTE_CONTINUITY_ZH.md
[42.302s] -- Symlinking: /home/wei/fire_scout_ws/install/fire_scout_planning_safe/share/fire_scout_planning_safe/docs/V21_PEER_DEADLOCK_AND_SCALED_WORLD_ZH.md
[42.315s] -- Symlinking: /home/wei/fire_scout_ws/install/fire_scout_planning_safe/share/fire_scout_planning_safe/docs/V22_STARTUP_SPREAD_ZH.md
[42.329s] -- Symlinking: /home/wei/fire_scout_ws/install/fire_scout_planning_safe/share/fire_scout_planning_safe/docs/V2_1_1_PROGRESS_FIX_ZH.md
[42.338s] -- Symlinking: /home/wei/fire_scout_ws/install/fire_scout_planning_safe/share/fire_scout_planning_safe/docs/v2_1_0_source_comparison.json
[42.352s] -- Symlinking: /home/wei/fire_scout_ws/install/fire_scout_planning_safe/share/fire_scout_planning_safe/docs/v2_1_1_validation.json
[42.363s] -- Symlinking: /home/wei/fire_scout_ws/install/fire_scout_planning_safe/include/fire_scout/autonomous_recovery.hpp
[42.372s] -- Symlinking: /home/wei/fire_scout_ws/install/fire_scout_planning_safe/include/fire_scout/bspline.hpp
[42.380s] -- Symlinking: /home/wei/fire_scout_ws/install/fire_scout_planning_safe/include/fire_scout/confidence_fusion.hpp
[42.390s] -- Symlinking: /home/wei/fire_scout_ws/install/fire_scout_planning_safe/include/fire_scout/directional_motion.hpp
[42.397s] -- Symlinking: /home/wei/fire_scout_ws/install/fire_scout_planning_safe/include/fire_scout/entrance_routes.hpp
[42.403s] -- Symlinking: /home/wei/fire_scout_ws/install/fire_scout_planning_safe/include/fire_scout/envelope_escape.hpp
[42.409s] -- Symlinking: /home/wei/fire_scout_ws/install/fire_scout_planning_safe/include/fire_scout/execution_permit.hpp
[42.423s] -- Symlinking: /home/wei/fire_scout_ws/install/fire_scout_planning_safe/include/fire_scout/gap_policy.hpp
[42.432s] -- Symlinking: /home/wei/fire_scout_ws/install/fire_scout_planning_safe/include/fire_scout/geometry.hpp
[42.446s] -- Symlinking: /home/wei/fire_scout_ws/install/fire_scout_planning_safe/include/fire_scout/glass_risk.hpp
[42.459s] -- Symlinking: /home/wei/fire_scout_ws/install/fire_scout_planning_safe/include/fire_scout/goal_approach.hpp
[42.472s] -- Symlinking: /home/wei/fire_scout_ws/install/fire_scout_planning_safe/include/fire_scout/grid.hpp
[42.482s] -- Symlinking: /home/wei/fire_scout_ws/install/fire_scout_planning_safe/include/fire_scout/hold_safety.hpp
[42.495s] -- Symlinking: /home/wei/fire_scout_ws/install/fire_scout_planning_safe/include/fire_scout/input_freshness.hpp
[42.508s] -- Symlinking: /home/wei/fire_scout_ws/install/fire_scout_planning_safe/include/fire_scout/local_recovery.hpp
[42.524s] -- Symlinking: /home/wei/fire_scout_ws/install/fire_scout_planning_safe/include/fire_scout/map_pair_buffer.hpp
[42.535s] -- Symlinking: /home/wei/fire_scout_ws/install/fire_scout_planning_safe/include/fire_scout/navigation_contract.hpp
[42.548s] -- Symlinking: /home/wei/fire_scout_ws/install/fire_scout_planning_safe/include/fire_scout/observation_gate.hpp
[42.559s] -- Symlinking: /home/wei/fire_scout_ws/install/fire_scout_planning_safe/include/fire_scout/passage_scheduler.hpp
[42.571s] -- Symlinking: /home/wei/fire_scout_ws/install/fire_scout_planning_safe/include/fire_scout/peer_safety.hpp
[42.586s] -- Symlinking: /home/wei/fire_scout_ws/install/fire_scout_planning_safe/include/fire_scout/peer_uav_filter.hpp
[42.594s] -- Symlinking: /home/wei/fire_scout_ws/install/fire_scout_planning_safe/include/fire_scout/planner.hpp
[42.605s] -- Symlinking: /home/wei/fire_scout_ws/install/fire_scout_planning_safe/include/fire_scout/pose_history.hpp
[42.619s] -- Symlinking: /home/wei/fire_scout_ws/install/fire_scout_planning_safe/include/fire_scout/px4_command_clock.hpp
[42.626s] -- Symlinking: /home/wei/fire_scout_ws/install/fire_scout_planning_safe/include/fire_scout/px4_topics.hpp
[42.632s] -- Symlinking: /home/wei/fire_scout_ws/install/fire_scout_planning_safe/include/fire_scout/racer_task_allocator.hpp
[42.639s] -- Symlinking: /home/wei/fire_scout_ws/install/fire_scout_planning_safe/include/fire_scout/retreat_route.hpp
[42.647s] -- Symlinking: /home/wei/fire_scout_ws/install/fire_scout_planning_safe/include/fire_scout/ros_utils.hpp
[42.654s] -- Symlinking: /home/wei/fire_scout_ws/install/fire_scout_planning_safe/include/fire_scout/route_memory.hpp
[42.661s] -- Symlinking: /home/wei/fire_scout_ws/install/fire_scout_planning_safe/include/fire_scout/route_repair.hpp
[42.670s] -- Symlinking: /home/wei/fire_scout_ws/install/fire_scout_planning_safe/include/fire_scout/route_switch.hpp
[42.681s] -- Symlinking: /home/wei/fire_scout_ws/install/fire_scout_planning_safe/include/fire_scout/route_topology.hpp
[42.694s] -- Symlinking: /home/wei/fire_scout_ws/install/fire_scout_planning_safe/include/fire_scout/snapshot_stamp.hpp
[42.706s] -- Symlinking: /home/wei/fire_scout_ws/install/fire_scout_planning_safe/include/fire_scout/tracker.hpp
[42.718s] -- Symlinking: /home/wei/fire_scout_ws/install/fire_scout_planning_safe/include/fire_scout/ultrasonic.hpp
[42.726s] -- Symlinking: /home/wei/fire_scout_ws/install/fire_scout_planning_safe/include/fire_scout/vehicle.hpp
[42.734s] -- Symlinking: /home/wei/fire_scout_ws/install/fire_scout_planning_safe/share/ament_index/resource_index/package_run_dependencies/fire_scout_planning_safe
[42.747s] -- Symlinking: /home/wei/fire_scout_ws/install/fire_scout_planning_safe/share/ament_index/resource_index/parent_prefix_path/fire_scout_planning_safe
[42.755s] -- Symlinking: /home/wei/fire_scout_ws/install/fire_scout_planning_safe/share/fire_scout_planning_safe/environment/ament_prefix_path.sh
[42.765s] -- Symlinking: /home/wei/fire_scout_ws/install/fire_scout_planning_safe/share/fire_scout_planning_safe/environment/ament_prefix_path.dsv
[42.773s] -- Symlinking: /home/wei/fire_scout_ws/install/fire_scout_planning_safe/share/fire_scout_planning_safe/environment/path.sh
[42.782s] -- Symlinking: /home/wei/fire_scout_ws/install/fire_scout_planning_safe/share/fire_scout_planning_safe/environment/path.dsv
[42.789s] -- Symlinking: /home/wei/fire_scout_ws/install/fire_scout_planning_safe/share/fire_scout_planning_safe/local_setup.bash
[42.799s] -- Symlinking: /home/wei/fire_scout_ws/install/fire_scout_planning_safe/share/fire_scout_planning_safe/local_setup.sh
[42.811s] -- Symlinking: /home/wei/fire_scout_ws/install/fire_scout_planning_safe/share/fire_scout_planning_safe/local_setup.zsh
[42.819s] -- Symlinking: /home/wei/fire_scout_ws/install/fire_scout_planning_safe/share/fire_scout_planning_safe/local_setup.dsv
[42.832s] -- Symlinking: /home/wei/fire_scout_ws/install/fire_scout_planning_safe/share/fire_scout_planning_safe/package.dsv
[42.847s] -- Symlinking: /home/wei/fire_scout_ws/install/fire_scout_planning_safe/share/ament_index/resource_index/packages/fire_scout_planning_safe
[42.856s] -- Symlinking: /home/wei/fire_scout_ws/install/fire_scout_planning_safe/share/fire_scout_planning_safe/cmake/fire_scout_planning_safeConfig.cmake
[42.864s] -- Symlinking: /home/wei/fire_scout_ws/install/fire_scout_planning_safe/share/fire_scout_planning_safe/cmake/fire_scout_planning_safeConfig-version.cmake
[42.874s] -- Symlinking: /home/wei/fire_scout_ws/install/fire_scout_planning_safe/share/fire_scout_planning_safe/package.xml
[42.881s] Invoked command in '/home/wei/fire_scout_ws/build/fire_scout_planning_safe' returned '0': CMAKE_PREFIX_PATH=/home/wei/fire_scout_ws/install/px4_msgs:/home/wei/fire_scout_ws/install/fire_scout_bringup:/home/wei/fire_scout_ws/install/fire_scout_sensors:/home/wei/fire_scout_ws/install/fire_scout_mapping:/home/wei/fire_scout_ws/install/fire_scout_planning_safe:/home/wei/fire_scout_ws/install/fire_scout_localization:/home/wei/fire_scout_ws/install/fire_scout_control:/home/wei/fire_scout_ws/install/fire_scout_gazebo:/opt/ros/humble /usr/bin/cmake --install /home/wei/fire_scout_ws/build/fire_scout_planning_safe
