[35m[1mConsolidate compiler generated dependencies of target route_switch_test[0m
[35m[1mConsolidate compiler generated dependencies of target follower_alignment_test[0m
[35m[1mConsolidate compiler generated dependencies of target ultrasonic_memory_test[0m
[35m[1mConsolidate compiler generated dependencies of target v2_trajectory_test[0m
[35m[1mConsolidate compiler generated dependencies of target incremental_repair_v19_test[0m
[35m[1mConsolidate compiler generated dependencies of target v2_coordination_test[0m
[35m[1mConsolidate compiler generated dependencies of target radar_free_space_mapper[0m
[35m[1mConsolidate compiler generated dependencies of target multi_uav_map_fusion[0m
[35m[1mConsolidate compiler generated dependencies of target v2_local_retime_test[0m
[35m[1mConsolidate compiler generated dependencies of target coordination_components_test[0m
[35m[1mConsolidate compiler generated dependencies of target racer_task_allocator[0m
[35m[1mConsolidate compiler generated dependencies of target v2_horizon_topology_test[0m
[35m[1mConsolidate compiler generated dependencies of target safe_airfar_like_planner[0m
[35m[1mConsolidate compiler generated dependencies of target safe_airfar_path_follower[0m
[35m[1mConsolidate compiler generated dependencies of target passage_coordinator[0m
[35m[1mConsolidate compiler generated dependencies of target v2_tracking_guard_test[0m
[35m[1mConsolidate compiler generated dependencies of target v2_topology_routes_test[0m
[35m[1mConsolidate compiler generated dependencies of target v2_execution_transition_test[0m
[ 13%] Built target follower_alignment_test
[ 19%] Built target ultrasonic_memory_test
[ 19%] Built target route_switch_test
[ 19%] [32mBuilding CXX object CMakeFiles/v2_trajectory_test.dir/tests/v2_trajectory_test.cpp.o[0m
[ 25%] Built target incremental_repair_v19_test
[ 33%] Built target v2_coordination_test
[ 33%] [32mBuilding CXX object CMakeFiles/v2_local_retime_test.dir/tests/v2_local_retime_test.cpp.o[0m
[ 38%] Built target v2_horizon_topology_test
[ 44%] Built target coordination_components_test
[ 50%] Built target v2_topology_routes_test
[ 52%] [32mBuilding CXX object CMakeFiles/v2_tracking_guard_test.dir/tests/v2_tracking_guard_test.cpp.o[0m
[ 55%] [32mBuilding CXX object CMakeFiles/v2_execution_transition_test.dir/tests/v2_execution_transition_test.cpp.o[0m
[ 61%] Built target radar_free_space_mapper
[ 72%] Built target racer_task_allocator
[ 72%] Built target multi_uav_map_fusion
[ 77%] Built target passage_coordinator
[ 83%] [32mBuilding CXX object CMakeFiles/safe_airfar_like_planner.dir/src/safe_airfar_like_planner.cpp.o[0m
[ 83%] [32mBuilding CXX object CMakeFiles/safe_airfar_path_follower.dir/src/safe_airfar_path_follower.cpp.o[0m
[ 86%] [32m[1mLinking CXX executable v2_local_retime_test[0m
[ 86%] Built target v2_local_retime_test
[ 88%] [32m[1mLinking CXX executable v2_trajectory_test[0m
[ 88%] Built target v2_trajectory_test
[ 91%] [32m[1mLinking CXX executable v2_tracking_guard_test[0m
[ 91%] Built target v2_tracking_guard_test
[ 94%] [32m[1mLinking CXX executable v2_execution_transition_test[0m
[ 94%] Built target v2_execution_transition_test
[ 97%] [32m[1mLinking CXX executable safe_airfar_like_planner[0m
[ 97%] Built target safe_airfar_like_planner
[100%] [32m[1mLinking CXX executable safe_airfar_path_follower[0m
[100%] Built target safe_airfar_path_follower
-- Install configuration: "Release"
-- Execute custom install script
-- Symlinking: /home/wei/fire_scout_ws/install/fire_scout_planning_safe/lib/fire_scout_planning_safe/radar_free_space_mapper
-- Symlinking: /home/wei/fire_scout_ws/install/fire_scout_planning_safe/lib/fire_scout_planning_safe/multi_uav_map_fusion
-- Symlinking: /home/wei/fire_scout_ws/install/fire_scout_planning_safe/lib/fire_scout_planning_safe/racer_task_allocator
-- Symlinking: /home/wei/fire_scout_ws/install/fire_scout_planning_safe/lib/fire_scout_planning_safe/safe_airfar_like_planner
-- Symlinking: /home/wei/fire_scout_ws/install/fire_scout_planning_safe/lib/fire_scout_planning_safe/safe_airfar_path_follower
-- Symlinking: /home/wei/fire_scout_ws/install/fire_scout_planning_safe/lib/fire_scout_planning_safe/passage_coordinator
-- Symlinking: /home/wei/fire_scout_ws/install/fire_scout_planning_safe/lib/fire_scout_planning_safe/fire_scout_light_logger.py
-- Symlinking: /home/wei/fire_scout_ws/install/fire_scout_planning_safe/lib/fire_scout_planning_safe/collect_fire_scout_logs.sh
-- Symlinking: /home/wei/fire_scout_ws/install/fire_scout_planning_safe/lib/fire_scout_planning_safe/install_fire_scout_planning_safe.sh
-- Symlinking: /home/wei/fire_scout_ws/install/fire_scout_planning_safe/share/fire_scout_planning_safe/launch/multi_map_fusion.launch.py
-- Symlinking: /home/wei/fire_scout_ws/install/fire_scout_planning_safe/share/fire_scout_planning_safe/launch/multi_racer_navigation.launch.py
-- Symlinking: /home/wei/fire_scout_ws/install/fire_scout_planning_safe/share/fire_scout_planning_safe/launch/multi_safe_airfar_navigation.launch.py
-- Symlinking: /home/wei/fire_scout_ws/install/fire_scout_planning_safe/share/fire_scout_planning_safe/launch/multi_safe_airfar_planner_only.launch.py
-- Symlinking: /home/wei/fire_scout_ws/install/fire_scout_planning_safe/share/fire_scout_planning_safe/launch/safe_airfar_navigation.launch.py
-- Symlinking: /home/wei/fire_scout_ws/install/fire_scout_planning_safe/share/fire_scout_planning_safe/launch/safe_airfar_planner_only.launch.py
-- Symlinking: /home/wei/fire_scout_ws/install/fire_scout_planning_safe/share/fire_scout_planning_safe/config/safe_airfar.yaml
-- Symlinking: /home/wei/fire_scout_ws/install/fire_scout_planning_safe/share/fire_scout_planning_safe/docs/LOG_COLLECTION_ZH.md
-- Symlinking: /home/wei/fire_scout_ws/install/fire_scout_planning_safe/share/fire_scout_planning_safe/docs/RACER_TASK_ALLOCATION_ZH.md
-- Symlinking: /home/wei/fire_scout_ws/install/fire_scout_planning_safe/share/fire_scout_planning_safe/docs/V19_1_SONAR_MEMORY_FIX_ZH.md
-- Symlinking: /home/wei/fire_scout_ws/install/fire_scout_planning_safe/share/fire_scout_planning_safe/docs/V19_INCREMENTAL_ROUTE_REPAIR_ZH.md
-- Symlinking: /home/wei/fire_scout_ws/install/fire_scout_planning_safe/share/fire_scout_planning_safe/docs/V20_PEER_SAFETY_AND_ROUTE_CONTINUITY_ZH.md
-- Symlinking: /home/wei/fire_scout_ws/install/fire_scout_planning_safe/share/fire_scout_planning_safe/docs/V21_PEER_DEADLOCK_AND_SCALED_WORLD_ZH.md
-- Symlinking: /home/wei/fire_scout_ws/install/fire_scout_planning_safe/share/fire_scout_planning_safe/docs/V22_STARTUP_SPREAD_ZH.md
-- Symlinking: /home/wei/fire_scout_ws/install/fire_scout_planning_safe/share/fire_scout_planning_safe/docs/V2_0_1_GUIDE_ZH.md
-- Symlinking: /home/wei/fire_scout_ws/install/fire_scout_planning_safe/share/fire_scout_planning_safe/docs/V2_0_1_VALIDATION.txt
-- Symlinking: /home/wei/fire_scout_ws/install/fire_scout_planning_safe/share/fire_scout_planning_safe/docs/V2_0_2_GUIDE_ZH.md
-- Symlinking: /home/wei/fire_scout_ws/install/fire_scout_planning_safe/share/fire_scout_planning_safe/docs/V2_0_2_VALIDATION.txt
-- Symlinking: /home/wei/fire_scout_ws/install/fire_scout_planning_safe/share/fire_scout_planning_safe/docs/V2_0_3_GUIDE_ZH.md
-- Symlinking: /home/wei/fire_scout_ws/install/fire_scout_planning_safe/share/fire_scout_planning_safe/docs/V2_0_GUIDE_ZH.md
-- Symlinking: /home/wei/fire_scout_ws/install/fire_scout_planning_safe/share/fire_scout_planning_safe/docs/V2_0_VALIDATION.txt
-- Symlinking: /home/wei/fire_scout_ws/install/fire_scout_planning_safe/share/fire_scout_planning_safe/docs/VALIDATION.txt
-- Symlinking: /home/wei/fire_scout_ws/install/fire_scout_planning_safe/share/fire_scout_planning_safe/README.md
-- Symlinking: /home/wei/fire_scout_ws/install/fire_scout_planning_safe/include/fire_scout/autonomous_recovery.hpp
-- Symlinking: /home/wei/fire_scout_ws/install/fire_scout_planning_safe/include/fire_scout/bspline.hpp
-- Symlinking: /home/wei/fire_scout_ws/install/fire_scout_planning_safe/include/fire_scout/confidence_fusion.hpp
-- Symlinking: /home/wei/fire_scout_ws/install/fire_scout_planning_safe/include/fire_scout/directional_motion.hpp
-- Symlinking: /home/wei/fire_scout_ws/install/fire_scout_planning_safe/include/fire_scout/envelope_escape.hpp
-- Symlinking: /home/wei/fire_scout_ws/install/fire_scout_planning_safe/include/fire_scout/gap_policy.hpp
-- Symlinking: /home/wei/fire_scout_ws/install/fire_scout_planning_safe/include/fire_scout/geometry.hpp
-- Symlinking: /home/wei/fire_scout_ws/install/fire_scout_planning_safe/include/fire_scout/glass_risk.hpp
-- Symlinking: /home/wei/fire_scout_ws/install/fire_scout_planning_safe/include/fire_scout/goal_approach.hpp
-- Symlinking: /home/wei/fire_scout_ws/install/fire_scout_planning_safe/include/fire_scout/grid.hpp
-- Symlinking: /home/wei/fire_scout_ws/install/fire_scout_planning_safe/include/fire_scout/hold_safety.hpp
-- Symlinking: /home/wei/fire_scout_ws/install/fire_scout_planning_safe/include/fire_scout/input_freshness.hpp
-- Symlinking: /home/wei/fire_scout_ws/install/fire_scout_planning_safe/include/fire_scout/local_recovery.hpp
-- Symlinking: /home/wei/fire_scout_ws/install/fire_scout_planning_safe/include/fire_scout/map_pair_buffer.hpp
-- Symlinking: /home/wei/fire_scout_ws/install/fire_scout_planning_safe/include/fire_scout/navigation_contract.hpp
-- Symlinking: /home/wei/fire_scout_ws/install/fire_scout_planning_safe/include/fire_scout/observation_gate.hpp
-- Symlinking: /home/wei/fire_scout_ws/install/fire_scout_planning_safe/include/fire_scout/passage_scheduler.hpp
-- Symlinking: /home/wei/fire_scout_ws/install/fire_scout_planning_safe/include/fire_scout/peer_safety.hpp
-- Symlinking: /home/wei/fire_scout_ws/install/fire_scout_planning_safe/include/fire_scout/peer_uav_filter.hpp
-- Symlinking: /home/wei/fire_scout_ws/install/fire_scout_planning_safe/include/fire_scout/planner.hpp
-- Symlinking: /home/wei/fire_scout_ws/install/fire_scout_planning_safe/include/fire_scout/pose_history.hpp
-- Symlinking: /home/wei/fire_scout_ws/install/fire_scout_planning_safe/include/fire_scout/px4_command_clock.hpp
-- Symlinking: /home/wei/fire_scout_ws/install/fire_scout_planning_safe/include/fire_scout/px4_topics.hpp
-- Symlinking: /home/wei/fire_scout_ws/install/fire_scout_planning_safe/include/fire_scout/racer_task_allocator.hpp
-- Symlinking: /home/wei/fire_scout_ws/install/fire_scout_planning_safe/include/fire_scout/retreat_route.hpp
-- Symlinking: /home/wei/fire_scout_ws/install/fire_scout_planning_safe/include/fire_scout/ros_utils.hpp
-- Symlinking: /home/wei/fire_scout_ws/install/fire_scout_planning_safe/include/fire_scout/route_candidates.hpp
-- Symlinking: /home/wei/fire_scout_ws/install/fire_scout_planning_safe/include/fire_scout/route_execution.hpp
-- Symlinking: /home/wei/fire_scout_ws/install/fire_scout_planning_safe/include/fire_scout/route_memory.hpp
-- Symlinking: /home/wei/fire_scout_ws/install/fire_scout_planning_safe/include/fire_scout/route_repair.hpp
-- Symlinking: /home/wei/fire_scout_ws/install/fire_scout_planning_safe/include/fire_scout/route_switch.hpp
-- Symlinking: /home/wei/fire_scout_ws/install/fire_scout_planning_safe/include/fire_scout/route_topology.hpp
-- Symlinking: /home/wei/fire_scout_ws/install/fire_scout_planning_safe/include/fire_scout/snapshot_stamp.hpp
-- Symlinking: /home/wei/fire_scout_ws/install/fire_scout_planning_safe/include/fire_scout/timed_trajectory.hpp
-- Symlinking: /home/wei/fire_scout_ws/install/fire_scout_planning_safe/include/fire_scout/tracker.hpp
-- Symlinking: /home/wei/fire_scout_ws/install/fire_scout_planning_safe/include/fire_scout/ultrasonic.hpp
-- Symlinking: /home/wei/fire_scout_ws/install/fire_scout_planning_safe/include/fire_scout/vehicle.hpp
-- Symlinking: /home/wei/fire_scout_ws/install/fire_scout_planning_safe/include/fire_scout/visibility_memory.hpp
-- Symlinking: /home/wei/fire_scout_ws/install/fire_scout_planning_safe/share/ament_index/resource_index/package_run_dependencies/fire_scout_planning_safe
-- Symlinking: /home/wei/fire_scout_ws/install/fire_scout_planning_safe/share/ament_index/resource_index/parent_prefix_path/fire_scout_planning_safe
-- Symlinking: /home/wei/fire_scout_ws/install/fire_scout_planning_safe/share/fire_scout_planning_safe/environment/ament_prefix_path.sh
-- Symlinking: /home/wei/fire_scout_ws/install/fire_scout_planning_safe/share/fire_scout_planning_safe/environment/ament_prefix_path.dsv
-- Symlinking: /home/wei/fire_scout_ws/install/fire_scout_planning_safe/share/fire_scout_planning_safe/environment/path.sh
-- Symlinking: /home/wei/fire_scout_ws/install/fire_scout_planning_safe/share/fire_scout_planning_safe/environment/path.dsv
-- Symlinking: /home/wei/fire_scout_ws/install/fire_scout_planning_safe/share/fire_scout_planning_safe/local_setup.bash
-- Symlinking: /home/wei/fire_scout_ws/install/fire_scout_planning_safe/share/fire_scout_planning_safe/local_setup.sh
-- Symlinking: /home/wei/fire_scout_ws/install/fire_scout_planning_safe/share/fire_scout_planning_safe/local_setup.zsh
-- Symlinking: /home/wei/fire_scout_ws/install/fire_scout_planning_safe/share/fire_scout_planning_safe/local_setup.dsv
-- Symlinking: /home/wei/fire_scout_ws/install/fire_scout_planning_safe/share/fire_scout_planning_safe/package.dsv
-- Symlinking: /home/wei/fire_scout_ws/install/fire_scout_planning_safe/share/ament_index/resource_index/packages/fire_scout_planning_safe
-- Symlinking: /home/wei/fire_scout_ws/install/fire_scout_planning_safe/share/fire_scout_planning_safe/cmake/fire_scout_planning_safeConfig.cmake
-- Symlinking: /home/wei/fire_scout_ws/install/fire_scout_planning_safe/share/fire_scout_planning_safe/cmake/fire_scout_planning_safeConfig-version.cmake
-- Symlinking: /home/wei/fire_scout_ws/install/fire_scout_planning_safe/share/fire_scout_planning_safe/package.xml
