[0.014s] Invoking command in '/home/wei/fire_scout_ws/build/fire_scout_sensors': AMENT_PREFIX_PATH=/home/wei/fire_scout_ws/install/px4_msgs:${AMENT_PREFIX_PATH} CMAKE_PREFIX_PATH=/home/wei/fire_scout_ws/install/px4_msgs:/opt/ros/humble LD_LIBRARY_PATH=/home/wei/fire_scout_ws/install/px4_msgs/lib:${LD_LIBRARY_PATH} PYTHONPATH=/home/wei/fire_scout_ws/install/px4_msgs/local/lib/python3.10/dist-packages:${PYTHONPATH} /usr/bin/cmake /home/wei/fire_scout_ws/src/fire_scout_sensors -DCMAKE_INSTALL_PREFIX=/home/wei/fire_scout_ws/install/fire_scout_sensors
[0.057s] -- The C compiler identification is GNU 11.4.0
[0.108s] -- The CXX compiler identification is GNU 11.4.0
[0.114s] -- Detecting C compiler ABI info
[0.175s] -- Detecting C compiler ABI info - done
[0.180s] -- Check for working C compiler: /usr/bin/cc - skipped
[0.180s] -- Detecting C compile features
[0.180s] -- Detecting C compile features - done
[0.183s] -- Detecting CXX compiler ABI info
[0.252s] -- Detecting CXX compiler ABI info - done
[0.260s] -- Check for working CXX compiler: /usr/bin/c++ - skipped
[0.261s] -- Detecting CXX compile features
[0.261s] -- Detecting CXX compile features - done
[0.264s] -- Found ament_cmake: 1.3.14 (/opt/ros/humble/share/ament_cmake/cmake)
[0.393s] -- Found Python3: /usr/bin/python3 (found version "3.10.12") found components: Interpreter 
[0.463s] -- Found rclcpp: 16.0.19 (/opt/ros/humble/share/rclcpp/cmake)
[0.495s] -- Found rosidl_generator_c: 3.1.8 (/opt/ros/humble/share/rosidl_generator_c/cmake)
[0.499s] -- Found rosidl_adapter: 3.1.8 (/opt/ros/humble/share/rosidl_adapter/cmake)
[0.506s] -- Found rosidl_generator_cpp: 3.1.8 (/opt/ros/humble/share/rosidl_generator_cpp/cmake)
[0.513s] -- Using all available rosidl_typesupport_c: rosidl_typesupport_fastrtps_c;rosidl_typesupport_introspection_c
[0.524s] -- Using all available rosidl_typesupport_cpp: rosidl_typesupport_fastrtps_cpp;rosidl_typesupport_introspection_cpp
[0.552s] -- Found rmw_implementation_cmake: 6.1.2 (/opt/ros/humble/share/rmw_implementation_cmake/cmake)
[0.554s] -- Found rmw_cyclonedds_cpp: 1.3.4 (/opt/ros/humble/share/rmw_cyclonedds_cpp/cmake)
[0.568s] -- Using RMW implementation 'rmw_cyclonedds_cpp' as default
[0.574s] -- Looking for pthread.h
[0.631s] -- Looking for pthread.h - found
[0.631s] -- Performing Test CMAKE_HAVE_LIBC_PTHREAD
[0.694s] -- Performing Test CMAKE_HAVE_LIBC_PTHREAD - Success
[0.695s] -- Found Threads: TRUE  
[0.734s] -- Found sensor_msgs: 4.9.1 (/opt/ros/humble/share/sensor_msgs/cmake)
[0.755s] -- Found nav_msgs: 4.9.1 (/opt/ros/humble/share/nav_msgs/cmake)
[0.765s] -- Found px4_msgs: 2.0.1 (/home/wei/fire_scout_ws/install/px4_msgs/share/px4_msgs/cmake)
[0.818s] -- Configuring done
[0.828s] -- Generating done
[0.831s] -- Build files have been written to: /home/wei/fire_scout_ws/build/fire_scout_sensors
[0.837s] Invoked command in '/home/wei/fire_scout_ws/build/fire_scout_sensors' returned '0': AMENT_PREFIX_PATH=/home/wei/fire_scout_ws/install/px4_msgs:${AMENT_PREFIX_PATH} CMAKE_PREFIX_PATH=/home/wei/fire_scout_ws/install/px4_msgs:/opt/ros/humble LD_LIBRARY_PATH=/home/wei/fire_scout_ws/install/px4_msgs/lib:${LD_LIBRARY_PATH} PYTHONPATH=/home/wei/fire_scout_ws/install/px4_msgs/local/lib/python3.10/dist-packages:${PYTHONPATH} /usr/bin/cmake /home/wei/fire_scout_ws/src/fire_scout_sensors -DCMAKE_INSTALL_PREFIX=/home/wei/fire_scout_ws/install/fire_scout_sensors
[0.839s] Invoking command in '/home/wei/fire_scout_ws/build/fire_scout_sensors': AMENT_PREFIX_PATH=/home/wei/fire_scout_ws/install/px4_msgs:${AMENT_PREFIX_PATH} CMAKE_PREFIX_PATH=/home/wei/fire_scout_ws/install/px4_msgs:/opt/ros/humble LD_LIBRARY_PATH=/home/wei/fire_scout_ws/install/px4_msgs/lib:${LD_LIBRARY_PATH} PYTHONPATH=/home/wei/fire_scout_ws/install/px4_msgs/local/lib/python3.10/dist-packages:${PYTHONPATH} /usr/bin/cmake --build /home/wei/fire_scout_ws/build/fire_scout_sensors -- -j32 -l32
[0.889s] [ 25%] [32mBuilding CXX object CMakeFiles/ultrasonic_to_px4.dir/src/ultrasonic_to_px4.cpp.o[0m
[0.891s] [ 50%] [32mBuilding CXX object CMakeFiles/mmwave_enricher.dir/src/mmwave_enricher.cpp.o[0m
[10.371s] [ 75%] [32m[1mLinking CXX executable mmwave_enricher[0m
[10.836s] [ 75%] Built target mmwave_enricher
[11.138s] [100%] [32m[1mLinking CXX executable ultrasonic_to_px4[0m
[11.490s] [100%] Built target ultrasonic_to_px4
[11.503s] Invoked command in '/home/wei/fire_scout_ws/build/fire_scout_sensors' returned '0': AMENT_PREFIX_PATH=/home/wei/fire_scout_ws/install/px4_msgs:${AMENT_PREFIX_PATH} CMAKE_PREFIX_PATH=/home/wei/fire_scout_ws/install/px4_msgs:/opt/ros/humble LD_LIBRARY_PATH=/home/wei/fire_scout_ws/install/px4_msgs/lib:${LD_LIBRARY_PATH} PYTHONPATH=/home/wei/fire_scout_ws/install/px4_msgs/local/lib/python3.10/dist-packages:${PYTHONPATH} /usr/bin/cmake --build /home/wei/fire_scout_ws/build/fire_scout_sensors -- -j32 -l32
[11.505s] Invoking command in '/home/wei/fire_scout_ws/build/fire_scout_sensors': AMENT_PREFIX_PATH=/home/wei/fire_scout_ws/install/px4_msgs:${AMENT_PREFIX_PATH} CMAKE_PREFIX_PATH=/home/wei/fire_scout_ws/install/px4_msgs:/opt/ros/humble LD_LIBRARY_PATH=/home/wei/fire_scout_ws/install/px4_msgs/lib:${LD_LIBRARY_PATH} PYTHONPATH=/home/wei/fire_scout_ws/install/px4_msgs/local/lib/python3.10/dist-packages:${PYTHONPATH} /usr/bin/cmake --install /home/wei/fire_scout_ws/build/fire_scout_sensors
[11.514s] -- Install configuration: ""
[11.514s] -- Installing: /home/wei/fire_scout_ws/install/fire_scout_sensors/lib/fire_scout_sensors/mmwave_enricher
[11.517s] -- Set runtime path of "/home/wei/fire_scout_ws/install/fire_scout_sensors/lib/fire_scout_sensors/mmwave_enricher" to ""
[11.517s] -- Installing: /home/wei/fire_scout_ws/install/fire_scout_sensors/lib/fire_scout_sensors/ultrasonic_to_px4
[11.519s] -- Set runtime path of "/home/wei/fire_scout_ws/install/fire_scout_sensors/lib/fire_scout_sensors/ultrasonic_to_px4" to ""
[11.519s] -- Installing: /home/wei/fire_scout_ws/install/fire_scout_sensors/share/ament_index/resource_index/package_run_dependencies/fire_scout_sensors
[11.519s] -- Installing: /home/wei/fire_scout_ws/install/fire_scout_sensors/share/ament_index/resource_index/parent_prefix_path/fire_scout_sensors
[11.519s] -- Installing: /home/wei/fire_scout_ws/install/fire_scout_sensors/share/fire_scout_sensors/environment/ament_prefix_path.sh
[11.520s] -- Installing: /home/wei/fire_scout_ws/install/fire_scout_sensors/share/fire_scout_sensors/environment/ament_prefix_path.dsv
[11.520s] -- Installing: /home/wei/fire_scout_ws/install/fire_scout_sensors/share/fire_scout_sensors/environment/path.sh
[11.520s] -- Installing: /home/wei/fire_scout_ws/install/fire_scout_sensors/share/fire_scout_sensors/environment/path.dsv
[11.520s] -- Installing: /home/wei/fire_scout_ws/install/fire_scout_sensors/share/fire_scout_sensors/local_setup.bash
[11.520s] -- Installing: /home/wei/fire_scout_ws/install/fire_scout_sensors/share/fire_scout_sensors/local_setup.sh
[11.520s] -- Installing: /home/wei/fire_scout_ws/install/fire_scout_sensors/share/fire_scout_sensors/local_setup.zsh
[11.520s] -- Installing: /home/wei/fire_scout_ws/install/fire_scout_sensors/share/fire_scout_sensors/local_setup.dsv
[11.520s] -- Installing: /home/wei/fire_scout_ws/install/fire_scout_sensors/share/fire_scout_sensors/package.dsv
[11.520s] -- Installing: /home/wei/fire_scout_ws/install/fire_scout_sensors/share/ament_index/resource_index/packages/fire_scout_sensors
[11.520s] -- Installing: /home/wei/fire_scout_ws/install/fire_scout_sensors/share/fire_scout_sensors/cmake/fire_scout_sensorsConfig.cmake
[11.520s] -- Installing: /home/wei/fire_scout_ws/install/fire_scout_sensors/share/fire_scout_sensors/cmake/fire_scout_sensorsConfig-version.cmake
[11.521s] -- Installing: /home/wei/fire_scout_ws/install/fire_scout_sensors/share/fire_scout_sensors/package.xml
[11.522s] Invoked command in '/home/wei/fire_scout_ws/build/fire_scout_sensors' returned '0': AMENT_PREFIX_PATH=/home/wei/fire_scout_ws/install/px4_msgs:${AMENT_PREFIX_PATH} CMAKE_PREFIX_PATH=/home/wei/fire_scout_ws/install/px4_msgs:/opt/ros/humble LD_LIBRARY_PATH=/home/wei/fire_scout_ws/install/px4_msgs/lib:${LD_LIBRARY_PATH} PYTHONPATH=/home/wei/fire_scout_ws/install/px4_msgs/local/lib/python3.10/dist-packages:${PYTHONPATH} /usr/bin/cmake --install /home/wei/fire_scout_ws/build/fire_scout_sensors
