[0.015s] Invoking command in '/home/wei/fire_scout_ws/build/fire_scout_bringup': CMAKE_PREFIX_PATH=/home/wei/fire_scout_ws/install/fire_scout_sensors:/home/wei/fire_scout_ws/install/fire_scout_localization:/home/wei/fire_scout_ws/install/px4_msgs:/home/wei/fire_scout_ws/install/fire_scout_bringup:/home/wei/fire_scout_ws/install/fire_scout_mapping:/home/wei/fire_scout_ws/install/fire_scout_planning_safe:/home/wei/fire_scout_ws/install/fire_scout_control:/home/wei/fire_scout_ws/install/fire_scout_gazebo:/opt/ros/humble /usr/bin/cmake --build /home/wei/fire_scout_ws/build/fire_scout_bringup -- -j32 -l32
[0.045s] Invoked command in '/home/wei/fire_scout_ws/build/fire_scout_bringup' returned '0': CMAKE_PREFIX_PATH=/home/wei/fire_scout_ws/install/fire_scout_sensors:/home/wei/fire_scout_ws/install/fire_scout_localization:/home/wei/fire_scout_ws/install/px4_msgs:/home/wei/fire_scout_ws/install/fire_scout_bringup:/home/wei/fire_scout_ws/install/fire_scout_mapping:/home/wei/fire_scout_ws/install/fire_scout_planning_safe:/home/wei/fire_scout_ws/install/fire_scout_control:/home/wei/fire_scout_ws/install/fire_scout_gazebo:/opt/ros/humble /usr/bin/cmake --build /home/wei/fire_scout_ws/build/fire_scout_bringup -- -j32 -l32
[0.046s] Invoking command in '/home/wei/fire_scout_ws/build/fire_scout_bringup': CMAKE_PREFIX_PATH=/home/wei/fire_scout_ws/install/fire_scout_sensors:/home/wei/fire_scout_ws/install/fire_scout_localization:/home/wei/fire_scout_ws/install/px4_msgs:/home/wei/fire_scout_ws/install/fire_scout_bringup:/home/wei/fire_scout_ws/install/fire_scout_mapping:/home/wei/fire_scout_ws/install/fire_scout_planning_safe:/home/wei/fire_scout_ws/install/fire_scout_control:/home/wei/fire_scout_ws/install/fire_scout_gazebo:/opt/ros/humble /usr/bin/cmake --install /home/wei/fire_scout_ws/build/fire_scout_bringup
[0.052s] -- Install configuration: ""
[0.052s] -- Up-to-date: /home/wei/fire_scout_ws/install/fire_scout_bringup/share/fire_scout_bringup/launch
[0.052s] -- Up-to-date: /home/wei/fire_scout_ws/install/fire_scout_bringup/share/fire_scout_bringup/launch/single_scout.launch.py
[0.052s] -- Up-to-date: /home/wei/fire_scout_ws/install/fire_scout_bringup/share/fire_scout_bringup/launch/multi_scout.launch.py
[0.052s] -- Up-to-date: /home/wei/fire_scout_ws/install/fire_scout_bringup/share/fire_scout_bringup/docs
[0.052s] -- Up-to-date: /home/wei/fire_scout_ws/install/fire_scout_bringup/share/fire_scout_bringup/docs/TF_STARTUP_TROUBLESHOOTING_ZH.md
[0.052s] -- Up-to-date: /home/wei/fire_scout_ws/install/fire_scout_bringup/lib/fire_scout_bringup/start_radar_bridge.sh
[0.052s] -- Up-to-date: /home/wei/fire_scout_ws/install/fire_scout_bringup/lib/fire_scout_bringup/diagnose_multi_tf.sh
[0.052s] -- Up-to-date: /home/wei/fire_scout_ws/install/fire_scout_bringup/share/ament_index/resource_index/package_run_dependencies/fire_scout_bringup
[0.052s] -- Up-to-date: /home/wei/fire_scout_ws/install/fire_scout_bringup/share/ament_index/resource_index/parent_prefix_path/fire_scout_bringup
[0.052s] -- Up-to-date: /home/wei/fire_scout_ws/install/fire_scout_bringup/share/fire_scout_bringup/environment/ament_prefix_path.sh
[0.052s] -- Up-to-date: /home/wei/fire_scout_ws/install/fire_scout_bringup/share/fire_scout_bringup/environment/ament_prefix_path.dsv
[0.052s] -- Up-to-date: /home/wei/fire_scout_ws/install/fire_scout_bringup/share/fire_scout_bringup/environment/path.sh
[0.052s] -- Up-to-date: /home/wei/fire_scout_ws/install/fire_scout_bringup/share/fire_scout_bringup/environment/path.dsv
[0.052s] -- Up-to-date: /home/wei/fire_scout_ws/install/fire_scout_bringup/share/fire_scout_bringup/local_setup.bash
[0.052s] -- Up-to-date: /home/wei/fire_scout_ws/install/fire_scout_bringup/share/fire_scout_bringup/local_setup.sh
[0.053s] -- Up-to-date: /home/wei/fire_scout_ws/install/fire_scout_bringup/share/fire_scout_bringup/local_setup.zsh
[0.053s] -- Up-to-date: /home/wei/fire_scout_ws/install/fire_scout_bringup/share/fire_scout_bringup/local_setup.dsv
[0.053s] -- Installing: /home/wei/fire_scout_ws/install/fire_scout_bringup/share/fire_scout_bringup/package.dsv
[0.053s] -- Up-to-date: /home/wei/fire_scout_ws/install/fire_scout_bringup/share/ament_index/resource_index/packages/fire_scout_bringup
[0.053s] -- Up-to-date: /home/wei/fire_scout_ws/install/fire_scout_bringup/share/fire_scout_bringup/cmake/fire_scout_bringupConfig.cmake
[0.053s] -- Up-to-date: /home/wei/fire_scout_ws/install/fire_scout_bringup/share/fire_scout_bringup/cmake/fire_scout_bringupConfig-version.cmake
[0.053s] -- Up-to-date: /home/wei/fire_scout_ws/install/fire_scout_bringup/share/fire_scout_bringup/package.xml
[0.054s] Invoked command in '/home/wei/fire_scout_ws/build/fire_scout_bringup' returned '0': CMAKE_PREFIX_PATH=/home/wei/fire_scout_ws/install/fire_scout_sensors:/home/wei/fire_scout_ws/install/fire_scout_localization:/home/wei/fire_scout_ws/install/px4_msgs:/home/wei/fire_scout_ws/install/fire_scout_bringup:/home/wei/fire_scout_ws/install/fire_scout_mapping:/home/wei/fire_scout_ws/install/fire_scout_planning_safe:/home/wei/fire_scout_ws/install/fire_scout_control:/home/wei/fire_scout_ws/install/fire_scout_gazebo:/opt/ros/humble /usr/bin/cmake --install /home/wei/fire_scout_ws/build/fire_scout_bringup
