[0.013s] Invoking command in '/home/wei/fire_scout_ws/build/fire_scout_localization': CMAKE_PREFIX_PATH=/home/wei/fire_scout_ws/install/px4_msgs:/home/wei/fire_scout_ws/install/fire_scout_bringup:/home/wei/fire_scout_ws/install/fire_scout_sensors:/home/wei/fire_scout_ws/install/fire_scout_mapping:/home/wei/fire_scout_ws/install/fire_scout_planning_safe:/home/wei/fire_scout_ws/install/fire_scout_localization:/home/wei/fire_scout_ws/install/fire_scout_control:/home/wei/fire_scout_ws/install/fire_scout_gazebo:/opt/ros/humble /usr/bin/cmake --build /home/wei/fire_scout_ws/build/fire_scout_localization -- -j32 -l32
[0.069s] [100%] Built target px4_odom_adapter
[0.084s] Invoked command in '/home/wei/fire_scout_ws/build/fire_scout_localization' returned '0': CMAKE_PREFIX_PATH=/home/wei/fire_scout_ws/install/px4_msgs:/home/wei/fire_scout_ws/install/fire_scout_bringup:/home/wei/fire_scout_ws/install/fire_scout_sensors:/home/wei/fire_scout_ws/install/fire_scout_mapping:/home/wei/fire_scout_ws/install/fire_scout_planning_safe:/home/wei/fire_scout_ws/install/fire_scout_localization:/home/wei/fire_scout_ws/install/fire_scout_control:/home/wei/fire_scout_ws/install/fire_scout_gazebo:/opt/ros/humble /usr/bin/cmake --build /home/wei/fire_scout_ws/build/fire_scout_localization -- -j32 -l32
[0.085s] Invoking command in '/home/wei/fire_scout_ws/build/fire_scout_localization': CMAKE_PREFIX_PATH=/home/wei/fire_scout_ws/install/px4_msgs:/home/wei/fire_scout_ws/install/fire_scout_bringup:/home/wei/fire_scout_ws/install/fire_scout_sensors:/home/wei/fire_scout_ws/install/fire_scout_mapping:/home/wei/fire_scout_ws/install/fire_scout_planning_safe:/home/wei/fire_scout_ws/install/fire_scout_localization:/home/wei/fire_scout_ws/install/fire_scout_control:/home/wei/fire_scout_ws/install/fire_scout_gazebo:/opt/ros/humble /usr/bin/cmake --install /home/wei/fire_scout_ws/build/fire_scout_localization
[0.092s] -- Install configuration: ""
[0.093s] -- Up-to-date: /home/wei/fire_scout_ws/install/fire_scout_localization/lib/fire_scout_localization/px4_odom_adapter
[0.093s] -- Up-to-date: /home/wei/fire_scout_ws/install/fire_scout_localization/share/ament_index/resource_index/package_run_dependencies/fire_scout_localization
[0.093s] -- Up-to-date: /home/wei/fire_scout_ws/install/fire_scout_localization/share/ament_index/resource_index/parent_prefix_path/fire_scout_localization
[0.093s] -- Up-to-date: /home/wei/fire_scout_ws/install/fire_scout_localization/share/fire_scout_localization/environment/ament_prefix_path.sh
[0.093s] -- Up-to-date: /home/wei/fire_scout_ws/install/fire_scout_localization/share/fire_scout_localization/environment/ament_prefix_path.dsv
[0.094s] -- Up-to-date: /home/wei/fire_scout_ws/install/fire_scout_localization/share/fire_scout_localization/environment/path.sh
[0.094s] -- Up-to-date: /home/wei/fire_scout_ws/install/fire_scout_localization/share/fire_scout_localization/environment/path.dsv
[0.094s] -- Up-to-date: /home/wei/fire_scout_ws/install/fire_scout_localization/share/fire_scout_localization/local_setup.bash
[0.094s] -- Up-to-date: /home/wei/fire_scout_ws/install/fire_scout_localization/share/fire_scout_localization/local_setup.sh
[0.094s] -- Up-to-date: /home/wei/fire_scout_ws/install/fire_scout_localization/share/fire_scout_localization/local_setup.zsh
[0.095s] -- Up-to-date: /home/wei/fire_scout_ws/install/fire_scout_localization/share/fire_scout_localization/local_setup.dsv
[0.096s] -- Installing: /home/wei/fire_scout_ws/install/fire_scout_localization/share/fire_scout_localization/package.dsv
[0.096s] -- Up-to-date: /home/wei/fire_scout_ws/install/fire_scout_localization/share/ament_index/resource_index/packages/fire_scout_localization
[0.096s] -- Up-to-date: /home/wei/fire_scout_ws/install/fire_scout_localization/share/fire_scout_localization/cmake/fire_scout_localizationConfig.cmake
[0.097s] -- Up-to-date: /home/wei/fire_scout_ws/install/fire_scout_localization/share/fire_scout_localization/cmake/fire_scout_localizationConfig-version.cmake
[0.097s] -- Up-to-date: /home/wei/fire_scout_ws/install/fire_scout_localization/share/fire_scout_localization/package.xml
[0.111s] Invoked command in '/home/wei/fire_scout_ws/build/fire_scout_localization' returned '0': CMAKE_PREFIX_PATH=/home/wei/fire_scout_ws/install/px4_msgs:/home/wei/fire_scout_ws/install/fire_scout_bringup:/home/wei/fire_scout_ws/install/fire_scout_sensors:/home/wei/fire_scout_ws/install/fire_scout_mapping:/home/wei/fire_scout_ws/install/fire_scout_planning_safe:/home/wei/fire_scout_ws/install/fire_scout_localization:/home/wei/fire_scout_ws/install/fire_scout_control:/home/wei/fire_scout_ws/install/fire_scout_gazebo:/opt/ros/humble /usr/bin/cmake --install /home/wei/fire_scout_ws/build/fire_scout_localization
