[0.010s] Invoking command in '/home/wei/fire_scout_ws/build/fire_scout_planning_safe': AMENT_PREFIX_PATH=/home/wei/fire_scout_ws/install/px4_msgs:${AMENT_PREFIX_PATH} CMAKE_PREFIX_PATH=/home/wei/fire_scout_ws/install/px4_msgs:/opt/ros/humble LD_LIBRARY_PATH=/home/wei/fire_scout_ws/install/px4_msgs/lib:${LD_LIBRARY_PATH} PYTHONPATH=/home/wei/fire_scout_ws/install/px4_msgs/local/lib/python3.10/dist-packages:${PYTHONPATH} /usr/bin/cmake /home/wei/fire_scout_ws/src/fire_scout_planning_safe -DCMAKE_BUILD_TYPE=Release -DAMENT_CMAKE_SYMLINK_INSTALL=1 -DCMAKE_INSTALL_PREFIX=/home/wei/fire_scout_ws/install/fire_scout_planning_safe
[0.139s] -- The C compiler identification is GNU 11.4.0
[0.229s] -- The CXX compiler identification is GNU 11.4.0
[0.236s] -- Detecting C compiler ABI info
[0.319s] -- Detecting C compiler ABI info - done
[0.327s] -- Check for working C compiler: /usr/bin/cc - skipped
[0.328s] -- Detecting C compile features
[0.329s] -- Detecting C compile features - done
[0.332s] -- Detecting CXX compiler ABI info
[0.418s] -- Detecting CXX compiler ABI info - done
[0.424s] -- Check for working CXX compiler: /usr/bin/c++ - skipped
[0.424s] -- Detecting CXX compile features
[0.425s] -- Detecting CXX compile features - done
[0.425s] -- Fire Scout 2.0.5: building mapping, fusion, planning and follower ROS nodes
[0.427s] -- Looking for pthread.h
[0.507s] -- Looking for pthread.h - found
[0.507s] -- Performing Test CMAKE_HAVE_LIBC_PTHREAD
[0.599s] -- Performing Test CMAKE_HAVE_LIBC_PTHREAD - Success
[0.608s] -- Found Threads: TRUE  
[0.619s] -- Found ament_cmake: 1.3.14 (/opt/ros/humble/share/ament_cmake/cmake)
[0.765s] -- Found Python3: /usr/bin/python3 (found version "3.10.12") found components: Interpreter 
[0.818s] -- Override CMake install command with custom implementation using symlinks instead of copying resources
[0.843s] -- Found rclcpp: 16.0.19 (/opt/ros/humble/share/rclcpp/cmake)
[0.885s] -- Found rosidl_generator_c: 3.1.8 (/opt/ros/humble/share/rosidl_generator_c/cmake)
[0.889s] -- Found rosidl_adapter: 3.1.8 (/opt/ros/humble/share/rosidl_adapter/cmake)
[0.896s] -- Found rosidl_generator_cpp: 3.1.8 (/opt/ros/humble/share/rosidl_generator_cpp/cmake)
[0.906s] -- Using all available rosidl_typesupport_c: rosidl_typesupport_fastrtps_c;rosidl_typesupport_introspection_c
[0.918s] -- Using all available rosidl_typesupport_cpp: rosidl_typesupport_fastrtps_cpp;rosidl_typesupport_introspection_cpp
[0.965s] -- Found rmw_implementation_cmake: 6.1.2 (/opt/ros/humble/share/rmw_implementation_cmake/cmake)
[0.967s] -- Found rmw_cyclonedds_cpp: 1.3.4 (/opt/ros/humble/share/rmw_cyclonedds_cpp/cmake)
[0.985s] -- Using RMW implementation 'rmw_cyclonedds_cpp' as default
[1.030s] -- Found sensor_msgs: 4.9.1 (/opt/ros/humble/share/sensor_msgs/cmake)
[1.054s] -- Found nav_msgs: 4.9.1 (/opt/ros/humble/share/nav_msgs/cmake)
[1.067s] -- Found std_srvs: 4.9.1 (/opt/ros/humble/share/std_srvs/cmake)
[1.075s] -- Found tf2: 0.25.22 (/opt/ros/humble/share/tf2/cmake)
[1.083s] -- Found tf2_ros: 0.25.22 (/opt/ros/humble/share/tf2_ros/cmake)
[1.163s] -- Found px4_msgs: 2.0.1 (/home/wei/fire_scout_ws/install/px4_msgs/share/px4_msgs/cmake)
[1.307s] -- Configuring done
[1.342s] -- Generating done
[1.353s] -- Build files have been written to: /home/wei/fire_scout_ws/build/fire_scout_planning_safe
[1.360s] Invoked command in '/home/wei/fire_scout_ws/build/fire_scout_planning_safe' returned '0': AMENT_PREFIX_PATH=/home/wei/fire_scout_ws/install/px4_msgs:${AMENT_PREFIX_PATH} CMAKE_PREFIX_PATH=/home/wei/fire_scout_ws/install/px4_msgs:/opt/ros/humble LD_LIBRARY_PATH=/home/wei/fire_scout_ws/install/px4_msgs/lib:${LD_LIBRARY_PATH} PYTHONPATH=/home/wei/fire_scout_ws/install/px4_msgs/local/lib/python3.10/dist-packages:${PYTHONPATH} /usr/bin/cmake /home/wei/fire_scout_ws/src/fire_scout_planning_safe -DCMAKE_BUILD_TYPE=Release -DAMENT_CMAKE_SYMLINK_INSTALL=1 -DCMAKE_INSTALL_PREFIX=/home/wei/fire_scout_ws/install/fire_scout_planning_safe
[1.362s] Invoking command in '/home/wei/fire_scout_ws/build/fire_scout_planning_safe': AMENT_PREFIX_PATH=/home/wei/fire_scout_ws/install/px4_msgs:${AMENT_PREFIX_PATH} CMAKE_PREFIX_PATH=/home/wei/fire_scout_ws/install/px4_msgs:/opt/ros/humble LD_LIBRARY_PATH=/home/wei/fire_scout_ws/install/px4_msgs/lib:${LD_LIBRARY_PATH} PYTHONPATH=/home/wei/fire_scout_ws/install/px4_msgs/local/lib/python3.10/dist-packages:${PYTHONPATH} /usr/bin/cmake --build /home/wei/fire_scout_ws/build/fire_scout_planning_safe -- -j32 -l32
[1.416s] [  2%] [32mBuilding CXX object CMakeFiles/incremental_repair_v19_test.dir/tests/incremental_repair_v19_test.cpp.o[0m
[1.417s] [  4%] [32mBuilding CXX object CMakeFiles/v2_local_retime_test.dir/tests/v2_local_retime_test.cpp.o[0m
[1.418s] [  7%] [32mBuilding CXX object CMakeFiles/safe_airfar_like_planner.dir/src/safe_airfar_like_planner.cpp.o[0m
[1.418s] [  9%] [32mBuilding CXX object CMakeFiles/passage_coordinator.dir/src/passage_coordinator.cpp.o[0m
[1.419s] [ 11%] [32mBuilding CXX object CMakeFiles/multi_uav_map_fusion.dir/src/multi_uav_map_fusion.cpp.o[0m
[1.419s] [ 16%] [32mBuilding CXX object CMakeFiles/route_switch_test.dir/tests/route_switch_test.cpp.o[0m
[1.419s] [ 16%] [32mBuilding CXX object CMakeFiles/coordination_components_test.dir/tests/coordination_components_test.cpp.o[0m
[1.420s] [ 19%] [32mBuilding CXX object CMakeFiles/racer_task_allocator.dir/src/racer_task_allocator.cpp.o[0m
[1.420s] [ 21%] [32mBuilding CXX object CMakeFiles/radar_free_space_mapper.dir/src/radar_free_space_mapper.cpp.o[0m
[1.421s] [ 23%] [32mBuilding CXX object CMakeFiles/v2_coordination_test.dir/tests/v2_coordination_test.cpp.o[0m
[1.423s] [ 26%] [32mBuilding CXX object CMakeFiles/ultrasonic_memory_test.dir/tests/ultrasonic_memory_test.cpp.o[0m
[1.423s] [ 28%] [32mBuilding CXX object CMakeFiles/v2_header_integration_test.dir/tests/v2_header_integration_test.cpp.o[0m
[1.424s] [ 35%] [32mBuilding CXX object CMakeFiles/safe_airfar_path_follower.dir/src/safe_airfar_path_follower.cpp.o[0m
[1.424s] [ 35%] [32mBuilding CXX object CMakeFiles/follower_alignment_test.dir/tests/follower_alignment_test.cpp.o[0m
[1.424s] [ 35%] [32mBuilding CXX object CMakeFiles/v2_trajectory_test.dir/tests/v2_trajectory_test.cpp.o[0m
[1.424s] [ 38%] [32mBuilding CXX object CMakeFiles/v2_horizon_topology_test.dir/tests/v2_horizon_topology_test.cpp.o[0m
[1.424s] [ 40%] [32mBuilding CXX object CMakeFiles/v2_passage_handshake_test.dir/tests/v2_passage_handshake_test.cpp.o[0m
[1.425s] [ 42%] [32mBuilding CXX object CMakeFiles/v2_tracking_guard_test.dir/tests/v2_tracking_guard_test.cpp.o[0m
[1.426s] [ 45%] [32mBuilding CXX object CMakeFiles/v2_topology_routes_test.dir/tests/v2_topology_routes_test.cpp.o[0m
[1.427s] [ 47%] [32mBuilding CXX object CMakeFiles/v2_execution_transition_test.dir/tests/v2_execution_transition_test.cpp.o[0m
[1.428s] [ 50%] [32mBuilding CXX object CMakeFiles/v2_header_reverse_order_test.dir/tests/v2_header_reverse_order_test.cpp.o[0m
[2.614s] [ 52%] [32m[1mLinking CXX executable ultrasonic_memory_test[0m
[2.671s] [ 54%] [32m[1mLinking CXX executable v2_header_integration_test[0m
[2.694s] [ 54%] Built target ultrasonic_memory_test
[2.746s] [ 54%] Built target v2_header_integration_test
[2.915s] [ 57%] [32m[1mLinking CXX executable follower_alignment_test[0m
[2.951s] [ 59%] [32m[1mLinking CXX executable route_switch_test[0m
[2.994s] [ 59%] Built target follower_alignment_test
[3.036s] [ 59%] Built target route_switch_test
[3.293s] [ 61%] [32m[1mLinking CXX executable v2_header_reverse_order_test[0m
[3.359s] [ 64%] [32m[1mLinking CXX executable v2_local_retime_test[0m
[3.374s] [ 66%] [32m[1mLinking CXX executable v2_passage_handshake_test[0m
[3.394s] [ 66%] Built target v2_header_reverse_order_test
[3.435s] [ 66%] Built target v2_local_retime_test
[3.471s] [ 66%] Built target v2_passage_handshake_test
[3.824s] [ 69%] [32m[1mLinking CXX executable coordination_components_test[0m
[3.922s] [ 69%] Built target coordination_components_test
[3.973s] [ 71%] [32m[1mLinking CXX executable v2_tracking_guard_test[0m
[4.050s] [ 71%] Built target v2_tracking_guard_test
[4.694s] [ 73%] [32m[1mLinking CXX executable v2_trajectory_test[0m
[4.708s] [ 76%] [32m[1mLinking CXX executable v2_execution_transition_test[0m
[4.785s] [ 76%] Built target v2_execution_transition_test
[4.787s] [ 76%] Built target v2_trajectory_test
[6.505s] [ 78%] [32m[1mLinking CXX executable incremental_repair_v19_test[0m
[6.546s] [ 80%] [32m[1mLinking CXX executable v2_topology_routes_test[0m
[6.597s] [ 80%] Built target incremental_repair_v19_test
[6.642s] [ 80%] Built target v2_topology_routes_test
[7.114s] [ 83%] [32m[1mLinking CXX executable v2_horizon_topology_test[0m
[7.187s] [ 83%] Built target v2_horizon_topology_test
[7.451s] [ 85%] [32m[1mLinking CXX executable v2_coordination_test[0m
[7.522s] [ 85%] Built target v2_coordination_test
[11.714s] [ 88%] [32m[1mLinking CXX executable passage_coordinator[0m
[11.896s] [ 88%] Built target passage_coordinator
[15.038s] [ 90%] [32m[1mLinking CXX executable multi_uav_map_fusion[0m
[15.195s] [ 90%] Built target multi_uav_map_fusion
[17.218s] [ 92%] [32m[1mLinking CXX executable radar_free_space_mapper[0m
[17.392s] [ 92%] Built target radar_free_space_mapper
[19.853s] [ 95%] [32m[1mLinking CXX executable racer_task_allocator[0m
[20.050s] [ 95%] Built target racer_task_allocator
[26.310s] [ 97%] [32m[1mLinking CXX executable safe_airfar_like_planner[0m
[26.529s] [ 97%] Built target safe_airfar_like_planner
[41.753s] [100%] [32m[1mLinking CXX executable safe_airfar_path_follower[0m
[42.059s] [100%] Built target safe_airfar_path_follower
[42.071s] Invoked command in '/home/wei/fire_scout_ws/build/fire_scout_planning_safe' returned '0': AMENT_PREFIX_PATH=/home/wei/fire_scout_ws/install/px4_msgs:${AMENT_PREFIX_PATH} CMAKE_PREFIX_PATH=/home/wei/fire_scout_ws/install/px4_msgs:/opt/ros/humble LD_LIBRARY_PATH=/home/wei/fire_scout_ws/install/px4_msgs/lib:${LD_LIBRARY_PATH} PYTHONPATH=/home/wei/fire_scout_ws/install/px4_msgs/local/lib/python3.10/dist-packages:${PYTHONPATH} /usr/bin/cmake --build /home/wei/fire_scout_ws/build/fire_scout_planning_safe -- -j32 -l32
[42.083s] Invoking command in '/home/wei/fire_scout_ws/build/fire_scout_planning_safe': AMENT_PREFIX_PATH=/home/wei/fire_scout_ws/install/px4_msgs:${AMENT_PREFIX_PATH} CMAKE_PREFIX_PATH=/home/wei/fire_scout_ws/install/px4_msgs:/opt/ros/humble LD_LIBRARY_PATH=/home/wei/fire_scout_ws/install/px4_msgs/lib:${LD_LIBRARY_PATH} PYTHONPATH=/home/wei/fire_scout_ws/install/px4_msgs/local/lib/python3.10/dist-packages:${PYTHONPATH} /usr/bin/cmake --install /home/wei/fire_scout_ws/build/fire_scout_planning_safe
[42.090s] -- Install configuration: "Release"
[42.091s] -- Execute custom install script
[42.091s] -- Symlinking: /home/wei/fire_scout_ws/install/fire_scout_planning_safe/lib/fire_scout_planning_safe/radar_free_space_mapper
[42.102s] -- Symlinking: /home/wei/fire_scout_ws/install/fire_scout_planning_safe/lib/fire_scout_planning_safe/multi_uav_map_fusion
[42.110s] -- Symlinking: /home/wei/fire_scout_ws/install/fire_scout_planning_safe/lib/fire_scout_planning_safe/racer_task_allocator
[42.120s] -- Symlinking: /home/wei/fire_scout_ws/install/fire_scout_planning_safe/lib/fire_scout_planning_safe/safe_airfar_like_planner
[42.129s] -- Symlinking: /home/wei/fire_scout_ws/install/fire_scout_planning_safe/lib/fire_scout_planning_safe/safe_airfar_path_follower
[42.137s] -- Symlinking: /home/wei/fire_scout_ws/install/fire_scout_planning_safe/lib/fire_scout_planning_safe/passage_coordinator
[42.145s] -- Symlinking: /home/wei/fire_scout_ws/install/fire_scout_planning_safe/lib/fire_scout_planning_safe/fire_scout_light_logger.py
[42.152s] -- Symlinking: /home/wei/fire_scout_ws/install/fire_scout_planning_safe/lib/fire_scout_planning_safe/collect_fire_scout_logs.sh
[42.160s] -- Symlinking: /home/wei/fire_scout_ws/install/fire_scout_planning_safe/lib/fire_scout_planning_safe/install_fire_scout_planning_safe.sh
[42.170s] -- Symlinking: /home/wei/fire_scout_ws/install/fire_scout_planning_safe/share/fire_scout_planning_safe/launch/multi_map_fusion.launch.py
[42.179s] -- Symlinking: /home/wei/fire_scout_ws/install/fire_scout_planning_safe/share/fire_scout_planning_safe/launch/multi_racer_navigation.launch.py
[42.190s] -- Symlinking: /home/wei/fire_scout_ws/install/fire_scout_planning_safe/share/fire_scout_planning_safe/launch/multi_safe_airfar_navigation.launch.py
[42.199s] -- Symlinking: /home/wei/fire_scout_ws/install/fire_scout_planning_safe/share/fire_scout_planning_safe/launch/multi_safe_airfar_planner_only.launch.py
[42.204s] -- Symlinking: /home/wei/fire_scout_ws/install/fire_scout_planning_safe/share/fire_scout_planning_safe/launch/safe_airfar_navigation.launch.py
[42.212s] -- Symlinking: /home/wei/fire_scout_ws/install/fire_scout_planning_safe/share/fire_scout_planning_safe/launch/safe_airfar_planner_only.launch.py
[42.218s] -- Symlinking: /home/wei/fire_scout_ws/install/fire_scout_planning_safe/share/fire_scout_planning_safe/config/safe_airfar.yaml
[42.223s] -- Symlinking: /home/wei/fire_scout_ws/install/fire_scout_planning_safe/share/fire_scout_planning_safe/docs/LOG_COLLECTION_ZH.md
[42.233s] -- Symlinking: /home/wei/fire_scout_ws/install/fire_scout_planning_safe/share/fire_scout_planning_safe/docs/RACER_TASK_ALLOCATION_ZH.md
[42.238s] -- Symlinking: /home/wei/fire_scout_ws/install/fire_scout_planning_safe/share/fire_scout_planning_safe/docs/V19_1_SONAR_MEMORY_FIX_ZH.md
[42.244s] -- Symlinking: /home/wei/fire_scout_ws/install/fire_scout_planning_safe/share/fire_scout_planning_safe/docs/V19_INCREMENTAL_ROUTE_REPAIR_ZH.md
[42.250s] -- Symlinking: /home/wei/fire_scout_ws/install/fire_scout_planning_safe/share/fire_scout_planning_safe/docs/V20_PEER_SAFETY_AND_ROUTE_CONTINUITY_ZH.md
[42.255s] -- Symlinking: /home/wei/fire_scout_ws/install/fire_scout_planning_safe/share/fire_scout_planning_safe/docs/V21_PEER_DEADLOCK_AND_SCALED_WORLD_ZH.md
[42.263s] -- Symlinking: /home/wei/fire_scout_ws/install/fire_scout_planning_safe/share/fire_scout_planning_safe/docs/V22_STARTUP_SPREAD_ZH.md
[42.269s] -- Symlinking: /home/wei/fire_scout_ws/install/fire_scout_planning_safe/share/fire_scout_planning_safe/docs/V2_0_1_GUIDE_ZH.md
[42.276s] -- Symlinking: /home/wei/fire_scout_ws/install/fire_scout_planning_safe/share/fire_scout_planning_safe/docs/V2_0_1_VALIDATION.txt
[42.284s] -- Symlinking: /home/wei/fire_scout_ws/install/fire_scout_planning_safe/share/fire_scout_planning_safe/docs/V2_0_2_GUIDE_ZH.md
[42.294s] -- Symlinking: /home/wei/fire_scout_ws/install/fire_scout_planning_safe/share/fire_scout_planning_safe/docs/V2_0_2_VALIDATION.txt
[42.301s] -- Symlinking: /home/wei/fire_scout_ws/install/fire_scout_planning_safe/share/fire_scout_planning_safe/docs/V2_0_3_GUIDE_ZH.md
[42.308s] -- Symlinking: /home/wei/fire_scout_ws/install/fire_scout_planning_safe/share/fire_scout_planning_safe/docs/V2_0_4_BUILD_FIX_ZH.md
[42.317s] -- Symlinking: /home/wei/fire_scout_ws/install/fire_scout_planning_safe/share/fire_scout_planning_safe/docs/V2_0_5_PASSAGE_FIX_ZH.md
[42.326s] -- Symlinking: /home/wei/fire_scout_ws/install/fire_scout_planning_safe/share/fire_scout_planning_safe/docs/V2_0_GUIDE_ZH.md
[42.332s] -- Symlinking: /home/wei/fire_scout_ws/install/fire_scout_planning_safe/share/fire_scout_planning_safe/docs/V2_0_VALIDATION.txt
[42.339s] -- Symlinking: /home/wei/fire_scout_ws/install/fire_scout_planning_safe/share/fire_scout_planning_safe/docs/VALIDATION.txt
[42.347s] -- Symlinking: /home/wei/fire_scout_ws/install/fire_scout_planning_safe/share/fire_scout_planning_safe/README.md
[42.356s] -- Symlinking: /home/wei/fire_scout_ws/install/fire_scout_planning_safe/include/fire_scout/autonomous_recovery.hpp
[42.363s] -- Symlinking: /home/wei/fire_scout_ws/install/fire_scout_planning_safe/include/fire_scout/bspline.hpp
[42.371s] -- Symlinking: /home/wei/fire_scout_ws/install/fire_scout_planning_safe/include/fire_scout/confidence_fusion.hpp
[42.380s] -- Symlinking: /home/wei/fire_scout_ws/install/fire_scout_planning_safe/include/fire_scout/directional_motion.hpp
[42.390s] -- Symlinking: /home/wei/fire_scout_ws/install/fire_scout_planning_safe/include/fire_scout/envelope_escape.hpp
[42.398s] -- Symlinking: /home/wei/fire_scout_ws/install/fire_scout_planning_safe/include/fire_scout/gap_policy.hpp
[42.406s] -- Symlinking: /home/wei/fire_scout_ws/install/fire_scout_planning_safe/include/fire_scout/geometry.hpp
[42.411s] -- Symlinking: /home/wei/fire_scout_ws/install/fire_scout_planning_safe/include/fire_scout/glass_risk.hpp
[42.420s] -- Symlinking: /home/wei/fire_scout_ws/install/fire_scout_planning_safe/include/fire_scout/goal_approach.hpp
[42.431s] -- Symlinking: /home/wei/fire_scout_ws/install/fire_scout_planning_safe/include/fire_scout/grid.hpp
[42.441s] -- Symlinking: /home/wei/fire_scout_ws/install/fire_scout_planning_safe/include/fire_scout/hold_safety.hpp
[42.450s] -- Symlinking: /home/wei/fire_scout_ws/install/fire_scout_planning_safe/include/fire_scout/input_freshness.hpp
[42.460s] -- Symlinking: /home/wei/fire_scout_ws/install/fire_scout_planning_safe/include/fire_scout/local_recovery.hpp
[42.468s] -- Symlinking: /home/wei/fire_scout_ws/install/fire_scout_planning_safe/include/fire_scout/map_pair_buffer.hpp
[42.477s] -- Symlinking: /home/wei/fire_scout_ws/install/fire_scout_planning_safe/include/fire_scout/navigation_contract.hpp
[42.487s] -- Symlinking: /home/wei/fire_scout_ws/install/fire_scout_planning_safe/include/fire_scout/observation_gate.hpp
[42.494s] -- Symlinking: /home/wei/fire_scout_ws/install/fire_scout_planning_safe/include/fire_scout/passage_scheduler.hpp
[42.504s] -- Symlinking: /home/wei/fire_scout_ws/install/fire_scout_planning_safe/include/fire_scout/peer_safety.hpp
[42.513s] -- Symlinking: /home/wei/fire_scout_ws/install/fire_scout_planning_safe/include/fire_scout/peer_uav_filter.hpp
[42.523s] -- Symlinking: /home/wei/fire_scout_ws/install/fire_scout_planning_safe/include/fire_scout/planner.hpp
[42.532s] -- Symlinking: /home/wei/fire_scout_ws/install/fire_scout_planning_safe/include/fire_scout/pose_history.hpp
[42.538s] -- Symlinking: /home/wei/fire_scout_ws/install/fire_scout_planning_safe/include/fire_scout/px4_command_clock.hpp
[42.543s] -- Symlinking: /home/wei/fire_scout_ws/install/fire_scout_planning_safe/include/fire_scout/px4_topics.hpp
[42.553s] -- Symlinking: /home/wei/fire_scout_ws/install/fire_scout_planning_safe/include/fire_scout/racer_task_allocator.hpp
[42.560s] -- Symlinking: /home/wei/fire_scout_ws/install/fire_scout_planning_safe/include/fire_scout/retreat_route.hpp
[42.569s] -- Symlinking: /home/wei/fire_scout_ws/install/fire_scout_planning_safe/include/fire_scout/ros_utils.hpp
[42.579s] -- Symlinking: /home/wei/fire_scout_ws/install/fire_scout_planning_safe/include/fire_scout/route_candidates.hpp
[42.588s] -- Symlinking: /home/wei/fire_scout_ws/install/fire_scout_planning_safe/include/fire_scout/route_execution.hpp
[42.594s] -- Symlinking: /home/wei/fire_scout_ws/install/fire_scout_planning_safe/include/fire_scout/route_memory.hpp
[42.603s] -- Symlinking: /home/wei/fire_scout_ws/install/fire_scout_planning_safe/include/fire_scout/route_repair.hpp
[42.612s] -- Symlinking: /home/wei/fire_scout_ws/install/fire_scout_planning_safe/include/fire_scout/route_switch.hpp
[42.623s] -- Symlinking: /home/wei/fire_scout_ws/install/fire_scout_planning_safe/include/fire_scout/route_topology.hpp
[42.633s] -- Symlinking: /home/wei/fire_scout_ws/install/fire_scout_planning_safe/include/fire_scout/snapshot_stamp.hpp
[42.642s] -- Symlinking: /home/wei/fire_scout_ws/install/fire_scout_planning_safe/include/fire_scout/timed_trajectory.hpp
[42.653s] -- Symlinking: /home/wei/fire_scout_ws/install/fire_scout_planning_safe/include/fire_scout/tracker.hpp
[42.661s] -- Symlinking: /home/wei/fire_scout_ws/install/fire_scout_planning_safe/include/fire_scout/ultrasonic.hpp
[42.668s] -- Symlinking: /home/wei/fire_scout_ws/install/fire_scout_planning_safe/include/fire_scout/vehicle.hpp
[42.677s] -- Symlinking: /home/wei/fire_scout_ws/install/fire_scout_planning_safe/include/fire_scout/visibility_memory.hpp
[42.689s] -- Symlinking: /home/wei/fire_scout_ws/install/fire_scout_planning_safe/share/ament_index/resource_index/package_run_dependencies/fire_scout_planning_safe
[42.699s] -- Symlinking: /home/wei/fire_scout_ws/install/fire_scout_planning_safe/share/ament_index/resource_index/parent_prefix_path/fire_scout_planning_safe
[42.707s] -- Symlinking: /home/wei/fire_scout_ws/install/fire_scout_planning_safe/share/fire_scout_planning_safe/environment/ament_prefix_path.sh
[42.717s] -- Symlinking: /home/wei/fire_scout_ws/install/fire_scout_planning_safe/share/fire_scout_planning_safe/environment/ament_prefix_path.dsv
[42.724s] -- Symlinking: /home/wei/fire_scout_ws/install/fire_scout_planning_safe/share/fire_scout_planning_safe/environment/path.sh
[42.732s] -- Symlinking: /home/wei/fire_scout_ws/install/fire_scout_planning_safe/share/fire_scout_planning_safe/environment/path.dsv
[42.741s] -- Symlinking: /home/wei/fire_scout_ws/install/fire_scout_planning_safe/share/fire_scout_planning_safe/local_setup.bash
[42.748s] -- Symlinking: /home/wei/fire_scout_ws/install/fire_scout_planning_safe/share/fire_scout_planning_safe/local_setup.sh
[42.754s] -- Symlinking: /home/wei/fire_scout_ws/install/fire_scout_planning_safe/share/fire_scout_planning_safe/local_setup.zsh
[42.759s] -- Symlinking: /home/wei/fire_scout_ws/install/fire_scout_planning_safe/share/fire_scout_planning_safe/local_setup.dsv
[42.765s] -- Symlinking: /home/wei/fire_scout_ws/install/fire_scout_planning_safe/share/fire_scout_planning_safe/package.dsv
[42.773s] -- Symlinking: /home/wei/fire_scout_ws/install/fire_scout_planning_safe/share/ament_index/resource_index/packages/fire_scout_planning_safe
[42.780s] -- Symlinking: /home/wei/fire_scout_ws/install/fire_scout_planning_safe/share/fire_scout_planning_safe/cmake/fire_scout_planning_safeConfig.cmake
[42.786s] -- Symlinking: /home/wei/fire_scout_ws/install/fire_scout_planning_safe/share/fire_scout_planning_safe/cmake/fire_scout_planning_safeConfig-version.cmake
[42.791s] -- Symlinking: /home/wei/fire_scout_ws/install/fire_scout_planning_safe/share/fire_scout_planning_safe/package.xml
[42.798s] Invoked command in '/home/wei/fire_scout_ws/build/fire_scout_planning_safe' returned '0': AMENT_PREFIX_PATH=/home/wei/fire_scout_ws/install/px4_msgs:${AMENT_PREFIX_PATH} CMAKE_PREFIX_PATH=/home/wei/fire_scout_ws/install/px4_msgs:/opt/ros/humble LD_LIBRARY_PATH=/home/wei/fire_scout_ws/install/px4_msgs/lib:${LD_LIBRARY_PATH} PYTHONPATH=/home/wei/fire_scout_ws/install/px4_msgs/local/lib/python3.10/dist-packages:${PYTHONPATH} /usr/bin/cmake --install /home/wei/fire_scout_ws/build/fire_scout_planning_safe
