[0.147s] DEBUG:colcon:Command line arguments: ['/usr/bin/colcon', 'build', '--packages-select', 'fire_scout_planning_safe', '--allow-overriding', 'fire_scout_planning_safe', '--symlink-install', '--cmake-args', '-DCMAKE_BUILD_TYPE=Release']
[0.147s] DEBUG:colcon:Parsed command line arguments: Namespace(log_base=None, log_level=None, verb_name='build', build_base='build', install_base='install', merge_install=False, symlink_install=True, test_result_base=None, continue_on_error=False, executor='parallel', parallel_workers=32, event_handlers=None, ignore_user_meta=False, metas=['./colcon.meta'], base_paths=['.'], packages_ignore=None, packages_ignore_regex=None, paths=None, packages_up_to=None, packages_up_to_regex=None, packages_above=None, packages_above_and_dependencies=None, packages_above_depth=None, packages_select_by_dep=None, packages_skip_by_dep=None, packages_skip_up_to=None, packages_select_build_failed=False, packages_skip_build_finished=False, packages_select_test_failures=False, packages_skip_test_passed=False, packages_select=['fire_scout_planning_safe'], packages_skip=None, packages_select_regex=None, packages_skip_regex=None, packages_start=None, packages_end=None, allow_overriding=['fire_scout_planning_safe'], cmake_args=['-DCMAKE_BUILD_TYPE=Release'], cmake_target=None, cmake_target_skip_unavailable=False, cmake_clean_cache=False, cmake_clean_first=False, cmake_force_configure=False, ament_cmake_args=None, catkin_cmake_args=None, catkin_skip_building_tests=False, mixin_files=None, mixin=None, verb_parser=<colcon_mixin.mixin.mixin_argument.MixinArgumentDecorator object at 0x7f071b862800>, verb_extension=<colcon_core.verb.build.BuildVerb object at 0x7f071b862290>, main=<bound method BuildVerb.main of <colcon_core.verb.build.BuildVerb object at 0x7f071b862290>>, mixin_verb=('build',))
[0.287s] Level 1:colcon.colcon_core.package_discovery:discover_packages(colcon_meta) check parameters
[0.287s] Level 1:colcon.colcon_core.package_discovery:discover_packages(recursive) check parameters
[0.287s] Level 1:colcon.colcon_core.package_discovery:discover_packages(ignore) check parameters
[0.287s] Level 1:colcon.colcon_core.package_discovery:discover_packages(path) check parameters
[0.287s] Level 1:colcon.colcon_core.package_discovery:discover_packages(colcon_meta) discover
[0.287s] Level 1:colcon.colcon_core.package_discovery:discover_packages(recursive) discover
[0.287s] INFO:colcon.colcon_core.package_discovery:Crawling recursively for packages in '/home/wei/fire_scout_ws'
[0.287s] Level 1:colcon.colcon_core.package_identification:_identify(.) by extensions ['ignore', 'ignore_ament_install']
[0.287s] Level 1:colcon.colcon_core.package_identification:_identify(.) by extension 'ignore'
[0.287s] Level 1:colcon.colcon_core.package_identification:_identify(.) by extension 'ignore_ament_install'
[0.287s] Level 1:colcon.colcon_core.package_identification:_identify(.) by extensions ['colcon_pkg']
[0.287s] Level 1:colcon.colcon_core.package_identification:_identify(.) by extension 'colcon_pkg'
[0.287s] Level 1:colcon.colcon_core.package_identification:_identify(.) by extensions ['colcon_meta']
[0.287s] Level 1:colcon.colcon_core.package_identification:_identify(.) by extension 'colcon_meta'
[0.287s] Level 1:colcon.colcon_core.package_identification:_identify(.) by extensions ['ros']
[0.287s] Level 1:colcon.colcon_core.package_identification:_identify(.) by extension 'ros'
[0.295s] Level 1:colcon.colcon_core.package_identification:_identify(.) by extensions ['cmake', 'python']
[0.295s] Level 1:colcon.colcon_core.package_identification:_identify(.) by extension 'cmake'
[0.295s] Level 1:colcon.colcon_core.package_identification:_identify(.) by extension 'python'
[0.295s] Level 1:colcon.colcon_core.package_identification:_identify(.) by extensions ['python_setup_py']
[0.295s] Level 1:colcon.colcon_core.package_identification:_identify(.) by extension 'python_setup_py'
[0.295s] Level 1:colcon.colcon_core.package_identification:_identify(build) by extensions ['ignore', 'ignore_ament_install']
[0.296s] Level 1:colcon.colcon_core.package_identification:_identify(build) by extension 'ignore'
[0.296s] Level 1:colcon.colcon_core.package_identification:_identify(build) ignored
[0.296s] Level 1:colcon.colcon_core.package_identification:_identify(install) by extensions ['ignore', 'ignore_ament_install']
[0.296s] Level 1:colcon.colcon_core.package_identification:_identify(install) by extension 'ignore'
[0.296s] Level 1:colcon.colcon_core.package_identification:_identify(install) ignored
[0.296s] Level 1:colcon.colcon_core.package_identification:_identify(log) by extensions ['ignore', 'ignore_ament_install']
[0.296s] Level 1:colcon.colcon_core.package_identification:_identify(log) by extension 'ignore'
[0.296s] Level 1:colcon.colcon_core.package_identification:_identify(log) ignored
[0.296s] Level 1:colcon.colcon_core.package_identification:_identify(src) by extensions ['ignore', 'ignore_ament_install']
[0.296s] Level 1:colcon.colcon_core.package_identification:_identify(src) by extension 'ignore'
[0.296s] Level 1:colcon.colcon_core.package_identification:_identify(src) by extension 'ignore_ament_install'
[0.296s] Level 1:colcon.colcon_core.package_identification:_identify(src) by extensions ['colcon_pkg']
[0.296s] Level 1:colcon.colcon_core.package_identification:_identify(src) by extension 'colcon_pkg'
[0.296s] Level 1:colcon.colcon_core.package_identification:_identify(src) by extensions ['colcon_meta']
[0.296s] Level 1:colcon.colcon_core.package_identification:_identify(src) by extension 'colcon_meta'
[0.296s] Level 1:colcon.colcon_core.package_identification:_identify(src) by extensions ['ros']
[0.296s] Level 1:colcon.colcon_core.package_identification:_identify(src) by extension 'ros'
[0.296s] Level 1:colcon.colcon_core.package_identification:_identify(src) by extensions ['cmake', 'python']
[0.296s] Level 1:colcon.colcon_core.package_identification:_identify(src) by extension 'cmake'
[0.296s] Level 1:colcon.colcon_core.package_identification:_identify(src) by extension 'python'
[0.296s] Level 1:colcon.colcon_core.package_identification:_identify(src) by extensions ['python_setup_py']
[0.296s] Level 1:colcon.colcon_core.package_identification:_identify(src) by extension 'python_setup_py'
[0.296s] Level 1:colcon.colcon_core.package_identification:_identify(src/fire_scout_bringup) by extensions ['ignore', 'ignore_ament_install']
[0.296s] Level 1:colcon.colcon_core.package_identification:_identify(src/fire_scout_bringup) by extension 'ignore'
[0.296s] Level 1:colcon.colcon_core.package_identification:_identify(src/fire_scout_bringup) by extension 'ignore_ament_install'
[0.296s] Level 1:colcon.colcon_core.package_identification:_identify(src/fire_scout_bringup) by extensions ['colcon_pkg']
[0.296s] Level 1:colcon.colcon_core.package_identification:_identify(src/fire_scout_bringup) by extension 'colcon_pkg'
[0.296s] Level 1:colcon.colcon_core.package_identification:_identify(src/fire_scout_bringup) by extensions ['colcon_meta']
[0.296s] Level 1:colcon.colcon_core.package_identification:_identify(src/fire_scout_bringup) by extension 'colcon_meta'
[0.296s] Level 1:colcon.colcon_core.package_identification:_identify(src/fire_scout_bringup) by extensions ['ros']
[0.296s] Level 1:colcon.colcon_core.package_identification:_identify(src/fire_scout_bringup) by extension 'ros'
[0.298s] DEBUG:colcon.colcon_core.package_identification:Package 'src/fire_scout_bringup' with type 'ros.ament_cmake' and name 'fire_scout_bringup'
[0.298s] Level 1:colcon.colcon_core.package_identification:_identify(src/fire_scout_control) by extensions ['ignore', 'ignore_ament_install']
[0.298s] Level 1:colcon.colcon_core.package_identification:_identify(src/fire_scout_control) by extension 'ignore'
[0.298s] Level 1:colcon.colcon_core.package_identification:_identify(src/fire_scout_control) by extension 'ignore_ament_install'
[0.298s] Level 1:colcon.colcon_core.package_identification:_identify(src/fire_scout_control) by extensions ['colcon_pkg']
[0.298s] Level 1:colcon.colcon_core.package_identification:_identify(src/fire_scout_control) by extension 'colcon_pkg'
[0.298s] Level 1:colcon.colcon_core.package_identification:_identify(src/fire_scout_control) by extensions ['colcon_meta']
[0.299s] Level 1:colcon.colcon_core.package_identification:_identify(src/fire_scout_control) by extension 'colcon_meta'
[0.299s] Level 1:colcon.colcon_core.package_identification:_identify(src/fire_scout_control) by extensions ['ros']
[0.299s] Level 1:colcon.colcon_core.package_identification:_identify(src/fire_scout_control) by extension 'ros'
[0.299s] DEBUG:colcon.colcon_core.package_identification:Package 'src/fire_scout_control' with type 'ros.ament_cmake' and name 'fire_scout_control'
[0.299s] Level 1:colcon.colcon_core.package_identification:_identify(src/fire_scout_gazebo) by extensions ['ignore', 'ignore_ament_install']
[0.299s] Level 1:colcon.colcon_core.package_identification:_identify(src/fire_scout_gazebo) by extension 'ignore'
[0.299s] Level 1:colcon.colcon_core.package_identification:_identify(src/fire_scout_gazebo) by extension 'ignore_ament_install'
[0.299s] Level 1:colcon.colcon_core.package_identification:_identify(src/fire_scout_gazebo) by extensions ['colcon_pkg']
[0.299s] Level 1:colcon.colcon_core.package_identification:_identify(src/fire_scout_gazebo) by extension 'colcon_pkg'
[0.299s] Level 1:colcon.colcon_core.package_identification:_identify(src/fire_scout_gazebo) by extensions ['colcon_meta']
[0.299s] Level 1:colcon.colcon_core.package_identification:_identify(src/fire_scout_gazebo) by extension 'colcon_meta'
[0.299s] Level 1:colcon.colcon_core.package_identification:_identify(src/fire_scout_gazebo) by extensions ['ros']
[0.299s] Level 1:colcon.colcon_core.package_identification:_identify(src/fire_scout_gazebo) by extension 'ros'
[0.300s] DEBUG:colcon.colcon_core.package_identification:Package 'src/fire_scout_gazebo' with type 'ros.ament_cmake' and name 'fire_scout_gazebo'
[0.300s] Level 1:colcon.colcon_core.package_identification:_identify(src/fire_scout_localization) by extensions ['ignore', 'ignore_ament_install']
[0.300s] Level 1:colcon.colcon_core.package_identification:_identify(src/fire_scout_localization) by extension 'ignore'
[0.300s] Level 1:colcon.colcon_core.package_identification:_identify(src/fire_scout_localization) by extension 'ignore_ament_install'
[0.300s] Level 1:colcon.colcon_core.package_identification:_identify(src/fire_scout_localization) by extensions ['colcon_pkg']
[0.300s] Level 1:colcon.colcon_core.package_identification:_identify(src/fire_scout_localization) by extension 'colcon_pkg'
[0.300s] Level 1:colcon.colcon_core.package_identification:_identify(src/fire_scout_localization) by extensions ['colcon_meta']
[0.300s] Level 1:colcon.colcon_core.package_identification:_identify(src/fire_scout_localization) by extension 'colcon_meta'
[0.300s] Level 1:colcon.colcon_core.package_identification:_identify(src/fire_scout_localization) by extensions ['ros']
[0.300s] Level 1:colcon.colcon_core.package_identification:_identify(src/fire_scout_localization) by extension 'ros'
[0.301s] DEBUG:colcon.colcon_core.package_identification:Package 'src/fire_scout_localization' with type 'ros.ament_cmake' and name 'fire_scout_localization'
[0.301s] Level 1:colcon.colcon_core.package_identification:_identify(src/fire_scout_mapping) by extensions ['ignore', 'ignore_ament_install']
[0.301s] Level 1:colcon.colcon_core.package_identification:_identify(src/fire_scout_mapping) by extension 'ignore'
[0.301s] Level 1:colcon.colcon_core.package_identification:_identify(src/fire_scout_mapping) by extension 'ignore_ament_install'
[0.301s] Level 1:colcon.colcon_core.package_identification:_identify(src/fire_scout_mapping) by extensions ['colcon_pkg']
[0.301s] Level 1:colcon.colcon_core.package_identification:_identify(src/fire_scout_mapping) by extension 'colcon_pkg'
[0.301s] Level 1:colcon.colcon_core.package_identification:_identify(src/fire_scout_mapping) by extensions ['colcon_meta']
[0.301s] Level 1:colcon.colcon_core.package_identification:_identify(src/fire_scout_mapping) by extension 'colcon_meta'
[0.301s] Level 1:colcon.colcon_core.package_identification:_identify(src/fire_scout_mapping) by extensions ['ros']
[0.301s] Level 1:colcon.colcon_core.package_identification:_identify(src/fire_scout_mapping) by extension 'ros'
[0.302s] DEBUG:colcon.colcon_core.package_identification:Package 'src/fire_scout_mapping' with type 'ros.ament_cmake' and name 'fire_scout_mapping'
[0.302s] Level 1:colcon.colcon_core.package_identification:_identify(src/fire_scout_planning_safe) by extensions ['ignore', 'ignore_ament_install']
[0.302s] Level 1:colcon.colcon_core.package_identification:_identify(src/fire_scout_planning_safe) by extension 'ignore'
[0.302s] Level 1:colcon.colcon_core.package_identification:_identify(src/fire_scout_planning_safe) by extension 'ignore_ament_install'
[0.302s] Level 1:colcon.colcon_core.package_identification:_identify(src/fire_scout_planning_safe) by extensions ['colcon_pkg']
[0.302s] Level 1:colcon.colcon_core.package_identification:_identify(src/fire_scout_planning_safe) by extension 'colcon_pkg'
[0.302s] Level 1:colcon.colcon_core.package_identification:_identify(src/fire_scout_planning_safe) by extensions ['colcon_meta']
[0.302s] Level 1:colcon.colcon_core.package_identification:_identify(src/fire_scout_planning_safe) by extension 'colcon_meta'
[0.302s] Level 1:colcon.colcon_core.package_identification:_identify(src/fire_scout_planning_safe) by extensions ['ros']
[0.302s] Level 1:colcon.colcon_core.package_identification:_identify(src/fire_scout_planning_safe) by extension 'ros'
[0.303s] DEBUG:colcon.colcon_core.package_identification:Package 'src/fire_scout_planning_safe' with type 'ros.ament_cmake' and name 'fire_scout_planning_safe'
[0.303s] Level 1:colcon.colcon_core.package_identification:_identify(src/fire_scout_sensors) by extensions ['ignore', 'ignore_ament_install']
[0.303s] Level 1:colcon.colcon_core.package_identification:_identify(src/fire_scout_sensors) by extension 'ignore'
[0.303s] Level 1:colcon.colcon_core.package_identification:_identify(src/fire_scout_sensors) by extension 'ignore_ament_install'
[0.303s] Level 1:colcon.colcon_core.package_identification:_identify(src/fire_scout_sensors) by extensions ['colcon_pkg']
[0.303s] Level 1:colcon.colcon_core.package_identification:_identify(src/fire_scout_sensors) by extension 'colcon_pkg'
[0.303s] Level 1:colcon.colcon_core.package_identification:_identify(src/fire_scout_sensors) by extensions ['colcon_meta']
[0.303s] Level 1:colcon.colcon_core.package_identification:_identify(src/fire_scout_sensors) by extension 'colcon_meta'
[0.303s] Level 1:colcon.colcon_core.package_identification:_identify(src/fire_scout_sensors) by extensions ['ros']
[0.303s] Level 1:colcon.colcon_core.package_identification:_identify(src/fire_scout_sensors) by extension 'ros'
[0.303s] DEBUG:colcon.colcon_core.package_identification:Package 'src/fire_scout_sensors' with type 'ros.ament_cmake' and name 'fire_scout_sensors'
[0.303s] Level 1:colcon.colcon_core.package_identification:_identify(src/planning1) by extensions ['ignore', 'ignore_ament_install']
[0.303s] Level 1:colcon.colcon_core.package_identification:_identify(src/planning1) by extension 'ignore'
[0.304s] Level 1:colcon.colcon_core.package_identification:_identify(src/planning1) by extension 'ignore_ament_install'
[0.304s] Level 1:colcon.colcon_core.package_identification:_identify(src/planning1) by extensions ['colcon_pkg']
[0.304s] Level 1:colcon.colcon_core.package_identification:_identify(src/planning1) by extension 'colcon_pkg'
[0.304s] Level 1:colcon.colcon_core.package_identification:_identify(src/planning1) by extensions ['colcon_meta']
[0.304s] Level 1:colcon.colcon_core.package_identification:_identify(src/planning1) by extension 'colcon_meta'
[0.304s] Level 1:colcon.colcon_core.package_identification:_identify(src/planning1) by extensions ['ros']
[0.304s] Level 1:colcon.colcon_core.package_identification:_identify(src/planning1) by extension 'ros'
[0.304s] Level 1:colcon.colcon_core.package_identification:_identify(src/planning1) by extensions ['cmake', 'python']
[0.304s] Level 1:colcon.colcon_core.package_identification:_identify(src/planning1) by extension 'cmake'
[0.304s] Level 1:colcon.colcon_core.package_identification:_identify(src/planning1) by extension 'python'
[0.304s] Level 1:colcon.colcon_core.package_identification:_identify(src/planning1) by extensions ['python_setup_py']
[0.304s] Level 1:colcon.colcon_core.package_identification:_identify(src/planning1) by extension 'python_setup_py'
[0.304s] Level 1:colcon.colcon_core.package_identification:_identify(src/px4_msgs) by extensions ['ignore', 'ignore_ament_install']
[0.304s] Level 1:colcon.colcon_core.package_identification:_identify(src/px4_msgs) by extension 'ignore'
[0.304s] Level 1:colcon.colcon_core.package_identification:_identify(src/px4_msgs) by extension 'ignore_ament_install'
[0.304s] Level 1:colcon.colcon_core.package_identification:_identify(src/px4_msgs) by extensions ['colcon_pkg']
[0.304s] Level 1:colcon.colcon_core.package_identification:_identify(src/px4_msgs) by extension 'colcon_pkg'
[0.304s] Level 1:colcon.colcon_core.package_identification:_identify(src/px4_msgs) by extensions ['colcon_meta']
[0.304s] Level 1:colcon.colcon_core.package_identification:_identify(src/px4_msgs) by extension 'colcon_meta'
[0.304s] Level 1:colcon.colcon_core.package_identification:_identify(src/px4_msgs) by extensions ['ros']
[0.304s] Level 1:colcon.colcon_core.package_identification:_identify(src/px4_msgs) by extension 'ros'
[0.305s] DEBUG:colcon.colcon_core.package_identification:Package 'src/px4_msgs' with type 'ros.ament_cmake' and name 'px4_msgs'
[0.305s] Level 1:colcon.colcon_core.package_identification:_identify(version_backups) by extensions ['ignore', 'ignore_ament_install']
[0.305s] Level 1:colcon.colcon_core.package_identification:_identify(version_backups) by extension 'ignore'
[0.305s] Level 1:colcon.colcon_core.package_identification:_identify(version_backups) ignored
[0.305s] Level 1:colcon.colcon_core.package_discovery:discover_packages(recursive) using defaults
[0.305s] Level 1:colcon.colcon_core.package_discovery:discover_packages(ignore) discover
[0.305s] Level 1:colcon.colcon_core.package_discovery:discover_packages(ignore) using defaults
[0.305s] Level 1:colcon.colcon_core.package_discovery:discover_packages(path) discover
[0.305s] Level 1:colcon.colcon_core.package_discovery:discover_packages(path) using defaults
[0.328s] INFO:colcon.colcon_core.package_selection:Skipping not selected package 'fire_scout_gazebo' in 'src/fire_scout_gazebo'
[0.328s] INFO:colcon.colcon_core.package_selection:Skipping not selected package 'px4_msgs' in 'src/px4_msgs'
[0.328s] INFO:colcon.colcon_core.package_selection:Skipping not selected package 'fire_scout_control' in 'src/fire_scout_control'
[0.328s] INFO:colcon.colcon_core.package_selection:Skipping not selected package 'fire_scout_localization' in 'src/fire_scout_localization'
[0.328s] INFO:colcon.colcon_core.package_selection:Skipping not selected package 'fire_scout_sensors' in 'src/fire_scout_sensors'
[0.328s] INFO:colcon.colcon_core.package_selection:Skipping not selected package 'fire_scout_bringup' in 'src/fire_scout_bringup'
[0.328s] INFO:colcon.colcon_core.package_selection:Skipping not selected package 'fire_scout_mapping' in 'src/fire_scout_mapping'
[0.328s] Level 1:colcon.colcon_core.package_discovery:discover_packages(prefix_path) check parameters
[0.328s] Level 1:colcon.colcon_core.package_discovery:discover_packages(prefix_path) discover
[0.331s] DEBUG:colcon.colcon_installed_package_information.package_discovery:Found 351 installed packages in /opt/ros/humble
[0.332s] Level 1:colcon.colcon_core.package_discovery:discover_packages(prefix_path) using defaults
[0.358s] Level 5:colcon.colcon_core.verb:set package 'fire_scout_planning_safe' build argument 'cmake_args' from command line to '['-DCMAKE_BUILD_TYPE=Release']'
[0.358s] Level 5:colcon.colcon_core.verb:set package 'fire_scout_planning_safe' build argument 'cmake_target' from command line to 'None'
[0.358s] Level 5:colcon.colcon_core.verb:set package 'fire_scout_planning_safe' build argument 'cmake_target_skip_unavailable' from command line to 'False'
[0.358s] Level 5:colcon.colcon_core.verb:set package 'fire_scout_planning_safe' build argument 'cmake_clean_cache' from command line to 'False'
[0.358s] Level 5:colcon.colcon_core.verb:set package 'fire_scout_planning_safe' build argument 'cmake_clean_first' from command line to 'False'
[0.358s] Level 5:colcon.colcon_core.verb:set package 'fire_scout_planning_safe' build argument 'cmake_force_configure' from command line to 'False'
[0.358s] Level 5:colcon.colcon_core.verb:set package 'fire_scout_planning_safe' build argument 'ament_cmake_args' from command line to 'None'
[0.358s] Level 5:colcon.colcon_core.verb:set package 'fire_scout_planning_safe' build argument 'catkin_cmake_args' from command line to 'None'
[0.358s] Level 5:colcon.colcon_core.verb:set package 'fire_scout_planning_safe' build argument 'catkin_skip_building_tests' from command line to 'False'
[0.358s] DEBUG:colcon.colcon_core.verb:Building package 'fire_scout_planning_safe' with the following arguments: {'ament_cmake_args': None, 'build_base': '/home/wei/fire_scout_ws/build/fire_scout_planning_safe', 'catkin_cmake_args': None, 'catkin_skip_building_tests': False, 'cmake_args': ['-DCMAKE_BUILD_TYPE=Release'], 'cmake_clean_cache': False, 'cmake_clean_first': False, 'cmake_force_configure': False, 'cmake_target': None, 'cmake_target_skip_unavailable': False, 'install_base': '/home/wei/fire_scout_ws/install/fire_scout_planning_safe', 'merge_install': False, 'path': '/home/wei/fire_scout_ws/src/fire_scout_planning_safe', 'symlink_install': True, 'test_result_base': None}
[0.358s] INFO:colcon.colcon_core.executor:Executing jobs using 'parallel' executor
[0.359s] DEBUG:colcon.colcon_parallel_executor.executor.parallel:run_until_complete
[0.359s] INFO:colcon.colcon_ros.task.ament_cmake.build:Building ROS package in '/home/wei/fire_scout_ws/src/fire_scout_planning_safe' with build type 'ament_cmake'
[0.359s] INFO:colcon.colcon_cmake.task.cmake.build:Building CMake package in '/home/wei/fire_scout_ws/src/fire_scout_planning_safe'
[0.361s] INFO:colcon.colcon_core.plugin_system:Skipping extension 'colcon_core.shell.bat': Not used on non-Windows systems
[0.361s] INFO:colcon.colcon_core.shell:Skip shell extension 'powershell' for command environment: Not usable outside of PowerShell
[0.361s] DEBUG:colcon.colcon_core.shell:Skip shell extension 'dsv' for command environment
[0.370s] DEBUG:colcon.colcon_core.event_handler.log_command:Invoking command in '/home/wei/fire_scout_ws/build/fire_scout_planning_safe': AMENT_PREFIX_PATH=/home/wei/fire_scout_ws/install/px4_msgs:${AMENT_PREFIX_PATH} CMAKE_PREFIX_PATH=/home/wei/fire_scout_ws/install/px4_msgs:/opt/ros/humble LD_LIBRARY_PATH=/home/wei/fire_scout_ws/install/px4_msgs/lib:${LD_LIBRARY_PATH} PYTHONPATH=/home/wei/fire_scout_ws/install/px4_msgs/local/lib/python3.10/dist-packages:${PYTHONPATH} /usr/bin/cmake /home/wei/fire_scout_ws/src/fire_scout_planning_safe -DCMAKE_BUILD_TYPE=Release -DAMENT_CMAKE_SYMLINK_INSTALL=1 -DCMAKE_INSTALL_PREFIX=/home/wei/fire_scout_ws/install/fire_scout_planning_safe
[1.720s] DEBUG:colcon.colcon_core.event_handler.log_command:Invoked command in '/home/wei/fire_scout_ws/build/fire_scout_planning_safe' returned '0': AMENT_PREFIX_PATH=/home/wei/fire_scout_ws/install/px4_msgs:${AMENT_PREFIX_PATH} CMAKE_PREFIX_PATH=/home/wei/fire_scout_ws/install/px4_msgs:/opt/ros/humble LD_LIBRARY_PATH=/home/wei/fire_scout_ws/install/px4_msgs/lib:${LD_LIBRARY_PATH} PYTHONPATH=/home/wei/fire_scout_ws/install/px4_msgs/local/lib/python3.10/dist-packages:${PYTHONPATH} /usr/bin/cmake /home/wei/fire_scout_ws/src/fire_scout_planning_safe -DCMAKE_BUILD_TYPE=Release -DAMENT_CMAKE_SYMLINK_INSTALL=1 -DCMAKE_INSTALL_PREFIX=/home/wei/fire_scout_ws/install/fire_scout_planning_safe
[1.721s] DEBUG:colcon.colcon_core.event_handler.log_command:Invoking command in '/home/wei/fire_scout_ws/build/fire_scout_planning_safe': AMENT_PREFIX_PATH=/home/wei/fire_scout_ws/install/px4_msgs:${AMENT_PREFIX_PATH} CMAKE_PREFIX_PATH=/home/wei/fire_scout_ws/install/px4_msgs:/opt/ros/humble LD_LIBRARY_PATH=/home/wei/fire_scout_ws/install/px4_msgs/lib:${LD_LIBRARY_PATH} PYTHONPATH=/home/wei/fire_scout_ws/install/px4_msgs/local/lib/python3.10/dist-packages:${PYTHONPATH} /usr/bin/cmake --build /home/wei/fire_scout_ws/build/fire_scout_planning_safe -- -j32 -l32
[42.431s] DEBUG:colcon.colcon_core.event_handler.log_command:Invoked command in '/home/wei/fire_scout_ws/build/fire_scout_planning_safe' returned '0': AMENT_PREFIX_PATH=/home/wei/fire_scout_ws/install/px4_msgs:${AMENT_PREFIX_PATH} CMAKE_PREFIX_PATH=/home/wei/fire_scout_ws/install/px4_msgs:/opt/ros/humble LD_LIBRARY_PATH=/home/wei/fire_scout_ws/install/px4_msgs/lib:${LD_LIBRARY_PATH} PYTHONPATH=/home/wei/fire_scout_ws/install/px4_msgs/local/lib/python3.10/dist-packages:${PYTHONPATH} /usr/bin/cmake --build /home/wei/fire_scout_ws/build/fire_scout_planning_safe -- -j32 -l32
[42.442s] DEBUG:colcon.colcon_core.event_handler.log_command:Invoking command in '/home/wei/fire_scout_ws/build/fire_scout_planning_safe': AMENT_PREFIX_PATH=/home/wei/fire_scout_ws/install/px4_msgs:${AMENT_PREFIX_PATH} CMAKE_PREFIX_PATH=/home/wei/fire_scout_ws/install/px4_msgs:/opt/ros/humble LD_LIBRARY_PATH=/home/wei/fire_scout_ws/install/px4_msgs/lib:${LD_LIBRARY_PATH} PYTHONPATH=/home/wei/fire_scout_ws/install/px4_msgs/local/lib/python3.10/dist-packages:${PYTHONPATH} /usr/bin/cmake --install /home/wei/fire_scout_ws/build/fire_scout_planning_safe
[43.157s] Level 1:colcon.colcon_core.environment:create_environment_scripts_only(fire_scout_planning_safe)
[43.157s] DEBUG:colcon.colcon_core.event_handler.log_command:Invoked command in '/home/wei/fire_scout_ws/build/fire_scout_planning_safe' returned '0': AMENT_PREFIX_PATH=/home/wei/fire_scout_ws/install/px4_msgs:${AMENT_PREFIX_PATH} CMAKE_PREFIX_PATH=/home/wei/fire_scout_ws/install/px4_msgs:/opt/ros/humble LD_LIBRARY_PATH=/home/wei/fire_scout_ws/install/px4_msgs/lib:${LD_LIBRARY_PATH} PYTHONPATH=/home/wei/fire_scout_ws/install/px4_msgs/local/lib/python3.10/dist-packages:${PYTHONPATH} /usr/bin/cmake --install /home/wei/fire_scout_ws/build/fire_scout_planning_safe
[43.166s] Level 1:colcon.colcon_core.environment:checking '/home/wei/fire_scout_ws/install/fire_scout_planning_safe' for CMake module files
[43.168s] Level 1:colcon.colcon_core.environment:checking '/home/wei/fire_scout_ws/install/fire_scout_planning_safe' for CMake config files
[43.169s] Level 1:colcon.colcon_core.shell:create_environment_hook('fire_scout_planning_safe', 'cmake_prefix_path')
[43.169s] INFO:colcon.colcon_core.shell:Creating environment hook '/home/wei/fire_scout_ws/install/fire_scout_planning_safe/share/fire_scout_planning_safe/hook/cmake_prefix_path.ps1'
[43.170s] INFO:colcon.colcon_core.shell:Creating environment descriptor '/home/wei/fire_scout_ws/install/fire_scout_planning_safe/share/fire_scout_planning_safe/hook/cmake_prefix_path.dsv'
[43.171s] INFO:colcon.colcon_core.shell:Creating environment hook '/home/wei/fire_scout_ws/install/fire_scout_planning_safe/share/fire_scout_planning_safe/hook/cmake_prefix_path.sh'
[43.173s] Level 1:colcon.colcon_core.environment:checking '/home/wei/fire_scout_ws/install/fire_scout_planning_safe/lib'
[43.173s] Level 1:colcon.colcon_core.environment:checking '/home/wei/fire_scout_ws/install/fire_scout_planning_safe/bin'
[43.173s] Level 1:colcon.colcon_core.environment:checking '/home/wei/fire_scout_ws/install/fire_scout_planning_safe/lib/pkgconfig/fire_scout_planning_safe.pc'
[43.174s] Level 1:colcon.colcon_core.environment:checking '/home/wei/fire_scout_ws/install/fire_scout_planning_safe/lib/python3.10/site-packages'
[43.174s] Level 1:colcon.colcon_core.environment:checking '/home/wei/fire_scout_ws/install/fire_scout_planning_safe/bin'
[43.175s] INFO:colcon.colcon_core.shell:Creating package script '/home/wei/fire_scout_ws/install/fire_scout_planning_safe/share/fire_scout_planning_safe/package.ps1'
[43.176s] INFO:colcon.colcon_core.shell:Creating package descriptor '/home/wei/fire_scout_ws/install/fire_scout_planning_safe/share/fire_scout_planning_safe/package.dsv'
[43.177s] INFO:colcon.colcon_core.shell:Creating package script '/home/wei/fire_scout_ws/install/fire_scout_planning_safe/share/fire_scout_planning_safe/package.sh'
[43.178s] INFO:colcon.colcon_core.shell:Creating package script '/home/wei/fire_scout_ws/install/fire_scout_planning_safe/share/fire_scout_planning_safe/package.bash'
[43.179s] INFO:colcon.colcon_core.shell:Creating package script '/home/wei/fire_scout_ws/install/fire_scout_planning_safe/share/fire_scout_planning_safe/package.zsh'
[43.180s] Level 1:colcon.colcon_core.environment:create_file_with_runtime_dependencies(/home/wei/fire_scout_ws/install/fire_scout_planning_safe/share/colcon-core/packages/fire_scout_planning_safe)
[43.180s] Level 1:colcon.colcon_core.environment:create_environment_scripts_only(fire_scout_planning_safe)
[43.181s] Level 1:colcon.colcon_core.environment:checking '/home/wei/fire_scout_ws/install/fire_scout_planning_safe' for CMake module files
[43.181s] Level 1:colcon.colcon_core.environment:checking '/home/wei/fire_scout_ws/install/fire_scout_planning_safe' for CMake config files
[43.182s] Level 1:colcon.colcon_core.shell:create_environment_hook('fire_scout_planning_safe', 'cmake_prefix_path')
[43.182s] INFO:colcon.colcon_core.shell:Creating environment hook '/home/wei/fire_scout_ws/install/fire_scout_planning_safe/share/fire_scout_planning_safe/hook/cmake_prefix_path.ps1'
[43.183s] INFO:colcon.colcon_core.shell:Creating environment descriptor '/home/wei/fire_scout_ws/install/fire_scout_planning_safe/share/fire_scout_planning_safe/hook/cmake_prefix_path.dsv'
[43.183s] INFO:colcon.colcon_core.shell:Creating environment hook '/home/wei/fire_scout_ws/install/fire_scout_planning_safe/share/fire_scout_planning_safe/hook/cmake_prefix_path.sh'
[43.184s] Level 1:colcon.colcon_core.environment:checking '/home/wei/fire_scout_ws/install/fire_scout_planning_safe/lib'
[43.184s] Level 1:colcon.colcon_core.environment:checking '/home/wei/fire_scout_ws/install/fire_scout_planning_safe/bin'
[43.184s] Level 1:colcon.colcon_core.environment:checking '/home/wei/fire_scout_ws/install/fire_scout_planning_safe/lib/pkgconfig/fire_scout_planning_safe.pc'
[43.185s] Level 1:colcon.colcon_core.environment:checking '/home/wei/fire_scout_ws/install/fire_scout_planning_safe/lib/python3.10/site-packages'
[43.185s] Level 1:colcon.colcon_core.environment:checking '/home/wei/fire_scout_ws/install/fire_scout_planning_safe/bin'
[43.185s] INFO:colcon.colcon_core.shell:Creating package script '/home/wei/fire_scout_ws/install/fire_scout_planning_safe/share/fire_scout_planning_safe/package.ps1'
[43.186s] INFO:colcon.colcon_core.shell:Creating package descriptor '/home/wei/fire_scout_ws/install/fire_scout_planning_safe/share/fire_scout_planning_safe/package.dsv'
[43.186s] INFO:colcon.colcon_core.shell:Creating package script '/home/wei/fire_scout_ws/install/fire_scout_planning_safe/share/fire_scout_planning_safe/package.sh'
[43.187s] INFO:colcon.colcon_core.shell:Creating package script '/home/wei/fire_scout_ws/install/fire_scout_planning_safe/share/fire_scout_planning_safe/package.bash'
[43.188s] INFO:colcon.colcon_core.shell:Creating package script '/home/wei/fire_scout_ws/install/fire_scout_planning_safe/share/fire_scout_planning_safe/package.zsh'
[43.188s] Level 1:colcon.colcon_core.environment:create_file_with_runtime_dependencies(/home/wei/fire_scout_ws/install/fire_scout_planning_safe/share/colcon-core/packages/fire_scout_planning_safe)
[43.188s] DEBUG:colcon.colcon_parallel_executor.executor.parallel:closing loop
[43.188s] DEBUG:colcon.colcon_parallel_executor.executor.parallel:loop closed
[43.188s] DEBUG:colcon.colcon_parallel_executor.executor.parallel:run_until_complete finished with '0'
[43.189s] DEBUG:colcon.colcon_core.event_reactor:joining thread
[43.198s] INFO:colcon.colcon_core.plugin_system:Skipping extension 'colcon_notification.desktop_notification.terminal_notifier': Not used on non-Darwin systems
[43.198s] INFO:colcon.colcon_core.plugin_system:Skipping extension 'colcon_notification.desktop_notification.win32': Not used on non-Windows systems
[43.199s] INFO:colcon.colcon_notification.desktop_notification:Sending desktop notification using 'notify2'
[43.222s] DEBUG:colcon.colcon_core.event_reactor:joined thread
[43.222s] INFO:colcon.colcon_core.shell:Creating prefix script '/home/wei/fire_scout_ws/install/local_setup.ps1'
[43.224s] INFO:colcon.colcon_core.shell:Creating prefix util module '/home/wei/fire_scout_ws/install/_local_setup_util_ps1.py'
[43.226s] INFO:colcon.colcon_core.shell:Creating prefix chain script '/home/wei/fire_scout_ws/install/setup.ps1'
[43.228s] INFO:colcon.colcon_core.shell:Creating prefix script '/home/wei/fire_scout_ws/install/local_setup.sh'
[43.229s] INFO:colcon.colcon_core.shell:Creating prefix util module '/home/wei/fire_scout_ws/install/_local_setup_util_sh.py'
[43.229s] INFO:colcon.colcon_core.shell:Creating prefix chain script '/home/wei/fire_scout_ws/install/setup.sh'
[43.231s] INFO:colcon.colcon_core.shell:Creating prefix script '/home/wei/fire_scout_ws/install/local_setup.bash'
[43.232s] INFO:colcon.colcon_core.shell:Creating prefix chain script '/home/wei/fire_scout_ws/install/setup.bash'
[43.233s] INFO:colcon.colcon_core.shell:Creating prefix script '/home/wei/fire_scout_ws/install/local_setup.zsh'
[43.234s] INFO:colcon.colcon_core.shell:Creating prefix chain script '/home/wei/fire_scout_ws/install/setup.zsh'
