[ 33%] Built target scout_takeoff
[ 66%] Built target entrance_wall_search
[100%] Built target scout_enter_window
-- Install configuration: ""
-- Up-to-date: /home/wei/fire_scout_ws/install/fire_scout_control/lib/fire_scout_control/scout_takeoff
-- Up-to-date: /home/wei/fire_scout_ws/install/fire_scout_control/lib/fire_scout_control/scout_enter_window
-- Up-to-date: /home/wei/fire_scout_ws/install/fire_scout_control/lib/fire_scout_control/entrance_wall_search
-- Up-to-date: /home/wei/fire_scout_ws/install/fire_scout_control/share/ament_index/resource_index/package_run_dependencies/fire_scout_control
-- Up-to-date: /home/wei/fire_scout_ws/install/fire_scout_control/share/ament_index/resource_index/parent_prefix_path/fire_scout_control
-- Up-to-date: /home/wei/fire_scout_ws/install/fire_scout_control/share/fire_scout_control/environment/ament_prefix_path.sh
-- Up-to-date: /home/wei/fire_scout_ws/install/fire_scout_control/share/fire_scout_control/environment/ament_prefix_path.dsv
-- Up-to-date: /home/wei/fire_scout_ws/install/fire_scout_control/share/fire_scout_control/environment/path.sh
-- Up-to-date: /home/wei/fire_scout_ws/install/fire_scout_control/share/fire_scout_control/environment/path.dsv
-- Up-to-date: /home/wei/fire_scout_ws/install/fire_scout_control/share/fire_scout_control/local_setup.bash
-- Up-to-date: /home/wei/fire_scout_ws/install/fire_scout_control/share/fire_scout_control/local_setup.sh
-- Up-to-date: /home/wei/fire_scout_ws/install/fire_scout_control/share/fire_scout_control/local_setup.zsh
-- Up-to-date: /home/wei/fire_scout_ws/install/fire_scout_control/share/fire_scout_control/local_setup.dsv
-- Installing: /home/wei/fire_scout_ws/install/fire_scout_control/share/fire_scout_control/package.dsv
-- Up-to-date: /home/wei/fire_scout_ws/install/fire_scout_control/share/ament_index/resource_index/packages/fire_scout_control
-- Up-to-date: /home/wei/fire_scout_ws/install/fire_scout_control/share/fire_scout_control/cmake/fire_scout_controlConfig.cmake
-- Up-to-date: /home/wei/fire_scout_ws/install/fire_scout_control/share/fire_scout_control/cmake/fire_scout_controlConfig-version.cmake
-- Up-to-date: /home/wei/fire_scout_ws/install/fire_scout_control/share/fire_scout_control/package.xml
