[0.015s] Invoking command in '/home/wei/fire_scout_ws/build/fire_scout_control': CMAKE_PREFIX_PATH=/home/wei/fire_scout_ws/install/px4_msgs:/home/wei/fire_scout_ws/install/fire_scout_bringup:/home/wei/fire_scout_ws/install/fire_scout_sensors:/home/wei/fire_scout_ws/install/fire_scout_mapping:/home/wei/fire_scout_ws/install/fire_scout_planning_safe:/home/wei/fire_scout_ws/install/fire_scout_localization:/home/wei/fire_scout_ws/install/fire_scout_control:/home/wei/fire_scout_ws/install/fire_scout_gazebo:/opt/ros/humble /usr/bin/cmake --build /home/wei/fire_scout_ws/build/fire_scout_control -- -j32 -l32
[0.064s] [ 33%] Built target scout_takeoff
[0.066s] [ 66%] Built target entrance_wall_search
[0.066s] [100%] Built target scout_enter_window
[0.079s] Invoked command in '/home/wei/fire_scout_ws/build/fire_scout_control' returned '0': CMAKE_PREFIX_PATH=/home/wei/fire_scout_ws/install/px4_msgs:/home/wei/fire_scout_ws/install/fire_scout_bringup:/home/wei/fire_scout_ws/install/fire_scout_sensors:/home/wei/fire_scout_ws/install/fire_scout_mapping:/home/wei/fire_scout_ws/install/fire_scout_planning_safe:/home/wei/fire_scout_ws/install/fire_scout_localization:/home/wei/fire_scout_ws/install/fire_scout_control:/home/wei/fire_scout_ws/install/fire_scout_gazebo:/opt/ros/humble /usr/bin/cmake --build /home/wei/fire_scout_ws/build/fire_scout_control -- -j32 -l32
[0.081s] Invoking command in '/home/wei/fire_scout_ws/build/fire_scout_control': CMAKE_PREFIX_PATH=/home/wei/fire_scout_ws/install/px4_msgs:/home/wei/fire_scout_ws/install/fire_scout_bringup:/home/wei/fire_scout_ws/install/fire_scout_sensors:/home/wei/fire_scout_ws/install/fire_scout_mapping:/home/wei/fire_scout_ws/install/fire_scout_planning_safe:/home/wei/fire_scout_ws/install/fire_scout_localization:/home/wei/fire_scout_ws/install/fire_scout_control:/home/wei/fire_scout_ws/install/fire_scout_gazebo:/opt/ros/humble /usr/bin/cmake --install /home/wei/fire_scout_ws/build/fire_scout_control
[0.090s] -- Install configuration: ""
[0.091s] -- Up-to-date: /home/wei/fire_scout_ws/install/fire_scout_control/lib/fire_scout_control/scout_takeoff
[0.091s] -- Up-to-date: /home/wei/fire_scout_ws/install/fire_scout_control/lib/fire_scout_control/scout_enter_window
[0.091s] -- Up-to-date: /home/wei/fire_scout_ws/install/fire_scout_control/lib/fire_scout_control/entrance_wall_search
[0.091s] -- Up-to-date: /home/wei/fire_scout_ws/install/fire_scout_control/share/ament_index/resource_index/package_run_dependencies/fire_scout_control
[0.091s] -- Up-to-date: /home/wei/fire_scout_ws/install/fire_scout_control/share/ament_index/resource_index/parent_prefix_path/fire_scout_control
[0.092s] -- Up-to-date: /home/wei/fire_scout_ws/install/fire_scout_control/share/fire_scout_control/environment/ament_prefix_path.sh
[0.092s] -- Up-to-date: /home/wei/fire_scout_ws/install/fire_scout_control/share/fire_scout_control/environment/ament_prefix_path.dsv
[0.092s] -- Up-to-date: /home/wei/fire_scout_ws/install/fire_scout_control/share/fire_scout_control/environment/path.sh
[0.094s] -- Up-to-date: /home/wei/fire_scout_ws/install/fire_scout_control/share/fire_scout_control/environment/path.dsv
[0.094s] -- Up-to-date: /home/wei/fire_scout_ws/install/fire_scout_control/share/fire_scout_control/local_setup.bash
[0.095s] -- Up-to-date: /home/wei/fire_scout_ws/install/fire_scout_control/share/fire_scout_control/local_setup.sh
[0.095s] -- Up-to-date: /home/wei/fire_scout_ws/install/fire_scout_control/share/fire_scout_control/local_setup.zsh
[0.095s] -- Up-to-date: /home/wei/fire_scout_ws/install/fire_scout_control/share/fire_scout_control/local_setup.dsv
[0.095s] -- Installing: /home/wei/fire_scout_ws/install/fire_scout_control/share/fire_scout_control/package.dsv
[0.095s] -- Up-to-date: /home/wei/fire_scout_ws/install/fire_scout_control/share/ament_index/resource_index/packages/fire_scout_control
[0.095s] -- Up-to-date: /home/wei/fire_scout_ws/install/fire_scout_control/share/fire_scout_control/cmake/fire_scout_controlConfig.cmake
[0.096s] -- Up-to-date: /home/wei/fire_scout_ws/install/fire_scout_control/share/fire_scout_control/cmake/fire_scout_controlConfig-version.cmake
[0.096s] -- Up-to-date: /home/wei/fire_scout_ws/install/fire_scout_control/share/fire_scout_control/package.xml
[0.113s] Invoked command in '/home/wei/fire_scout_ws/build/fire_scout_control' returned '0': CMAKE_PREFIX_PATH=/home/wei/fire_scout_ws/install/px4_msgs:/home/wei/fire_scout_ws/install/fire_scout_bringup:/home/wei/fire_scout_ws/install/fire_scout_sensors:/home/wei/fire_scout_ws/install/fire_scout_mapping:/home/wei/fire_scout_ws/install/fire_scout_planning_safe:/home/wei/fire_scout_ws/install/fire_scout_localization:/home/wei/fire_scout_ws/install/fire_scout_control:/home/wei/fire_scout_ws/install/fire_scout_gazebo:/opt/ros/humble /usr/bin/cmake --install /home/wei/fire_scout_ws/build/fire_scout_control
