[0.015s] Invoking command in '/home/wei/fire_scout_ws/build/fire_scout_planning_safe': AMENT_PREFIX_PATH=/home/wei/fire_scout_ws/install/px4_msgs:${AMENT_PREFIX_PATH} CMAKE_PREFIX_PATH=/home/wei/fire_scout_ws/install/px4_msgs:/opt/ros/humble LD_LIBRARY_PATH=/home/wei/fire_scout_ws/install/px4_msgs/lib:${LD_LIBRARY_PATH} PYTHONPATH=/home/wei/fire_scout_ws/install/px4_msgs/local/lib/python3.10/dist-packages:${PYTHONPATH} /usr/bin/cmake --build /home/wei/fire_scout_ws/build/fire_scout_planning_safe -- -j32 -l32
[0.034s] -- Fire Scout 2.0.1: building mapping, fusion, planning and follower ROS nodes
[0.036s] -- Found ament_cmake: 1.3.14 (/opt/ros/humble/share/ament_cmake/cmake)
[0.146s] -- Found rclcpp: 16.0.19 (/opt/ros/humble/share/rclcpp/cmake)
[0.165s] -- Found rosidl_generator_c: 3.1.8 (/opt/ros/humble/share/rosidl_generator_c/cmake)
[0.167s] -- Found rosidl_adapter: 3.1.8 (/opt/ros/humble/share/rosidl_adapter/cmake)
[0.170s] -- Found rosidl_generator_cpp: 3.1.8 (/opt/ros/humble/share/rosidl_generator_cpp/cmake)
[0.177s] -- Using all available rosidl_typesupport_c: rosidl_typesupport_fastrtps_c;rosidl_typesupport_introspection_c
[0.186s] -- Using all available rosidl_typesupport_cpp: rosidl_typesupport_fastrtps_cpp;rosidl_typesupport_introspection_cpp
[0.207s] -- Found rmw_implementation_cmake: 6.1.2 (/opt/ros/humble/share/rmw_implementation_cmake/cmake)
[0.208s] -- Found rmw_cyclonedds_cpp: 1.3.4 (/opt/ros/humble/share/rmw_cyclonedds_cpp/cmake)
[0.219s] -- Using RMW implementation 'rmw_cyclonedds_cpp' as default
[0.250s] -- Found sensor_msgs: 4.9.1 (/opt/ros/humble/share/sensor_msgs/cmake)
[0.269s] -- Found nav_msgs: 4.9.1 (/opt/ros/humble/share/nav_msgs/cmake)
[0.279s] -- Found std_srvs: 4.9.1 (/opt/ros/humble/share/std_srvs/cmake)
[0.285s] -- Found tf2: 0.25.22 (/opt/ros/humble/share/tf2/cmake)
[0.287s] -- Found tf2_ros: 0.25.22 (/opt/ros/humble/share/tf2_ros/cmake)
[0.337s] -- Found px4_msgs: 2.0.1 (/home/wei/fire_scout_ws/install/px4_msgs/share/px4_msgs/cmake)
[0.474s] -- Configuring done
[0.509s] -- Generating done
[0.521s] -- Build files have been written to: /home/wei/fire_scout_ws/build/fire_scout_planning_safe
[0.546s] [35m[1mConsolidate compiler generated dependencies of target coordination_components_test[0m
[0.546s] [35m[1mConsolidate compiler generated dependencies of target safe_airfar_path_follower[0m
[0.546s] [35m[1mConsolidate compiler generated dependencies of target passage_coordinator[0m
[0.547s] [35m[1mConsolidate compiler generated dependencies of target route_switch_test[0m
[0.547s] [35m[1mConsolidate compiler generated dependencies of target radar_free_space_mapper[0m
[0.547s] [35m[1mConsolidate compiler generated dependencies of target racer_task_allocator[0m
[0.547s] [35m[1mConsolidate compiler generated dependencies of target multi_uav_map_fusion[0m
[0.548s] [35m[1mConsolidate compiler generated dependencies of target v2_coordination_test[0m
[0.548s] [35m[1mConsolidate compiler generated dependencies of target follower_alignment_test[0m
[0.548s] [35m[1mConsolidate compiler generated dependencies of target safe_airfar_like_planner[0m
[0.549s] [35m[1mConsolidate compiler generated dependencies of target incremental_repair_v19_test[0m
[0.549s] [35m[1mConsolidate compiler generated dependencies of target ultrasonic_memory_test[0m
[0.551s] [35m[1mConsolidate compiler generated dependencies of target v2_trajectory_test[0m
[0.557s] [ 10%] Built target coordination_components_test
[0.557s] [ 10%] [32mBuilding CXX object CMakeFiles/v2_topology_routes_test.dir/tests/v2_topology_routes_test.cpp.o[0m
[0.558s] [ 16%] Built target route_switch_test
[0.563s] [ 23%] Built target incremental_repair_v19_test
[0.563s] [ 30%] [32mBuilding CXX object CMakeFiles/v2_tracking_guard_test.dir/tests/v2_tracking_guard_test.cpp.o[0m
[0.563s] [ 30%] [32mBuilding CXX object CMakeFiles/v2_coordination_test.dir/tests/v2_coordination_test.cpp.o[0m
[0.563s] [ 33%] [32mBuilding CXX object CMakeFiles/follower_alignment_test.dir/tests/follower_alignment_test.cpp.o[0m
[0.563s] [ 40%] Built target ultrasonic_memory_test
[0.565s] [ 43%] [32mBuilding CXX object CMakeFiles/safe_airfar_path_follower.dir/src/safe_airfar_path_follower.cpp.o[0m
[0.567s] [ 46%] [32mBuilding CXX object CMakeFiles/v2_trajectory_test.dir/tests/v2_trajectory_test.cpp.o[0m
[0.569s] [ 53%] Built target passage_coordinator
[0.571s] [ 56%] [32mBuilding CXX object CMakeFiles/safe_airfar_like_planner.dir/src/safe_airfar_like_planner.cpp.o[0m
[0.574s] [ 63%] Built target multi_uav_map_fusion
[0.575s] [ 66%] [32mBuilding CXX object CMakeFiles/racer_task_allocator.dir/src/racer_task_allocator.cpp.o[0m
[0.577s] [ 73%] Built target radar_free_space_mapper
[1.776s] [ 76%] [32m[1mLinking CXX executable follower_alignment_test[0m
[1.850s] [ 76%] Built target follower_alignment_test
[2.367s] [ 80%] [32m[1mLinking CXX executable v2_trajectory_test[0m
[2.447s] [ 80%] Built target v2_trajectory_test
[2.618s] [ 83%] [32m[1mLinking CXX executable v2_tracking_guard_test[0m
[2.692s] [ 83%] Built target v2_tracking_guard_test
[4.167s] [ 86%] [32m[1mLinking CXX executable v2_topology_routes_test[0m
[4.230s] [ 86%] Built target v2_topology_routes_test
[4.625s] [ 90%] [32m[1mLinking CXX executable v2_coordination_test[0m
[4.709s] [ 90%] Built target v2_coordination_test
[17.396s] [ 93%] [32m[1mLinking CXX executable racer_task_allocator[0m
[17.591s] [ 93%] Built target racer_task_allocator
[23.833s] [ 96%] [32m[1mLinking CXX executable safe_airfar_like_planner[0m
[24.054s] [ 96%] Built target safe_airfar_like_planner
[35.807s] [100%] [32m[1mLinking CXX executable safe_airfar_path_follower[0m
[36.091s] [100%] Built target safe_airfar_path_follower
[36.102s] Invoked command in '/home/wei/fire_scout_ws/build/fire_scout_planning_safe' returned '0': AMENT_PREFIX_PATH=/home/wei/fire_scout_ws/install/px4_msgs:${AMENT_PREFIX_PATH} CMAKE_PREFIX_PATH=/home/wei/fire_scout_ws/install/px4_msgs:/opt/ros/humble LD_LIBRARY_PATH=/home/wei/fire_scout_ws/install/px4_msgs/lib:${LD_LIBRARY_PATH} PYTHONPATH=/home/wei/fire_scout_ws/install/px4_msgs/local/lib/python3.10/dist-packages:${PYTHONPATH} /usr/bin/cmake --build /home/wei/fire_scout_ws/build/fire_scout_planning_safe -- -j32 -l32
[36.104s] Invoking command in '/home/wei/fire_scout_ws/build/fire_scout_planning_safe': AMENT_PREFIX_PATH=/home/wei/fire_scout_ws/install/px4_msgs:${AMENT_PREFIX_PATH} CMAKE_PREFIX_PATH=/home/wei/fire_scout_ws/install/px4_msgs:/opt/ros/humble LD_LIBRARY_PATH=/home/wei/fire_scout_ws/install/px4_msgs/lib:${LD_LIBRARY_PATH} PYTHONPATH=/home/wei/fire_scout_ws/install/px4_msgs/local/lib/python3.10/dist-packages:${PYTHONPATH} /usr/bin/cmake --install /home/wei/fire_scout_ws/build/fire_scout_planning_safe
[36.110s] -- Install configuration: "Release"
[36.110s] -- Up-to-date: /home/wei/fire_scout_ws/install/fire_scout_planning_safe/lib/fire_scout_planning_safe/radar_free_space_mapper
[36.110s] -- Up-to-date: /home/wei/fire_scout_ws/install/fire_scout_planning_safe/lib/fire_scout_planning_safe/multi_uav_map_fusion
[36.110s] -- Installing: /home/wei/fire_scout_ws/install/fire_scout_planning_safe/lib/fire_scout_planning_safe/racer_task_allocator
[36.113s] -- Set runtime path of "/home/wei/fire_scout_ws/install/fire_scout_planning_safe/lib/fire_scout_planning_safe/racer_task_allocator" to ""
[36.113s] -- Installing: /home/wei/fire_scout_ws/install/fire_scout_planning_safe/lib/fire_scout_planning_safe/safe_airfar_like_planner
[36.116s] -- Set runtime path of "/home/wei/fire_scout_ws/install/fire_scout_planning_safe/lib/fire_scout_planning_safe/safe_airfar_like_planner" to ""
[36.116s] -- Installing: /home/wei/fire_scout_ws/install/fire_scout_planning_safe/lib/fire_scout_planning_safe/safe_airfar_path_follower
[36.119s] -- Set runtime path of "/home/wei/fire_scout_ws/install/fire_scout_planning_safe/lib/fire_scout_planning_safe/safe_airfar_path_follower" to ""
[36.119s] -- Up-to-date: /home/wei/fire_scout_ws/install/fire_scout_planning_safe/lib/fire_scout_planning_safe/passage_coordinator
[36.119s] -- Installing: /home/wei/fire_scout_ws/install/fire_scout_planning_safe/lib/fire_scout_planning_safe/fire_scout_light_logger.py
[36.119s] -- Up-to-date: /home/wei/fire_scout_ws/install/fire_scout_planning_safe/lib/fire_scout_planning_safe/collect_fire_scout_logs.sh
[36.119s] -- Installing: /home/wei/fire_scout_ws/install/fire_scout_planning_safe/lib/fire_scout_planning_safe/install_fire_scout_planning_safe.sh
[36.119s] -- Up-to-date: /home/wei/fire_scout_ws/install/fire_scout_planning_safe/share/fire_scout_planning_safe/launch
[36.120s] -- Up-to-date: /home/wei/fire_scout_ws/install/fire_scout_planning_safe/share/fire_scout_planning_safe/launch/safe_airfar_planner_only.launch.py
[36.120s] -- Up-to-date: /home/wei/fire_scout_ws/install/fire_scout_planning_safe/share/fire_scout_planning_safe/launch/multi_racer_navigation.launch.py
[36.120s] -- Up-to-date: /home/wei/fire_scout_ws/install/fire_scout_planning_safe/share/fire_scout_planning_safe/launch/multi_map_fusion.launch.py
[36.120s] -- Up-to-date: /home/wei/fire_scout_ws/install/fire_scout_planning_safe/share/fire_scout_planning_safe/launch/multi_safe_airfar_planner_only.launch.py
[36.120s] -- Up-to-date: /home/wei/fire_scout_ws/install/fire_scout_planning_safe/share/fire_scout_planning_safe/launch/multi_safe_airfar_navigation.launch.py
[36.120s] -- Up-to-date: /home/wei/fire_scout_ws/install/fire_scout_planning_safe/share/fire_scout_planning_safe/launch/safe_airfar_navigation.launch.py
[36.120s] -- Up-to-date: /home/wei/fire_scout_ws/install/fire_scout_planning_safe/share/fire_scout_planning_safe/config
[36.120s] -- Installing: /home/wei/fire_scout_ws/install/fire_scout_planning_safe/share/fire_scout_planning_safe/config/safe_airfar.yaml
[36.120s] -- Up-to-date: /home/wei/fire_scout_ws/install/fire_scout_planning_safe/share/fire_scout_planning_safe/docs
[36.120s] -- Up-to-date: /home/wei/fire_scout_ws/install/fire_scout_planning_safe/share/fire_scout_planning_safe/docs/V2_0_GUIDE_ZH.md
[36.120s] -- Up-to-date: /home/wei/fire_scout_ws/install/fire_scout_planning_safe/share/fire_scout_planning_safe/docs/V22_STARTUP_SPREAD_ZH.md
[36.120s] -- Up-to-date: /home/wei/fire_scout_ws/install/fire_scout_planning_safe/share/fire_scout_planning_safe/docs/V2_0_VALIDATION.txt
[36.120s] -- Installing: /home/wei/fire_scout_ws/install/fire_scout_planning_safe/share/fire_scout_planning_safe/docs/V2_0_1_VALIDATION.txt
[36.120s] -- Up-to-date: /home/wei/fire_scout_ws/install/fire_scout_planning_safe/share/fire_scout_planning_safe/docs/V21_PEER_DEADLOCK_AND_SCALED_WORLD_ZH.md
[36.120s] -- Up-to-date: /home/wei/fire_scout_ws/install/fire_scout_planning_safe/share/fire_scout_planning_safe/docs/V19_1_SONAR_MEMORY_FIX_ZH.md
[36.120s] -- Installing: /home/wei/fire_scout_ws/install/fire_scout_planning_safe/share/fire_scout_planning_safe/docs/V2_0_1_GUIDE_ZH.md
[36.120s] -- Up-to-date: /home/wei/fire_scout_ws/install/fire_scout_planning_safe/share/fire_scout_planning_safe/docs/LOG_COLLECTION_ZH.md
[36.120s] -- Up-to-date: /home/wei/fire_scout_ws/install/fire_scout_planning_safe/share/fire_scout_planning_safe/docs/V19_INCREMENTAL_ROUTE_REPAIR_ZH.md
[36.120s] -- Up-to-date: /home/wei/fire_scout_ws/install/fire_scout_planning_safe/share/fire_scout_planning_safe/docs/RACER_TASK_ALLOCATION_ZH.md
[36.121s] -- Up-to-date: /home/wei/fire_scout_ws/install/fire_scout_planning_safe/share/fire_scout_planning_safe/docs/V20_PEER_SAFETY_AND_ROUTE_CONTINUITY_ZH.md
[36.121s] -- Installing: /home/wei/fire_scout_ws/install/fire_scout_planning_safe/share/fire_scout_planning_safe/README.md
[36.121s] -- Up-to-date: /home/wei/fire_scout_ws/install/fire_scout_planning_safe/include
[36.121s] -- Up-to-date: /home/wei/fire_scout_ws/install/fire_scout_planning_safe/include/fire_scout
[36.121s] -- Up-to-date: /home/wei/fire_scout_ws/install/fire_scout_planning_safe/include/fire_scout/envelope_escape.hpp
[36.121s] -- Up-to-date: /home/wei/fire_scout_ws/install/fire_scout_planning_safe/include/fire_scout/visibility_memory.hpp
[36.121s] -- Installing: /home/wei/fire_scout_ws/install/fire_scout_planning_safe/include/fire_scout/route_candidates.hpp
[36.121s] -- Up-to-date: /home/wei/fire_scout_ws/install/fire_scout_planning_safe/include/fire_scout/gap_policy.hpp
[36.121s] -- Up-to-date: /home/wei/fire_scout_ws/install/fire_scout_planning_safe/include/fire_scout/racer_task_allocator.hpp
[36.121s] -- Up-to-date: /home/wei/fire_scout_ws/install/fire_scout_planning_safe/include/fire_scout/autonomous_recovery.hpp
[36.121s] -- Installing: /home/wei/fire_scout_ws/install/fire_scout_planning_safe/include/fire_scout/tracker.hpp
[36.121s] -- Up-to-date: /home/wei/fire_scout_ws/install/fire_scout_planning_safe/include/fire_scout/route_repair.hpp
[36.121s] -- Up-to-date: /home/wei/fire_scout_ws/install/fire_scout_planning_safe/include/fire_scout/input_freshness.hpp
[36.121s] -- Up-to-date: /home/wei/fire_scout_ws/install/fire_scout_planning_safe/include/fire_scout/observation_gate.hpp
[36.121s] -- Up-to-date: /home/wei/fire_scout_ws/install/fire_scout_planning_safe/include/fire_scout/glass_risk.hpp
[36.121s] -- Up-to-date: /home/wei/fire_scout_ws/install/fire_scout_planning_safe/include/fire_scout/route_switch.hpp
[36.121s] -- Installing: /home/wei/fire_scout_ws/install/fire_scout_planning_safe/include/fire_scout/route_topology.hpp
[36.121s] -- Up-to-date: /home/wei/fire_scout_ws/install/fire_scout_planning_safe/include/fire_scout/px4_command_clock.hpp
[36.121s] -- Up-to-date: /home/wei/fire_scout_ws/install/fire_scout_planning_safe/include/fire_scout/peer_uav_filter.hpp
[36.121s] -- Up-to-date: /home/wei/fire_scout_ws/install/fire_scout_planning_safe/include/fire_scout/ros_utils.hpp
[36.121s] -- Up-to-date: /home/wei/fire_scout_ws/install/fire_scout_planning_safe/include/fire_scout/map_pair_buffer.hpp
[36.121s] -- Up-to-date: /home/wei/fire_scout_ws/install/fire_scout_planning_safe/include/fire_scout/px4_topics.hpp
[36.121s] -- Up-to-date: /home/wei/fire_scout_ws/install/fire_scout_planning_safe/include/fire_scout/peer_safety.hpp
[36.121s] -- Up-to-date: /home/wei/fire_scout_ws/install/fire_scout_planning_safe/include/fire_scout/goal_approach.hpp
[36.121s] -- Up-to-date: /home/wei/fire_scout_ws/install/fire_scout_planning_safe/include/fire_scout/hold_safety.hpp
[36.121s] -- Up-to-date: /home/wei/fire_scout_ws/install/fire_scout_planning_safe/include/fire_scout/ultrasonic.hpp
[36.122s] -- Up-to-date: /home/wei/fire_scout_ws/install/fire_scout_planning_safe/include/fire_scout/planner.hpp
[36.122s] -- Up-to-date: /home/wei/fire_scout_ws/install/fire_scout_planning_safe/include/fire_scout/directional_motion.hpp
[36.122s] -- Up-to-date: /home/wei/fire_scout_ws/install/fire_scout_planning_safe/include/fire_scout/route_memory.hpp
[36.122s] -- Up-to-date: /home/wei/fire_scout_ws/install/fire_scout_planning_safe/include/fire_scout/local_recovery.hpp
[36.122s] -- Installing: /home/wei/fire_scout_ws/install/fire_scout_planning_safe/include/fire_scout/timed_trajectory.hpp
[36.122s] -- Up-to-date: /home/wei/fire_scout_ws/install/fire_scout_planning_safe/include/fire_scout/snapshot_stamp.hpp
[36.122s] -- Up-to-date: /home/wei/fire_scout_ws/install/fire_scout_planning_safe/include/fire_scout/vehicle.hpp
[36.122s] -- Up-to-date: /home/wei/fire_scout_ws/install/fire_scout_planning_safe/include/fire_scout/confidence_fusion.hpp
[36.122s] -- Up-to-date: /home/wei/fire_scout_ws/install/fire_scout_planning_safe/include/fire_scout/geometry.hpp
[36.122s] -- Up-to-date: /home/wei/fire_scout_ws/install/fire_scout_planning_safe/include/fire_scout/retreat_route.hpp
[36.122s] -- Up-to-date: /home/wei/fire_scout_ws/install/fire_scout_planning_safe/include/fire_scout/bspline.hpp
[36.122s] -- Up-to-date: /home/wei/fire_scout_ws/install/fire_scout_planning_safe/include/fire_scout/grid.hpp
[36.123s] -- Up-to-date: /home/wei/fire_scout_ws/install/fire_scout_planning_safe/include/fire_scout/passage_scheduler.hpp
[36.123s] -- Up-to-date: /home/wei/fire_scout_ws/install/fire_scout_planning_safe/include/fire_scout/pose_history.hpp
[36.123s] -- Up-to-date: /home/wei/fire_scout_ws/install/fire_scout_planning_safe/include/fire_scout/navigation_contract.hpp
[36.123s] -- Up-to-date: /home/wei/fire_scout_ws/install/fire_scout_planning_safe/share/ament_index/resource_index/package_run_dependencies/fire_scout_planning_safe
[36.123s] -- Up-to-date: /home/wei/fire_scout_ws/install/fire_scout_planning_safe/share/ament_index/resource_index/parent_prefix_path/fire_scout_planning_safe
[36.123s] -- Up-to-date: /home/wei/fire_scout_ws/install/fire_scout_planning_safe/share/fire_scout_planning_safe/environment/ament_prefix_path.sh
[36.124s] -- Installing: /home/wei/fire_scout_ws/install/fire_scout_planning_safe/share/fire_scout_planning_safe/environment/ament_prefix_path.dsv
[36.124s] -- Up-to-date: /home/wei/fire_scout_ws/install/fire_scout_planning_safe/share/fire_scout_planning_safe/environment/path.sh
[36.124s] -- Installing: /home/wei/fire_scout_ws/install/fire_scout_planning_safe/share/fire_scout_planning_safe/environment/path.dsv
[36.124s] -- Up-to-date: /home/wei/fire_scout_ws/install/fire_scout_planning_safe/share/fire_scout_planning_safe/local_setup.bash
[36.124s] -- Up-to-date: /home/wei/fire_scout_ws/install/fire_scout_planning_safe/share/fire_scout_planning_safe/local_setup.sh
[36.124s] -- Up-to-date: /home/wei/fire_scout_ws/install/fire_scout_planning_safe/share/fire_scout_planning_safe/local_setup.zsh
[36.124s] -- Installing: /home/wei/fire_scout_ws/install/fire_scout_planning_safe/share/fire_scout_planning_safe/local_setup.dsv
[36.124s] -- Installing: /home/wei/fire_scout_ws/install/fire_scout_planning_safe/share/fire_scout_planning_safe/package.dsv
[36.124s] -- Up-to-date: /home/wei/fire_scout_ws/install/fire_scout_planning_safe/share/ament_index/resource_index/packages/fire_scout_planning_safe
[36.124s] -- Installing: /home/wei/fire_scout_ws/install/fire_scout_planning_safe/share/fire_scout_planning_safe/cmake/fire_scout_planning_safeConfig.cmake
[36.124s] -- Installing: /home/wei/fire_scout_ws/install/fire_scout_planning_safe/share/fire_scout_planning_safe/cmake/fire_scout_planning_safeConfig-version.cmake
[36.124s] -- Installing: /home/wei/fire_scout_ws/install/fire_scout_planning_safe/share/fire_scout_planning_safe/package.xml
[36.124s] Invoked command in '/home/wei/fire_scout_ws/build/fire_scout_planning_safe' returned '0': AMENT_PREFIX_PATH=/home/wei/fire_scout_ws/install/px4_msgs:${AMENT_PREFIX_PATH} CMAKE_PREFIX_PATH=/home/wei/fire_scout_ws/install/px4_msgs:/opt/ros/humble LD_LIBRARY_PATH=/home/wei/fire_scout_ws/install/px4_msgs/lib:${LD_LIBRARY_PATH} PYTHONPATH=/home/wei/fire_scout_ws/install/px4_msgs/local/lib/python3.10/dist-packages:${PYTHONPATH} /usr/bin/cmake --install /home/wei/fire_scout_ws/build/fire_scout_planning_safe
