[0.014s] Invoking command in '/home/wei/fire_scout_ws/build/fire_scout_mapping': AMENT_PREFIX_PATH=/home/wei/fire_scout_ws/install/fire_scout_planning_safe:/home/wei/fire_scout_ws/install/px4_msgs:${AMENT_PREFIX_PATH} CMAKE_PREFIX_PATH=/home/wei/fire_scout_ws/install/fire_scout_planning_safe:/home/wei/fire_scout_ws/install/px4_msgs:/opt/ros/humble LD_LIBRARY_PATH=/home/wei/fire_scout_ws/install/px4_msgs/lib:${LD_LIBRARY_PATH} PYTHONPATH=/home/wei/fire_scout_ws/install/px4_msgs/local/lib/python3.10/dist-packages:${PYTHONPATH} /usr/bin/cmake /home/wei/fire_scout_ws/src/fire_scout_mapping -DCMAKE_INSTALL_PREFIX=/home/wei/fire_scout_ws/install/fire_scout_mapping
[0.087s] -- The C compiler identification is GNU 11.4.0
[0.130s] -- The CXX compiler identification is GNU 11.4.0
[0.137s] -- Detecting C compiler ABI info
[0.230s] -- Detecting C compiler ABI info - done
[0.240s] -- Check for working C compiler: /usr/bin/cc - skipped
[0.240s] -- Detecting C compile features
[0.240s] -- Detecting C compile features - done
[0.242s] -- Detecting CXX compiler ABI info
[0.321s] -- Detecting CXX compiler ABI info - done
[0.326s] -- Check for working CXX compiler: /usr/bin/c++ - skipped
[0.327s] -- Detecting CXX compile features
[0.327s] -- Detecting CXX compile features - done
[0.329s] -- Found ament_cmake: 1.3.14 (/opt/ros/humble/share/ament_cmake/cmake)
[0.461s] -- Found Python3: /usr/bin/python3 (found version "3.10.12") found components: Interpreter 
[0.525s] -- Found rclcpp: 16.0.19 (/opt/ros/humble/share/rclcpp/cmake)
[0.564s] -- Found rosidl_generator_c: 3.1.8 (/opt/ros/humble/share/rosidl_generator_c/cmake)
[0.567s] -- Found rosidl_adapter: 3.1.8 (/opt/ros/humble/share/rosidl_adapter/cmake)
[0.573s] -- Found rosidl_generator_cpp: 3.1.8 (/opt/ros/humble/share/rosidl_generator_cpp/cmake)
[0.582s] -- Using all available rosidl_typesupport_c: rosidl_typesupport_fastrtps_c;rosidl_typesupport_introspection_c
[0.594s] -- Using all available rosidl_typesupport_cpp: rosidl_typesupport_fastrtps_cpp;rosidl_typesupport_introspection_cpp
[0.622s] -- Found rmw_implementation_cmake: 6.1.2 (/opt/ros/humble/share/rmw_implementation_cmake/cmake)
[0.624s] -- Found rmw_cyclonedds_cpp: 1.3.4 (/opt/ros/humble/share/rmw_cyclonedds_cpp/cmake)
[0.638s] -- Using RMW implementation 'rmw_cyclonedds_cpp' as default
[0.643s] -- Looking for pthread.h
[0.726s] -- Looking for pthread.h - found
[0.726s] -- Performing Test CMAKE_HAVE_LIBC_PTHREAD
[0.816s] -- Performing Test CMAKE_HAVE_LIBC_PTHREAD - Success
[0.817s] -- Found Threads: TRUE  
[0.861s] -- Found sensor_msgs: 4.9.1 (/opt/ros/humble/share/sensor_msgs/cmake)
[0.882s] -- Found tf2: 0.25.22 (/opt/ros/humble/share/tf2/cmake)
[0.888s] -- Found tf2_ros: 0.25.22 (/opt/ros/humble/share/tf2_ros/cmake)
[0.948s] -- Found tf2_sensor_msgs: 0.25.22 (/opt/ros/humble/share/tf2_sensor_msgs/cmake)
[1.004s] -- Configuring done
[1.012s] -- Generating done
[1.015s] -- Build files have been written to: /home/wei/fire_scout_ws/build/fire_scout_mapping
[1.021s] Invoked command in '/home/wei/fire_scout_ws/build/fire_scout_mapping' returned '0': AMENT_PREFIX_PATH=/home/wei/fire_scout_ws/install/fire_scout_planning_safe:/home/wei/fire_scout_ws/install/px4_msgs:${AMENT_PREFIX_PATH} CMAKE_PREFIX_PATH=/home/wei/fire_scout_ws/install/fire_scout_planning_safe:/home/wei/fire_scout_ws/install/px4_msgs:/opt/ros/humble LD_LIBRARY_PATH=/home/wei/fire_scout_ws/install/px4_msgs/lib:${LD_LIBRARY_PATH} PYTHONPATH=/home/wei/fire_scout_ws/install/px4_msgs/local/lib/python3.10/dist-packages:${PYTHONPATH} /usr/bin/cmake /home/wei/fire_scout_ws/src/fire_scout_mapping -DCMAKE_INSTALL_PREFIX=/home/wei/fire_scout_ws/install/fire_scout_mapping
[1.022s] Invoking command in '/home/wei/fire_scout_ws/build/fire_scout_mapping': AMENT_PREFIX_PATH=/home/wei/fire_scout_ws/install/fire_scout_planning_safe:/home/wei/fire_scout_ws/install/px4_msgs:${AMENT_PREFIX_PATH} CMAKE_PREFIX_PATH=/home/wei/fire_scout_ws/install/fire_scout_planning_safe:/home/wei/fire_scout_ws/install/px4_msgs:/opt/ros/humble LD_LIBRARY_PATH=/home/wei/fire_scout_ws/install/px4_msgs/lib:${LD_LIBRARY_PATH} PYTHONPATH=/home/wei/fire_scout_ws/install/px4_msgs/local/lib/python3.10/dist-packages:${PYTHONPATH} /usr/bin/cmake --build /home/wei/fire_scout_ws/build/fire_scout_mapping -- -j32 -l32
[1.082s] [ 50%] [32mBuilding CXX object CMakeFiles/radar_map_builder.dir/src/radar_map_builder.cpp.o[0m
[7.691s] [100%] [32m[1mLinking CXX executable radar_map_builder[0m
[8.013s] [100%] Built target radar_map_builder
[8.022s] Invoked command in '/home/wei/fire_scout_ws/build/fire_scout_mapping' returned '0': AMENT_PREFIX_PATH=/home/wei/fire_scout_ws/install/fire_scout_planning_safe:/home/wei/fire_scout_ws/install/px4_msgs:${AMENT_PREFIX_PATH} CMAKE_PREFIX_PATH=/home/wei/fire_scout_ws/install/fire_scout_planning_safe:/home/wei/fire_scout_ws/install/px4_msgs:/opt/ros/humble LD_LIBRARY_PATH=/home/wei/fire_scout_ws/install/px4_msgs/lib:${LD_LIBRARY_PATH} PYTHONPATH=/home/wei/fire_scout_ws/install/px4_msgs/local/lib/python3.10/dist-packages:${PYTHONPATH} /usr/bin/cmake --build /home/wei/fire_scout_ws/build/fire_scout_mapping -- -j32 -l32
[8.024s] Invoking command in '/home/wei/fire_scout_ws/build/fire_scout_mapping': AMENT_PREFIX_PATH=/home/wei/fire_scout_ws/install/fire_scout_planning_safe:/home/wei/fire_scout_ws/install/px4_msgs:${AMENT_PREFIX_PATH} CMAKE_PREFIX_PATH=/home/wei/fire_scout_ws/install/fire_scout_planning_safe:/home/wei/fire_scout_ws/install/px4_msgs:/opt/ros/humble LD_LIBRARY_PATH=/home/wei/fire_scout_ws/install/px4_msgs/lib:${LD_LIBRARY_PATH} PYTHONPATH=/home/wei/fire_scout_ws/install/px4_msgs/local/lib/python3.10/dist-packages:${PYTHONPATH} /usr/bin/cmake --install /home/wei/fire_scout_ws/build/fire_scout_mapping
[8.034s] -- Install configuration: ""
[8.034s] -- Installing: /home/wei/fire_scout_ws/install/fire_scout_mapping/lib/fire_scout_mapping/radar_map_builder
[8.037s] -- Set runtime path of "/home/wei/fire_scout_ws/install/fire_scout_mapping/lib/fire_scout_mapping/radar_map_builder" to ""
[8.037s] -- Installing: /home/wei/fire_scout_ws/install/fire_scout_mapping/share/fire_scout_mapping/launch
[8.037s] -- Installing: /home/wei/fire_scout_ws/install/fire_scout_mapping/share/fire_scout_mapping/launch/planning_map.launch.py
[8.037s] -- Installing: /home/wei/fire_scout_ws/install/fire_scout_mapping/share/fire_scout_mapping/launch/radar_mapping.launch.py
[8.037s] -- Installing: /home/wei/fire_scout_ws/install/fire_scout_mapping/share/ament_index/resource_index/package_run_dependencies/fire_scout_mapping
[8.037s] -- Installing: /home/wei/fire_scout_ws/install/fire_scout_mapping/share/ament_index/resource_index/parent_prefix_path/fire_scout_mapping
[8.037s] -- Installing: /home/wei/fire_scout_ws/install/fire_scout_mapping/share/fire_scout_mapping/environment/ament_prefix_path.sh
[8.037s] -- Installing: /home/wei/fire_scout_ws/install/fire_scout_mapping/share/fire_scout_mapping/environment/ament_prefix_path.dsv
[8.037s] -- Installing: /home/wei/fire_scout_ws/install/fire_scout_mapping/share/fire_scout_mapping/environment/path.sh
[8.038s] -- Installing: /home/wei/fire_scout_ws/install/fire_scout_mapping/share/fire_scout_mapping/environment/path.dsv
[8.038s] -- Installing: /home/wei/fire_scout_ws/install/fire_scout_mapping/share/fire_scout_mapping/local_setup.bash
[8.038s] -- Installing: /home/wei/fire_scout_ws/install/fire_scout_mapping/share/fire_scout_mapping/local_setup.sh
[8.038s] -- Installing: /home/wei/fire_scout_ws/install/fire_scout_mapping/share/fire_scout_mapping/local_setup.zsh
[8.038s] -- Installing: /home/wei/fire_scout_ws/install/fire_scout_mapping/share/fire_scout_mapping/local_setup.dsv
[8.038s] -- Installing: /home/wei/fire_scout_ws/install/fire_scout_mapping/share/fire_scout_mapping/package.dsv
[8.038s] -- Installing: /home/wei/fire_scout_ws/install/fire_scout_mapping/share/ament_index/resource_index/packages/fire_scout_mapping
[8.038s] -- Installing: /home/wei/fire_scout_ws/install/fire_scout_mapping/share/fire_scout_mapping/cmake/fire_scout_mappingConfig.cmake
[8.038s] -- Installing: /home/wei/fire_scout_ws/install/fire_scout_mapping/share/fire_scout_mapping/cmake/fire_scout_mappingConfig-version.cmake
[8.038s] -- Installing: /home/wei/fire_scout_ws/install/fire_scout_mapping/share/fire_scout_mapping/package.xml
[8.039s] Invoked command in '/home/wei/fire_scout_ws/build/fire_scout_mapping' returned '0': AMENT_PREFIX_PATH=/home/wei/fire_scout_ws/install/fire_scout_planning_safe:/home/wei/fire_scout_ws/install/px4_msgs:${AMENT_PREFIX_PATH} CMAKE_PREFIX_PATH=/home/wei/fire_scout_ws/install/fire_scout_planning_safe:/home/wei/fire_scout_ws/install/px4_msgs:/opt/ros/humble LD_LIBRARY_PATH=/home/wei/fire_scout_ws/install/px4_msgs/lib:${LD_LIBRARY_PATH} PYTHONPATH=/home/wei/fire_scout_ws/install/px4_msgs/local/lib/python3.10/dist-packages:${PYTHONPATH} /usr/bin/cmake --install /home/wei/fire_scout_ws/build/fire_scout_mapping
